ARM GAS  C:\Users\Xuleo\AppData\Local\Temp\cc6n7nnk.s 			page 1


   1              		.cpu cortex-m3
   2              		.arch armv7-m
   3              		.fpu softvfp
   4              		.eabi_attribute 20, 1
   5              		.eabi_attribute 21, 1
   6              		.eabi_attribute 23, 3
   7              		.eabi_attribute 24, 1
   8              		.eabi_attribute 25, 1
   9              		.eabi_attribute 26, 1
  10              		.eabi_attribute 30, 1
  11              		.eabi_attribute 34, 1
  12              		.eabi_attribute 18, 4
  13              		.file	"can.c"
  14              		.text
  15              	.Ltext0:
  16              		.cfi_sections	.debug_frame
  17              		.file 1 "Core/Src/can.c"
  18              		.section	.text.MX_CAN_Init,"ax",%progbits
  19              		.align	1
  20              		.global	MX_CAN_Init
  21              		.syntax unified
  22              		.thumb
  23              		.thumb_func
  25              	MX_CAN_Init:
  26              	.LFB65:
   1:Core/Src/can.c **** /* USER CODE BEGIN Header */
   2:Core/Src/can.c **** /**
   3:Core/Src/can.c ****   ******************************************************************************
   4:Core/Src/can.c ****   * @file    can.c
   5:Core/Src/can.c ****   * @brief   This file provides code for the configuration
   6:Core/Src/can.c ****   *          of the CAN instances.
   7:Core/Src/can.c ****   ******************************************************************************
   8:Core/Src/can.c ****   * @attention
   9:Core/Src/can.c ****   *
  10:Core/Src/can.c ****   * Copyright (c) 2025 STMicroelectronics.
  11:Core/Src/can.c ****   * All rights reserved.
  12:Core/Src/can.c ****   *
  13:Core/Src/can.c ****   * This software is licensed under terms that can be found in the LICENSE file
  14:Core/Src/can.c ****   * in the root directory of this software component.
  15:Core/Src/can.c ****   * If no LICENSE file comes with this software, it is provided AS-IS.
  16:Core/Src/can.c ****   *
  17:Core/Src/can.c ****   ******************************************************************************
  18:Core/Src/can.c ****   */
  19:Core/Src/can.c **** /* USER CODE END Header */
  20:Core/Src/can.c **** /* Includes ------------------------------------------------------------------*/
  21:Core/Src/can.c **** #include "can.h"
  22:Core/Src/can.c **** 
  23:Core/Src/can.c **** /* USER CODE BEGIN 0 */
  24:Core/Src/can.c **** 
  25:Core/Src/can.c **** /* USER CODE END 0 */
  26:Core/Src/can.c **** 
  27:Core/Src/can.c **** CAN_HandleTypeDef hcan;
  28:Core/Src/can.c **** 
  29:Core/Src/can.c **** /* CAN init function */
  30:Core/Src/can.c **** void MX_CAN_Init(void)
  31:Core/Src/can.c **** {
  27              		.loc 1 31 1 view -0
ARM GAS  C:\Users\Xuleo\AppData\Local\Temp\cc6n7nnk.s 			page 2


  28              		.cfi_startproc
  29              		@ args = 0, pretend = 0, frame = 0
  30              		@ frame_needed = 0, uses_anonymous_args = 0
  31 0000 08B5     		push	{r3, lr}
  32              	.LCFI0:
  33              		.cfi_def_cfa_offset 8
  34              		.cfi_offset 3, -8
  35              		.cfi_offset 14, -4
  32:Core/Src/can.c **** 
  33:Core/Src/can.c ****   /* USER CODE BEGIN CAN_Init 0 */
  34:Core/Src/can.c **** 
  35:Core/Src/can.c ****   /* USER CODE END CAN_Init 0 */
  36:Core/Src/can.c **** 
  37:Core/Src/can.c ****   /* USER CODE BEGIN CAN_Init 1 */
  38:Core/Src/can.c **** 
  39:Core/Src/can.c ****   /* USER CODE END CAN_Init 1 */
  40:Core/Src/can.c ****   hcan.Instance = CAN1;
  36              		.loc 1 40 3 view .LVU1
  37              		.loc 1 40 17 is_stmt 0 view .LVU2
  38 0002 0E48     		ldr	r0, .L5
  39 0004 0E4B     		ldr	r3, .L5+4
  40 0006 0360     		str	r3, [r0]
  41:Core/Src/can.c ****   hcan.Init.Prescaler = 3;
  41              		.loc 1 41 3 is_stmt 1 view .LVU3
  42              		.loc 1 41 23 is_stmt 0 view .LVU4
  43 0008 0323     		movs	r3, #3
  44 000a 4360     		str	r3, [r0, #4]
  42:Core/Src/can.c ****   hcan.Init.Mode = CAN_MODE_NORMAL;
  45              		.loc 1 42 3 is_stmt 1 view .LVU5
  46              		.loc 1 42 18 is_stmt 0 view .LVU6
  47 000c 0023     		movs	r3, #0
  48 000e 8360     		str	r3, [r0, #8]
  43:Core/Src/can.c ****   hcan.Init.SyncJumpWidth = CAN_SJW_1TQ;
  49              		.loc 1 43 3 is_stmt 1 view .LVU7
  50              		.loc 1 43 27 is_stmt 0 view .LVU8
  51 0010 C360     		str	r3, [r0, #12]
  44:Core/Src/can.c ****   hcan.Init.TimeSeg1 = CAN_BS1_8TQ;
  52              		.loc 1 44 3 is_stmt 1 view .LVU9
  53              		.loc 1 44 22 is_stmt 0 view .LVU10
  54 0012 4FF4E022 		mov	r2, #458752
  55 0016 0261     		str	r2, [r0, #16]
  45:Core/Src/can.c ****   hcan.Init.TimeSeg2 = CAN_BS2_3TQ;
  56              		.loc 1 45 3 is_stmt 1 view .LVU11
  57              		.loc 1 45 22 is_stmt 0 view .LVU12
  58 0018 4FF40012 		mov	r2, #2097152
  59 001c 4261     		str	r2, [r0, #20]
  46:Core/Src/can.c ****   hcan.Init.TimeTriggeredMode = DISABLE;
  60              		.loc 1 46 3 is_stmt 1 view .LVU13
  61              		.loc 1 46 31 is_stmt 0 view .LVU14
  62 001e 0376     		strb	r3, [r0, #24]
  47:Core/Src/can.c ****   hcan.Init.AutoBusOff = ENABLE;
  63              		.loc 1 47 3 is_stmt 1 view .LVU15
  64              		.loc 1 47 24 is_stmt 0 view .LVU16
  65 0020 0122     		movs	r2, #1
  66 0022 4276     		strb	r2, [r0, #25]
  48:Core/Src/can.c ****   hcan.Init.AutoWakeUp = DISABLE;
  67              		.loc 1 48 3 is_stmt 1 view .LVU17
ARM GAS  C:\Users\Xuleo\AppData\Local\Temp\cc6n7nnk.s 			page 3


  68              		.loc 1 48 24 is_stmt 0 view .LVU18
  69 0024 8376     		strb	r3, [r0, #26]
  49:Core/Src/can.c ****   hcan.Init.AutoRetransmission = ENABLE;
  70              		.loc 1 49 3 is_stmt 1 view .LVU19
  71              		.loc 1 49 32 is_stmt 0 view .LVU20
  72 0026 C276     		strb	r2, [r0, #27]
  50:Core/Src/can.c ****   hcan.Init.ReceiveFifoLocked = DISABLE;
  73              		.loc 1 50 3 is_stmt 1 view .LVU21
  74              		.loc 1 50 31 is_stmt 0 view .LVU22
  75 0028 0377     		strb	r3, [r0, #28]
  51:Core/Src/can.c ****   hcan.Init.TransmitFifoPriority = DISABLE;
  76              		.loc 1 51 3 is_stmt 1 view .LVU23
  77              		.loc 1 51 34 is_stmt 0 view .LVU24
  78 002a 4377     		strb	r3, [r0, #29]
  52:Core/Src/can.c ****   if (HAL_CAN_Init(&hcan) != HAL_OK)
  79              		.loc 1 52 3 is_stmt 1 view .LVU25
  80              		.loc 1 52 7 is_stmt 0 view .LVU26
  81 002c FFF7FEFF 		bl	HAL_CAN_Init
  82              	.LVL0:
  83              		.loc 1 52 6 discriminator 1 view .LVU27
  84 0030 00B9     		cbnz	r0, .L4
  85              	.L1:
  53:Core/Src/can.c ****   {
  54:Core/Src/can.c ****     Error_Handler();
  55:Core/Src/can.c ****   }
  56:Core/Src/can.c ****   /* USER CODE BEGIN CAN_Init 2 */
  57:Core/Src/can.c **** 
  58:Core/Src/can.c ****   /* USER CODE END CAN_Init 2 */
  59:Core/Src/can.c **** 
  60:Core/Src/can.c **** }
  86              		.loc 1 60 1 view .LVU28
  87 0032 08BD     		pop	{r3, pc}
  88              	.L4:
  54:Core/Src/can.c ****   }
  89              		.loc 1 54 5 is_stmt 1 view .LVU29
  90 0034 FFF7FEFF 		bl	Error_Handler
  91              	.LVL1:
  92              		.loc 1 60 1 is_stmt 0 view .LVU30
  93 0038 FBE7     		b	.L1
  94              	.L6:
  95 003a 00BF     		.align	2
  96              	.L5:
  97 003c 00000000 		.word	hcan
  98 0040 00640040 		.word	1073767424
  99              		.cfi_endproc
 100              	.LFE65:
 102              		.section	.text.HAL_CAN_MspInit,"ax",%progbits
 103              		.align	1
 104              		.global	HAL_CAN_MspInit
 105              		.syntax unified
 106              		.thumb
 107              		.thumb_func
 109              	HAL_CAN_MspInit:
 110              	.LVL2:
 111              	.LFB66:
  61:Core/Src/can.c **** 
  62:Core/Src/can.c **** void HAL_CAN_MspInit(CAN_HandleTypeDef* canHandle)
ARM GAS  C:\Users\Xuleo\AppData\Local\Temp\cc6n7nnk.s 			page 4


  63:Core/Src/can.c **** {
 112              		.loc 1 63 1 is_stmt 1 view -0
 113              		.cfi_startproc
 114              		@ args = 0, pretend = 0, frame = 24
 115              		@ frame_needed = 0, uses_anonymous_args = 0
 116              		.loc 1 63 1 is_stmt 0 view .LVU32
 117 0000 00B5     		push	{lr}
 118              	.LCFI1:
 119              		.cfi_def_cfa_offset 4
 120              		.cfi_offset 14, -4
 121 0002 87B0     		sub	sp, sp, #28
 122              	.LCFI2:
 123              		.cfi_def_cfa_offset 32
  64:Core/Src/can.c **** 
  65:Core/Src/can.c ****   GPIO_InitTypeDef GPIO_InitStruct = {0};
 124              		.loc 1 65 3 is_stmt 1 view .LVU33
 125              		.loc 1 65 20 is_stmt 0 view .LVU34
 126 0004 0023     		movs	r3, #0
 127 0006 0293     		str	r3, [sp, #8]
 128 0008 0393     		str	r3, [sp, #12]
 129 000a 0493     		str	r3, [sp, #16]
 130 000c 0593     		str	r3, [sp, #20]
  66:Core/Src/can.c ****   if(canHandle->Instance==CAN1)
 131              		.loc 1 66 3 is_stmt 1 view .LVU35
 132              		.loc 1 66 15 is_stmt 0 view .LVU36
 133 000e 0268     		ldr	r2, [r0]
 134              		.loc 1 66 5 view .LVU37
 135 0010 214B     		ldr	r3, .L11
 136 0012 9A42     		cmp	r2, r3
 137 0014 01D0     		beq	.L10
 138              	.LVL3:
 139              	.L7:
  67:Core/Src/can.c ****   {
  68:Core/Src/can.c ****   /* USER CODE BEGIN CAN1_MspInit 0 */
  69:Core/Src/can.c **** 
  70:Core/Src/can.c ****   /* USER CODE END CAN1_MspInit 0 */
  71:Core/Src/can.c ****     /* CAN1 clock enable */
  72:Core/Src/can.c ****     __HAL_RCC_CAN1_CLK_ENABLE();
  73:Core/Src/can.c **** 
  74:Core/Src/can.c ****     __HAL_RCC_GPIOA_CLK_ENABLE();
  75:Core/Src/can.c ****     /**CAN GPIO Configuration
  76:Core/Src/can.c ****     PA11     ------> CAN_RX
  77:Core/Src/can.c ****     PA12     ------> CAN_TX
  78:Core/Src/can.c ****     */
  79:Core/Src/can.c ****     GPIO_InitStruct.Pin = GPIO_PIN_11;
  80:Core/Src/can.c ****     GPIO_InitStruct.Mode = GPIO_MODE_INPUT;
  81:Core/Src/can.c ****     GPIO_InitStruct.Pull = GPIO_NOPULL;
  82:Core/Src/can.c ****     HAL_GPIO_Init(GPIOA, &GPIO_InitStruct);
  83:Core/Src/can.c **** 
  84:Core/Src/can.c ****     GPIO_InitStruct.Pin = GPIO_PIN_12;
  85:Core/Src/can.c ****     GPIO_InitStruct.Mode = GPIO_MODE_AF_PP;
  86:Core/Src/can.c ****     GPIO_InitStruct.Speed = GPIO_SPEED_FREQ_HIGH;
  87:Core/Src/can.c ****     HAL_GPIO_Init(GPIOA, &GPIO_InitStruct);
  88:Core/Src/can.c **** 
  89:Core/Src/can.c ****     /* CAN1 interrupt Init */
  90:Core/Src/can.c ****     HAL_NVIC_SetPriority(USB_HP_CAN1_TX_IRQn, 0, 0);
  91:Core/Src/can.c ****     HAL_NVIC_EnableIRQ(USB_HP_CAN1_TX_IRQn);
ARM GAS  C:\Users\Xuleo\AppData\Local\Temp\cc6n7nnk.s 			page 5


  92:Core/Src/can.c ****     HAL_NVIC_SetPriority(USB_LP_CAN1_RX0_IRQn, 0, 0);
  93:Core/Src/can.c ****     HAL_NVIC_EnableIRQ(USB_LP_CAN1_RX0_IRQn);
  94:Core/Src/can.c ****     HAL_NVIC_SetPriority(CAN1_RX1_IRQn, 0, 0);
  95:Core/Src/can.c ****     HAL_NVIC_EnableIRQ(CAN1_RX1_IRQn);
  96:Core/Src/can.c ****   /* USER CODE BEGIN CAN1_MspInit 1 */
  97:Core/Src/can.c **** 
  98:Core/Src/can.c ****   /* USER CODE END CAN1_MspInit 1 */
  99:Core/Src/can.c ****   }
 100:Core/Src/can.c **** }
 140              		.loc 1 100 1 view .LVU38
 141 0016 07B0     		add	sp, sp, #28
 142              	.LCFI3:
 143              		.cfi_remember_state
 144              		.cfi_def_cfa_offset 4
 145              		@ sp needed
 146 0018 00BD     		pop	{pc}
 147              	.LVL4:
 148              	.L10:
 149              	.LCFI4:
 150              		.cfi_restore_state
  72:Core/Src/can.c **** 
 151              		.loc 1 72 5 is_stmt 1 view .LVU39
 152              	.LBB2:
  72:Core/Src/can.c **** 
 153              		.loc 1 72 5 view .LVU40
  72:Core/Src/can.c **** 
 154              		.loc 1 72 5 view .LVU41
 155 001a 03F5D633 		add	r3, r3, #109568
 156 001e DA69     		ldr	r2, [r3, #28]
 157 0020 42F00072 		orr	r2, r2, #33554432
 158 0024 DA61     		str	r2, [r3, #28]
  72:Core/Src/can.c **** 
 159              		.loc 1 72 5 view .LVU42
 160 0026 DA69     		ldr	r2, [r3, #28]
 161 0028 02F00072 		and	r2, r2, #33554432
 162 002c 0092     		str	r2, [sp]
  72:Core/Src/can.c **** 
 163              		.loc 1 72 5 view .LVU43
 164 002e 009A     		ldr	r2, [sp]
 165              	.LBE2:
  72:Core/Src/can.c **** 
 166              		.loc 1 72 5 view .LVU44
  74:Core/Src/can.c ****     /**CAN GPIO Configuration
 167              		.loc 1 74 5 view .LVU45
 168              	.LBB3:
  74:Core/Src/can.c ****     /**CAN GPIO Configuration
 169              		.loc 1 74 5 view .LVU46
  74:Core/Src/can.c ****     /**CAN GPIO Configuration
 170              		.loc 1 74 5 view .LVU47
 171 0030 9A69     		ldr	r2, [r3, #24]
 172 0032 42F00402 		orr	r2, r2, #4
 173 0036 9A61     		str	r2, [r3, #24]
  74:Core/Src/can.c ****     /**CAN GPIO Configuration
 174              		.loc 1 74 5 view .LVU48
 175 0038 9B69     		ldr	r3, [r3, #24]
 176 003a 03F00403 		and	r3, r3, #4
 177 003e 0193     		str	r3, [sp, #4]
ARM GAS  C:\Users\Xuleo\AppData\Local\Temp\cc6n7nnk.s 			page 6


  74:Core/Src/can.c ****     /**CAN GPIO Configuration
 178              		.loc 1 74 5 view .LVU49
 179 0040 019B     		ldr	r3, [sp, #4]
 180              	.LBE3:
  74:Core/Src/can.c ****     /**CAN GPIO Configuration
 181              		.loc 1 74 5 view .LVU50
  79:Core/Src/can.c ****     GPIO_InitStruct.Mode = GPIO_MODE_INPUT;
 182              		.loc 1 79 5 view .LVU51
  79:Core/Src/can.c ****     GPIO_InitStruct.Mode = GPIO_MODE_INPUT;
 183              		.loc 1 79 25 is_stmt 0 view .LVU52
 184 0042 4FF40063 		mov	r3, #2048
 185 0046 0293     		str	r3, [sp, #8]
  80:Core/Src/can.c ****     GPIO_InitStruct.Pull = GPIO_NOPULL;
 186              		.loc 1 80 5 is_stmt 1 view .LVU53
  81:Core/Src/can.c ****     HAL_GPIO_Init(GPIOA, &GPIO_InitStruct);
 187              		.loc 1 81 5 view .LVU54
  82:Core/Src/can.c **** 
 188              		.loc 1 82 5 view .LVU55
 189 0048 02A9     		add	r1, sp, #8
 190 004a 1448     		ldr	r0, .L11+4
 191              	.LVL5:
  82:Core/Src/can.c **** 
 192              		.loc 1 82 5 is_stmt 0 view .LVU56
 193 004c FFF7FEFF 		bl	HAL_GPIO_Init
 194              	.LVL6:
  84:Core/Src/can.c ****     GPIO_InitStruct.Mode = GPIO_MODE_AF_PP;
 195              		.loc 1 84 5 is_stmt 1 view .LVU57
  84:Core/Src/can.c ****     GPIO_InitStruct.Mode = GPIO_MODE_AF_PP;
 196              		.loc 1 84 25 is_stmt 0 view .LVU58
 197 0050 4FF48053 		mov	r3, #4096
 198 0054 0293     		str	r3, [sp, #8]
  85:Core/Src/can.c ****     GPIO_InitStruct.Speed = GPIO_SPEED_FREQ_HIGH;
 199              		.loc 1 85 5 is_stmt 1 view .LVU59
  85:Core/Src/can.c ****     GPIO_InitStruct.Speed = GPIO_SPEED_FREQ_HIGH;
 200              		.loc 1 85 26 is_stmt 0 view .LVU60
 201 0056 0223     		movs	r3, #2
 202 0058 0393     		str	r3, [sp, #12]
  86:Core/Src/can.c ****     HAL_GPIO_Init(GPIOA, &GPIO_InitStruct);
 203              		.loc 1 86 5 is_stmt 1 view .LVU61
  86:Core/Src/can.c ****     HAL_GPIO_Init(GPIOA, &GPIO_InitStruct);
 204              		.loc 1 86 27 is_stmt 0 view .LVU62
 205 005a 0323     		movs	r3, #3
 206 005c 0593     		str	r3, [sp, #20]
  87:Core/Src/can.c **** 
 207              		.loc 1 87 5 is_stmt 1 view .LVU63
 208 005e 02A9     		add	r1, sp, #8
 209 0060 0E48     		ldr	r0, .L11+4
 210 0062 FFF7FEFF 		bl	HAL_GPIO_Init
 211              	.LVL7:
  90:Core/Src/can.c ****     HAL_NVIC_EnableIRQ(USB_HP_CAN1_TX_IRQn);
 212              		.loc 1 90 5 view .LVU64
 213 0066 0022     		movs	r2, #0
 214 0068 1146     		mov	r1, r2
 215 006a 1320     		movs	r0, #19
 216 006c FFF7FEFF 		bl	HAL_NVIC_SetPriority
 217              	.LVL8:
  91:Core/Src/can.c ****     HAL_NVIC_SetPriority(USB_LP_CAN1_RX0_IRQn, 0, 0);
ARM GAS  C:\Users\Xuleo\AppData\Local\Temp\cc6n7nnk.s 			page 7


 218              		.loc 1 91 5 view .LVU65
 219 0070 1320     		movs	r0, #19
 220 0072 FFF7FEFF 		bl	HAL_NVIC_EnableIRQ
 221              	.LVL9:
  92:Core/Src/can.c ****     HAL_NVIC_EnableIRQ(USB_LP_CAN1_RX0_IRQn);
 222              		.loc 1 92 5 view .LVU66
 223 0076 0022     		movs	r2, #0
 224 0078 1146     		mov	r1, r2
 225 007a 1420     		movs	r0, #20
 226 007c FFF7FEFF 		bl	HAL_NVIC_SetPriority
 227              	.LVL10:
  93:Core/Src/can.c ****     HAL_NVIC_SetPriority(CAN1_RX1_IRQn, 0, 0);
 228              		.loc 1 93 5 view .LVU67
 229 0080 1420     		movs	r0, #20
 230 0082 FFF7FEFF 		bl	HAL_NVIC_EnableIRQ
 231              	.LVL11:
  94:Core/Src/can.c ****     HAL_NVIC_EnableIRQ(CAN1_RX1_IRQn);
 232              		.loc 1 94 5 view .LVU68
 233 0086 0022     		movs	r2, #0
 234 0088 1146     		mov	r1, r2
 235 008a 1520     		movs	r0, #21
 236 008c FFF7FEFF 		bl	HAL_NVIC_SetPriority
 237              	.LVL12:
  95:Core/Src/can.c ****   /* USER CODE BEGIN CAN1_MspInit 1 */
 238              		.loc 1 95 5 view .LVU69
 239 0090 1520     		movs	r0, #21
 240 0092 FFF7FEFF 		bl	HAL_NVIC_EnableIRQ
 241              	.LVL13:
 242              		.loc 1 100 1 is_stmt 0 view .LVU70
 243 0096 BEE7     		b	.L7
 244              	.L12:
 245              		.align	2
 246              	.L11:
 247 0098 00640040 		.word	1073767424
 248 009c 00080140 		.word	1073809408
 249              		.cfi_endproc
 250              	.LFE66:
 252              		.section	.text.HAL_CAN_MspDeInit,"ax",%progbits
 253              		.align	1
 254              		.global	HAL_CAN_MspDeInit
 255              		.syntax unified
 256              		.thumb
 257              		.thumb_func
 259              	HAL_CAN_MspDeInit:
 260              	.LVL14:
 261              	.LFB67:
 101:Core/Src/can.c **** 
 102:Core/Src/can.c **** void HAL_CAN_MspDeInit(CAN_HandleTypeDef* canHandle)
 103:Core/Src/can.c **** {
 262              		.loc 1 103 1 is_stmt 1 view -0
 263              		.cfi_startproc
 264              		@ args = 0, pretend = 0, frame = 0
 265              		@ frame_needed = 0, uses_anonymous_args = 0
 266              		.loc 1 103 1 is_stmt 0 view .LVU72
 267 0000 08B5     		push	{r3, lr}
 268              	.LCFI5:
 269              		.cfi_def_cfa_offset 8
ARM GAS  C:\Users\Xuleo\AppData\Local\Temp\cc6n7nnk.s 			page 8


 270              		.cfi_offset 3, -8
 271              		.cfi_offset 14, -4
 104:Core/Src/can.c **** 
 105:Core/Src/can.c ****   if(canHandle->Instance==CAN1)
 272              		.loc 1 105 3 is_stmt 1 view .LVU73
 273              		.loc 1 105 15 is_stmt 0 view .LVU74
 274 0002 0268     		ldr	r2, [r0]
 275              		.loc 1 105 5 view .LVU75
 276 0004 0B4B     		ldr	r3, .L17
 277 0006 9A42     		cmp	r2, r3
 278 0008 00D0     		beq	.L16
 279              	.LVL15:
 280              	.L13:
 106:Core/Src/can.c ****   {
 107:Core/Src/can.c ****   /* USER CODE BEGIN CAN1_MspDeInit 0 */
 108:Core/Src/can.c **** 
 109:Core/Src/can.c ****   /* USER CODE END CAN1_MspDeInit 0 */
 110:Core/Src/can.c ****     /* Peripheral clock disable */
 111:Core/Src/can.c ****     __HAL_RCC_CAN1_CLK_DISABLE();
 112:Core/Src/can.c **** 
 113:Core/Src/can.c ****     /**CAN GPIO Configuration
 114:Core/Src/can.c ****     PA11     ------> CAN_RX
 115:Core/Src/can.c ****     PA12     ------> CAN_TX
 116:Core/Src/can.c ****     */
 117:Core/Src/can.c ****     HAL_GPIO_DeInit(GPIOA, GPIO_PIN_11|GPIO_PIN_12);
 118:Core/Src/can.c **** 
 119:Core/Src/can.c ****     /* CAN1 interrupt Deinit */
 120:Core/Src/can.c ****     HAL_NVIC_DisableIRQ(USB_HP_CAN1_TX_IRQn);
 121:Core/Src/can.c ****     HAL_NVIC_DisableIRQ(USB_LP_CAN1_RX0_IRQn);
 122:Core/Src/can.c ****     HAL_NVIC_DisableIRQ(CAN1_RX1_IRQn);
 123:Core/Src/can.c ****   /* USER CODE BEGIN CAN1_MspDeInit 1 */
 124:Core/Src/can.c **** 
 125:Core/Src/can.c ****   /* USER CODE END CAN1_MspDeInit 1 */
 126:Core/Src/can.c ****   }
 127:Core/Src/can.c **** }
 281              		.loc 1 127 1 view .LVU76
 282 000a 08BD     		pop	{r3, pc}
 283              	.LVL16:
 284              	.L16:
 111:Core/Src/can.c **** 
 285              		.loc 1 111 5 is_stmt 1 view .LVU77
 286 000c 0A4A     		ldr	r2, .L17+4
 287 000e D369     		ldr	r3, [r2, #28]
 288 0010 23F00073 		bic	r3, r3, #33554432
 289 0014 D361     		str	r3, [r2, #28]
 117:Core/Src/can.c **** 
 290              		.loc 1 117 5 view .LVU78
 291 0016 4FF4C051 		mov	r1, #6144
 292 001a 0848     		ldr	r0, .L17+8
 293              	.LVL17:
 117:Core/Src/can.c **** 
 294              		.loc 1 117 5 is_stmt 0 view .LVU79
 295 001c FFF7FEFF 		bl	HAL_GPIO_DeInit
 296              	.LVL18:
 120:Core/Src/can.c ****     HAL_NVIC_DisableIRQ(USB_LP_CAN1_RX0_IRQn);
 297              		.loc 1 120 5 is_stmt 1 view .LVU80
 298 0020 1320     		movs	r0, #19
ARM GAS  C:\Users\Xuleo\AppData\Local\Temp\cc6n7nnk.s 			page 9


 299 0022 FFF7FEFF 		bl	HAL_NVIC_DisableIRQ
 300              	.LVL19:
 121:Core/Src/can.c ****     HAL_NVIC_DisableIRQ(CAN1_RX1_IRQn);
 301              		.loc 1 121 5 view .LVU81
 302 0026 1420     		movs	r0, #20
 303 0028 FFF7FEFF 		bl	HAL_NVIC_DisableIRQ
 304              	.LVL20:
 122:Core/Src/can.c ****   /* USER CODE BEGIN CAN1_MspDeInit 1 */
 305              		.loc 1 122 5 view .LVU82
 306 002c 1520     		movs	r0, #21
 307 002e FFF7FEFF 		bl	HAL_NVIC_DisableIRQ
 308              	.LVL21:
 309              		.loc 1 127 1 is_stmt 0 view .LVU83
 310 0032 EAE7     		b	.L13
 311              	.L18:
 312              		.align	2
 313              	.L17:
 314 0034 00640040 		.word	1073767424
 315 0038 00100240 		.word	1073876992
 316 003c 00080140 		.word	1073809408
 317              		.cfi_endproc
 318              	.LFE67:
 320              		.global	hcan
 321              		.section	.bss.hcan,"aw",%nobits
 322              		.align	2
 325              	hcan:
 326 0000 00000000 		.space	40
 326      00000000 
 326      00000000 
 326      00000000 
 326      00000000 
 327              		.text
 328              	.Letext0:
 329              		.file 2 "Drivers/CMSIS/Device/ST/STM32F1xx/Include/stm32f103xb.h"
 330              		.file 3 "C:/thirdpartyLibs/arm-gnu-toolchain-15.2/arm-none-eabi/include/machine/_default_types.h"
 331              		.file 4 "C:/thirdpartyLibs/arm-gnu-toolchain-15.2/arm-none-eabi/include/sys/_stdint.h"
 332              		.file 5 "Drivers/CMSIS/Device/ST/STM32F1xx/Include/stm32f1xx.h"
 333              		.file 6 "Drivers/STM32F1xx_HAL_Driver/Inc/stm32f1xx_hal_def.h"
 334              		.file 7 "Drivers/STM32F1xx_HAL_Driver/Inc/stm32f1xx_hal_gpio.h"
 335              		.file 8 "Drivers/STM32F1xx_HAL_Driver/Inc/stm32f1xx_hal_can.h"
 336              		.file 9 "Drivers/STM32F1xx_HAL_Driver/Inc/stm32f1xx_hal_cortex.h"
 337              		.file 10 "Core/Inc/can.h"
 338              		.file 11 "Core/Inc/main.h"
ARM GAS  C:\Users\Xuleo\AppData\Local\Temp\cc6n7nnk.s 			page 10


DEFINED SYMBOLS
                            *ABS*:00000000 can.c
C:\Users\Xuleo\AppData\Local\Temp\cc6n7nnk.s:19     .text.MX_CAN_Init:00000000 $t
C:\Users\Xuleo\AppData\Local\Temp\cc6n7nnk.s:25     .text.MX_CAN_Init:00000000 MX_CAN_Init
C:\Users\Xuleo\AppData\Local\Temp\cc6n7nnk.s:97     .text.MX_CAN_Init:0000003c $d
C:\Users\Xuleo\AppData\Local\Temp\cc6n7nnk.s:325    .bss.hcan:00000000 hcan
C:\Users\Xuleo\AppData\Local\Temp\cc6n7nnk.s:103    .text.HAL_CAN_MspInit:00000000 $t
C:\Users\Xuleo\AppData\Local\Temp\cc6n7nnk.s:109    .text.HAL_CAN_MspInit:00000000 HAL_CAN_MspInit
C:\Users\Xuleo\AppData\Local\Temp\cc6n7nnk.s:247    .text.HAL_CAN_MspInit:00000098 $d
C:\Users\Xuleo\AppData\Local\Temp\cc6n7nnk.s:253    .text.HAL_CAN_MspDeInit:00000000 $t
C:\Users\Xuleo\AppData\Local\Temp\cc6n7nnk.s:259    .text.HAL_CAN_MspDeInit:00000000 HAL_CAN_MspDeInit
C:\Users\Xuleo\AppData\Local\Temp\cc6n7nnk.s:314    .text.HAL_CAN_MspDeInit:00000034 $d
C:\Users\Xuleo\AppData\Local\Temp\cc6n7nnk.s:322    .bss.hcan:00000000 $d

UNDEFINED SYMBOLS
HAL_CAN_Init
Error_Handler
HAL_GPIO_Init
HAL_NVIC_SetPriority
HAL_NVIC_EnableIRQ
HAL_GPIO_DeInit
HAL_NVIC_DisableIRQ
