ARM GAS  C:\Users\Xuleo\AppData\Local\Temp\ccmNCeQf.s 			page 1


   1              		.cpu cortex-m3
   2              		.arch armv7-m
   3              		.fpu softvfp
   4              		.eabi_attribute 20, 1
   5              		.eabi_attribute 21, 1
   6              		.eabi_attribute 23, 3
   7              		.eabi_attribute 24, 1
   8              		.eabi_attribute 25, 1
   9              		.eabi_attribute 26, 1
  10              		.eabi_attribute 30, 1
  11              		.eabi_attribute 34, 1
  12              		.eabi_attribute 18, 4
  13              		.file	"main.c"
  14              		.text
  15              	.Ltext0:
  16              		.cfi_sections	.debug_frame
  17              		.file 1 "Core/Src/main.c"
  18              		.section	.text.Error_Handler,"ax",%progbits
  19              		.align	1
  20              		.global	Error_Handler
  21              		.syntax unified
  22              		.thumb
  23              		.thumb_func
  25              	Error_Handler:
  26              	.LFB67:
   1:Core/Src/main.c **** /* USER CODE BEGIN Header */
   2:Core/Src/main.c **** /**
   3:Core/Src/main.c ****   ******************************************************************************
   4:Core/Src/main.c ****   * @file           : main.c
   5:Core/Src/main.c ****   * @brief          : Main program body
   6:Core/Src/main.c ****   ******************************************************************************
   7:Core/Src/main.c ****   * @attention
   8:Core/Src/main.c ****   *
   9:Core/Src/main.c ****   * Copyright (c) 2025 STMicroelectronics.
  10:Core/Src/main.c ****   * All rights reserved.
  11:Core/Src/main.c ****   *
  12:Core/Src/main.c ****   * This software is licensed under terms that can be found in the LICENSE file
  13:Core/Src/main.c ****   * in the root directory of this software component.
  14:Core/Src/main.c ****   * If no LICENSE file comes with this software, it is provided AS-IS.
  15:Core/Src/main.c ****   *
  16:Core/Src/main.c ****   ******************************************************************************
  17:Core/Src/main.c ****   */
  18:Core/Src/main.c **** /* USER CODE END Header */
  19:Core/Src/main.c **** /* Includes ------------------------------------------------------------------*/
  20:Core/Src/main.c **** #include "main.h"
  21:Core/Src/main.c **** #include "adc.h"
  22:Core/Src/main.c **** #include "can.h"
  23:Core/Src/main.c **** #include "dma.h"
  24:Core/Src/main.c **** #include "tim.h"
  25:Core/Src/main.c **** #include "usart.h"
  26:Core/Src/main.c **** #include "gpio.h"
  27:Core/Src/main.c **** 
  28:Core/Src/main.c **** /* Private includes ----------------------------------------------------------*/
  29:Core/Src/main.c **** /* USER CODE BEGIN Includes */
  30:Core/Src/main.c **** #include "application.h"
  31:Core/Src/main.c **** /* USER CODE END Includes */
  32:Core/Src/main.c **** 
ARM GAS  C:\Users\Xuleo\AppData\Local\Temp\ccmNCeQf.s 			page 2


  33:Core/Src/main.c **** /* Private typedef -----------------------------------------------------------*/
  34:Core/Src/main.c **** /* USER CODE BEGIN PTD */
  35:Core/Src/main.c **** 
  36:Core/Src/main.c **** /* USER CODE END PTD */
  37:Core/Src/main.c **** 
  38:Core/Src/main.c **** /* Private define ------------------------------------------------------------*/
  39:Core/Src/main.c **** /* USER CODE BEGIN PD */
  40:Core/Src/main.c **** 
  41:Core/Src/main.c **** /* USER CODE END PD */
  42:Core/Src/main.c **** 
  43:Core/Src/main.c **** /* Private macro -------------------------------------------------------------*/
  44:Core/Src/main.c **** /* USER CODE BEGIN PM */
  45:Core/Src/main.c **** 
  46:Core/Src/main.c **** /* USER CODE END PM */
  47:Core/Src/main.c **** 
  48:Core/Src/main.c **** /* Private variables ---------------------------------------------------------*/
  49:Core/Src/main.c **** 
  50:Core/Src/main.c **** /* USER CODE BEGIN PV */
  51:Core/Src/main.c **** 
  52:Core/Src/main.c **** /* USER CODE END PV */
  53:Core/Src/main.c **** 
  54:Core/Src/main.c **** /* Private function prototypes -----------------------------------------------*/
  55:Core/Src/main.c **** void SystemClock_Config(void);
  56:Core/Src/main.c **** /* USER CODE BEGIN PFP */
  57:Core/Src/main.c **** 
  58:Core/Src/main.c **** /* USER CODE END PFP */
  59:Core/Src/main.c **** 
  60:Core/Src/main.c **** /* Private user code ---------------------------------------------------------*/
  61:Core/Src/main.c **** /* USER CODE BEGIN 0 */
  62:Core/Src/main.c **** // #define Vref_CAL *VREFINT_CAL_ADDR
  63:Core/Src/main.c **** /* USER CODE END 0 */
  64:Core/Src/main.c **** 
  65:Core/Src/main.c **** /**
  66:Core/Src/main.c ****   * @brief  The application entry point.
  67:Core/Src/main.c ****   * @retval int
  68:Core/Src/main.c ****   */
  69:Core/Src/main.c **** int main(void)
  70:Core/Src/main.c **** {
  71:Core/Src/main.c **** 
  72:Core/Src/main.c ****   /* USER CODE BEGIN 1 */
  73:Core/Src/main.c **** 
  74:Core/Src/main.c ****   /* USER CODE END 1 */
  75:Core/Src/main.c **** 
  76:Core/Src/main.c ****   /* MCU Configuration--------------------------------------------------------*/
  77:Core/Src/main.c **** 
  78:Core/Src/main.c ****   /* Reset of all peripherals, Initializes the Flash interface and the Systick. */
  79:Core/Src/main.c ****   HAL_Init();
  80:Core/Src/main.c **** 
  81:Core/Src/main.c ****   /* USER CODE BEGIN Init */
  82:Core/Src/main.c **** 
  83:Core/Src/main.c ****   /* USER CODE END Init */
  84:Core/Src/main.c **** 
  85:Core/Src/main.c ****   /* Configure the system clock */
  86:Core/Src/main.c ****   SystemClock_Config();
  87:Core/Src/main.c **** 
  88:Core/Src/main.c ****   /* USER CODE BEGIN SysInit */
  89:Core/Src/main.c **** 
ARM GAS  C:\Users\Xuleo\AppData\Local\Temp\ccmNCeQf.s 			page 3


  90:Core/Src/main.c ****   /* USER CODE END SysInit */
  91:Core/Src/main.c **** 
  92:Core/Src/main.c ****   /* Initialize all configured peripherals */
  93:Core/Src/main.c ****   MX_GPIO_Init();
  94:Core/Src/main.c ****   MX_DMA_Init();
  95:Core/Src/main.c ****   MX_ADC1_Init();
  96:Core/Src/main.c ****   MX_CAN_Init();
  97:Core/Src/main.c ****   MX_USART1_UART_Init();
  98:Core/Src/main.c ****   MX_TIM1_Init();
  99:Core/Src/main.c ****   /* USER CODE BEGIN 2 */
 100:Core/Src/main.c ****   controller_init();
 101:Core/Src/main.c ****   HAL_TIM_Base_Start_IT(&htim1);
 102:Core/Src/main.c ****   // begin ADC:
 103:Core/Src/main.c ****   HAL_ADCEx_Calibration_Start(&hadc1);
 104:Core/Src/main.c ****   HAL_ADC_Start_DMA(&hadc1, (uint32_t*)adc1_buffer, 3);
 105:Core/Src/main.c **** 
 106:Core/Src/main.c **** 
 107:Core/Src/main.c ****   /* USER CODE END 2 */
 108:Core/Src/main.c **** 
 109:Core/Src/main.c ****   /* Infinite loop */
 110:Core/Src/main.c ****   /* USER CODE BEGIN WHILE */
 111:Core/Src/main.c ****   while (1)
 112:Core/Src/main.c ****   {
 113:Core/Src/main.c ****     HAL_GPIO_WritePin(GPIOC, GPIO_PIN_13, GPIO_PIN_SET);
 114:Core/Src/main.c ****     /* USER CODE END WHILE */
 115:Core/Src/main.c **** 
 116:Core/Src/main.c ****     /* USER CODE BEGIN 3 */
 117:Core/Src/main.c ****   }
 118:Core/Src/main.c ****   /* USER CODE END 3 */
 119:Core/Src/main.c **** }
 120:Core/Src/main.c **** 
 121:Core/Src/main.c **** /**
 122:Core/Src/main.c ****   * @brief System Clock Configuration
 123:Core/Src/main.c ****   * @retval None
 124:Core/Src/main.c ****   */
 125:Core/Src/main.c **** void SystemClock_Config(void)
 126:Core/Src/main.c **** {
 127:Core/Src/main.c ****   RCC_OscInitTypeDef RCC_OscInitStruct = {0};
 128:Core/Src/main.c ****   RCC_ClkInitTypeDef RCC_ClkInitStruct = {0};
 129:Core/Src/main.c ****   RCC_PeriphCLKInitTypeDef PeriphClkInit = {0};
 130:Core/Src/main.c **** 
 131:Core/Src/main.c ****   /** Initializes the RCC Oscillators according to the specified parameters
 132:Core/Src/main.c ****   * in the RCC_OscInitTypeDef structure.
 133:Core/Src/main.c ****   */
 134:Core/Src/main.c ****   RCC_OscInitStruct.OscillatorType = RCC_OSCILLATORTYPE_HSE;
 135:Core/Src/main.c ****   RCC_OscInitStruct.HSEState = RCC_HSE_ON;
 136:Core/Src/main.c ****   RCC_OscInitStruct.HSEPredivValue = RCC_HSE_PREDIV_DIV1;
 137:Core/Src/main.c ****   RCC_OscInitStruct.HSIState = RCC_HSI_ON;
 138:Core/Src/main.c ****   RCC_OscInitStruct.PLL.PLLState = RCC_PLL_ON;
 139:Core/Src/main.c ****   RCC_OscInitStruct.PLL.PLLSource = RCC_PLLSOURCE_HSE;
 140:Core/Src/main.c ****   RCC_OscInitStruct.PLL.PLLMUL = RCC_PLL_MUL9;
 141:Core/Src/main.c ****   if (HAL_RCC_OscConfig(&RCC_OscInitStruct) != HAL_OK)
 142:Core/Src/main.c ****   {
 143:Core/Src/main.c ****     Error_Handler();
 144:Core/Src/main.c ****   }
 145:Core/Src/main.c **** 
 146:Core/Src/main.c ****   /** Initializes the CPU, AHB and APB buses clocks
ARM GAS  C:\Users\Xuleo\AppData\Local\Temp\ccmNCeQf.s 			page 4


 147:Core/Src/main.c ****   */
 148:Core/Src/main.c ****   RCC_ClkInitStruct.ClockType = RCC_CLOCKTYPE_HCLK|RCC_CLOCKTYPE_SYSCLK
 149:Core/Src/main.c ****                               |RCC_CLOCKTYPE_PCLK1|RCC_CLOCKTYPE_PCLK2;
 150:Core/Src/main.c ****   RCC_ClkInitStruct.SYSCLKSource = RCC_SYSCLKSOURCE_PLLCLK;
 151:Core/Src/main.c ****   RCC_ClkInitStruct.AHBCLKDivider = RCC_SYSCLK_DIV1;
 152:Core/Src/main.c ****   RCC_ClkInitStruct.APB1CLKDivider = RCC_HCLK_DIV2;
 153:Core/Src/main.c ****   RCC_ClkInitStruct.APB2CLKDivider = RCC_HCLK_DIV1;
 154:Core/Src/main.c **** 
 155:Core/Src/main.c ****   if (HAL_RCC_ClockConfig(&RCC_ClkInitStruct, FLASH_LATENCY_2) != HAL_OK)
 156:Core/Src/main.c ****   {
 157:Core/Src/main.c ****     Error_Handler();
 158:Core/Src/main.c ****   }
 159:Core/Src/main.c ****   PeriphClkInit.PeriphClockSelection = RCC_PERIPHCLK_ADC;
 160:Core/Src/main.c ****   PeriphClkInit.AdcClockSelection = RCC_ADCPCLK2_DIV6;
 161:Core/Src/main.c ****   if (HAL_RCCEx_PeriphCLKConfig(&PeriphClkInit) != HAL_OK)
 162:Core/Src/main.c ****   {
 163:Core/Src/main.c ****     Error_Handler();
 164:Core/Src/main.c ****   }
 165:Core/Src/main.c **** }
 166:Core/Src/main.c **** 
 167:Core/Src/main.c **** /* USER CODE BEGIN 4 */
 168:Core/Src/main.c **** 
 169:Core/Src/main.c **** /* USER CODE END 4 */
 170:Core/Src/main.c **** 
 171:Core/Src/main.c **** /**
 172:Core/Src/main.c ****   * @brief  This function is executed in case of error occurrence.
 173:Core/Src/main.c ****   * @retval None
 174:Core/Src/main.c ****   */
 175:Core/Src/main.c **** void Error_Handler(void)
 176:Core/Src/main.c **** {
  27              		.loc 1 176 1 view -0
  28              		.cfi_startproc
  29              		@ Volatile: function does not return.
  30              		@ args = 0, pretend = 0, frame = 0
  31              		@ frame_needed = 0, uses_anonymous_args = 0
  32              		@ link register save eliminated.
 177:Core/Src/main.c ****   /* USER CODE BEGIN Error_Handler_Debug */
 178:Core/Src/main.c ****   /* User can add his own implementation to report the HAL error return state */
 179:Core/Src/main.c ****   __disable_irq();
  33              		.loc 1 179 3 view .LVU1
  34              	.LBB4:
  35              	.LBI4:
  36              		.file 2 "Drivers/CMSIS/Include/cmsis_gcc.h"
   1:Drivers/CMSIS/Include/cmsis_gcc.h **** /**************************************************************************//**
   2:Drivers/CMSIS/Include/cmsis_gcc.h ****  * @file     cmsis_gcc.h
   3:Drivers/CMSIS/Include/cmsis_gcc.h ****  * @brief    CMSIS compiler GCC header file
   4:Drivers/CMSIS/Include/cmsis_gcc.h ****  * @version  V5.0.4
   5:Drivers/CMSIS/Include/cmsis_gcc.h ****  * @date     09. April 2018
   6:Drivers/CMSIS/Include/cmsis_gcc.h ****  ******************************************************************************/
   7:Drivers/CMSIS/Include/cmsis_gcc.h **** /*
   8:Drivers/CMSIS/Include/cmsis_gcc.h ****  * Copyright (c) 2009-2018 Arm Limited. All rights reserved.
   9:Drivers/CMSIS/Include/cmsis_gcc.h ****  *
  10:Drivers/CMSIS/Include/cmsis_gcc.h ****  * SPDX-License-Identifier: Apache-2.0
  11:Drivers/CMSIS/Include/cmsis_gcc.h ****  *
  12:Drivers/CMSIS/Include/cmsis_gcc.h ****  * Licensed under the Apache License, Version 2.0 (the License); you may
  13:Drivers/CMSIS/Include/cmsis_gcc.h ****  * not use this file except in compliance with the License.
  14:Drivers/CMSIS/Include/cmsis_gcc.h ****  * You may obtain a copy of the License at
ARM GAS  C:\Users\Xuleo\AppData\Local\Temp\ccmNCeQf.s 			page 5


  15:Drivers/CMSIS/Include/cmsis_gcc.h ****  *
  16:Drivers/CMSIS/Include/cmsis_gcc.h ****  * www.apache.org/licenses/LICENSE-2.0
  17:Drivers/CMSIS/Include/cmsis_gcc.h ****  *
  18:Drivers/CMSIS/Include/cmsis_gcc.h ****  * Unless required by applicable law or agreed to in writing, software
  19:Drivers/CMSIS/Include/cmsis_gcc.h ****  * distributed under the License is distributed on an AS IS BASIS, WITHOUT
  20:Drivers/CMSIS/Include/cmsis_gcc.h ****  * WARRANTIES OR CONDITIONS OF ANY KIND, either express or implied.
  21:Drivers/CMSIS/Include/cmsis_gcc.h ****  * See the License for the specific language governing permissions and
  22:Drivers/CMSIS/Include/cmsis_gcc.h ****  * limitations under the License.
  23:Drivers/CMSIS/Include/cmsis_gcc.h ****  */
  24:Drivers/CMSIS/Include/cmsis_gcc.h **** 
  25:Drivers/CMSIS/Include/cmsis_gcc.h **** #ifndef __CMSIS_GCC_H
  26:Drivers/CMSIS/Include/cmsis_gcc.h **** #define __CMSIS_GCC_H
  27:Drivers/CMSIS/Include/cmsis_gcc.h **** 
  28:Drivers/CMSIS/Include/cmsis_gcc.h **** /* ignore some GCC warnings */
  29:Drivers/CMSIS/Include/cmsis_gcc.h **** #pragma GCC diagnostic push
  30:Drivers/CMSIS/Include/cmsis_gcc.h **** #pragma GCC diagnostic ignored "-Wsign-conversion"
  31:Drivers/CMSIS/Include/cmsis_gcc.h **** #pragma GCC diagnostic ignored "-Wconversion"
  32:Drivers/CMSIS/Include/cmsis_gcc.h **** #pragma GCC diagnostic ignored "-Wunused-parameter"
  33:Drivers/CMSIS/Include/cmsis_gcc.h **** 
  34:Drivers/CMSIS/Include/cmsis_gcc.h **** /* Fallback for __has_builtin */
  35:Drivers/CMSIS/Include/cmsis_gcc.h **** #ifndef __has_builtin
  36:Drivers/CMSIS/Include/cmsis_gcc.h ****   #define __has_builtin(x) (0)
  37:Drivers/CMSIS/Include/cmsis_gcc.h **** #endif
  38:Drivers/CMSIS/Include/cmsis_gcc.h **** 
  39:Drivers/CMSIS/Include/cmsis_gcc.h **** /* CMSIS compiler specific defines */
  40:Drivers/CMSIS/Include/cmsis_gcc.h **** #ifndef   __ASM
  41:Drivers/CMSIS/Include/cmsis_gcc.h ****   #define __ASM                                  __asm
  42:Drivers/CMSIS/Include/cmsis_gcc.h **** #endif
  43:Drivers/CMSIS/Include/cmsis_gcc.h **** #ifndef   __INLINE
  44:Drivers/CMSIS/Include/cmsis_gcc.h ****   #define __INLINE                               inline
  45:Drivers/CMSIS/Include/cmsis_gcc.h **** #endif
  46:Drivers/CMSIS/Include/cmsis_gcc.h **** #ifndef   __STATIC_INLINE
  47:Drivers/CMSIS/Include/cmsis_gcc.h ****   #define __STATIC_INLINE                        static inline
  48:Drivers/CMSIS/Include/cmsis_gcc.h **** #endif
  49:Drivers/CMSIS/Include/cmsis_gcc.h **** #ifndef   __STATIC_FORCEINLINE                 
  50:Drivers/CMSIS/Include/cmsis_gcc.h ****   #define __STATIC_FORCEINLINE                   __attribute__((always_inline)) static inline
  51:Drivers/CMSIS/Include/cmsis_gcc.h **** #endif                                           
  52:Drivers/CMSIS/Include/cmsis_gcc.h **** #ifndef   __NO_RETURN
  53:Drivers/CMSIS/Include/cmsis_gcc.h ****   #define __NO_RETURN                            __attribute__((__noreturn__))
  54:Drivers/CMSIS/Include/cmsis_gcc.h **** #endif
  55:Drivers/CMSIS/Include/cmsis_gcc.h **** #ifndef   __USED
  56:Drivers/CMSIS/Include/cmsis_gcc.h ****   #define __USED                                 __attribute__((used))
  57:Drivers/CMSIS/Include/cmsis_gcc.h **** #endif
  58:Drivers/CMSIS/Include/cmsis_gcc.h **** #ifndef   __WEAK
  59:Drivers/CMSIS/Include/cmsis_gcc.h ****   #define __WEAK                                 __attribute__((weak))
  60:Drivers/CMSIS/Include/cmsis_gcc.h **** #endif
  61:Drivers/CMSIS/Include/cmsis_gcc.h **** #ifndef   __PACKED
  62:Drivers/CMSIS/Include/cmsis_gcc.h ****   #define __PACKED                               __attribute__((packed, aligned(1)))
  63:Drivers/CMSIS/Include/cmsis_gcc.h **** #endif
  64:Drivers/CMSIS/Include/cmsis_gcc.h **** #ifndef   __PACKED_STRUCT
  65:Drivers/CMSIS/Include/cmsis_gcc.h ****   #define __PACKED_STRUCT                        struct __attribute__((packed, aligned(1)))
  66:Drivers/CMSIS/Include/cmsis_gcc.h **** #endif
  67:Drivers/CMSIS/Include/cmsis_gcc.h **** #ifndef   __PACKED_UNION
  68:Drivers/CMSIS/Include/cmsis_gcc.h ****   #define __PACKED_UNION                         union __attribute__((packed, aligned(1)))
  69:Drivers/CMSIS/Include/cmsis_gcc.h **** #endif
  70:Drivers/CMSIS/Include/cmsis_gcc.h **** #ifndef   __UNALIGNED_UINT32        /* deprecated */
  71:Drivers/CMSIS/Include/cmsis_gcc.h ****   #pragma GCC diagnostic push
ARM GAS  C:\Users\Xuleo\AppData\Local\Temp\ccmNCeQf.s 			page 6


  72:Drivers/CMSIS/Include/cmsis_gcc.h ****   #pragma GCC diagnostic ignored "-Wpacked"
  73:Drivers/CMSIS/Include/cmsis_gcc.h ****   #pragma GCC diagnostic ignored "-Wattributes"
  74:Drivers/CMSIS/Include/cmsis_gcc.h ****   struct __attribute__((packed)) T_UINT32 { uint32_t v; };
  75:Drivers/CMSIS/Include/cmsis_gcc.h ****   #pragma GCC diagnostic pop
  76:Drivers/CMSIS/Include/cmsis_gcc.h ****   #define __UNALIGNED_UINT32(x)                  (((struct T_UINT32 *)(x))->v)
  77:Drivers/CMSIS/Include/cmsis_gcc.h **** #endif
  78:Drivers/CMSIS/Include/cmsis_gcc.h **** #ifndef   __UNALIGNED_UINT16_WRITE
  79:Drivers/CMSIS/Include/cmsis_gcc.h ****   #pragma GCC diagnostic push
  80:Drivers/CMSIS/Include/cmsis_gcc.h ****   #pragma GCC diagnostic ignored "-Wpacked"
  81:Drivers/CMSIS/Include/cmsis_gcc.h ****   #pragma GCC diagnostic ignored "-Wattributes"
  82:Drivers/CMSIS/Include/cmsis_gcc.h ****   __PACKED_STRUCT T_UINT16_WRITE { uint16_t v; };
  83:Drivers/CMSIS/Include/cmsis_gcc.h ****   #pragma GCC diagnostic pop
  84:Drivers/CMSIS/Include/cmsis_gcc.h ****   #define __UNALIGNED_UINT16_WRITE(addr, val)    (void)((((struct T_UINT16_WRITE *)(void *)(addr))-
  85:Drivers/CMSIS/Include/cmsis_gcc.h **** #endif
  86:Drivers/CMSIS/Include/cmsis_gcc.h **** #ifndef   __UNALIGNED_UINT16_READ
  87:Drivers/CMSIS/Include/cmsis_gcc.h ****   #pragma GCC diagnostic push
  88:Drivers/CMSIS/Include/cmsis_gcc.h ****   #pragma GCC diagnostic ignored "-Wpacked"
  89:Drivers/CMSIS/Include/cmsis_gcc.h ****   #pragma GCC diagnostic ignored "-Wattributes"
  90:Drivers/CMSIS/Include/cmsis_gcc.h ****   __PACKED_STRUCT T_UINT16_READ { uint16_t v; };
  91:Drivers/CMSIS/Include/cmsis_gcc.h ****   #pragma GCC diagnostic pop
  92:Drivers/CMSIS/Include/cmsis_gcc.h ****   #define __UNALIGNED_UINT16_READ(addr)          (((const struct T_UINT16_READ *)(const void *)(add
  93:Drivers/CMSIS/Include/cmsis_gcc.h **** #endif
  94:Drivers/CMSIS/Include/cmsis_gcc.h **** #ifndef   __UNALIGNED_UINT32_WRITE
  95:Drivers/CMSIS/Include/cmsis_gcc.h ****   #pragma GCC diagnostic push
  96:Drivers/CMSIS/Include/cmsis_gcc.h ****   #pragma GCC diagnostic ignored "-Wpacked"
  97:Drivers/CMSIS/Include/cmsis_gcc.h ****   #pragma GCC diagnostic ignored "-Wattributes"
  98:Drivers/CMSIS/Include/cmsis_gcc.h ****   __PACKED_STRUCT T_UINT32_WRITE { uint32_t v; };
  99:Drivers/CMSIS/Include/cmsis_gcc.h ****   #pragma GCC diagnostic pop
 100:Drivers/CMSIS/Include/cmsis_gcc.h ****   #define __UNALIGNED_UINT32_WRITE(addr, val)    (void)((((struct T_UINT32_WRITE *)(void *)(addr))-
 101:Drivers/CMSIS/Include/cmsis_gcc.h **** #endif
 102:Drivers/CMSIS/Include/cmsis_gcc.h **** #ifndef   __UNALIGNED_UINT32_READ
 103:Drivers/CMSIS/Include/cmsis_gcc.h ****   #pragma GCC diagnostic push
 104:Drivers/CMSIS/Include/cmsis_gcc.h ****   #pragma GCC diagnostic ignored "-Wpacked"
 105:Drivers/CMSIS/Include/cmsis_gcc.h ****   #pragma GCC diagnostic ignored "-Wattributes"
 106:Drivers/CMSIS/Include/cmsis_gcc.h ****   __PACKED_STRUCT T_UINT32_READ { uint32_t v; };
 107:Drivers/CMSIS/Include/cmsis_gcc.h ****   #pragma GCC diagnostic pop
 108:Drivers/CMSIS/Include/cmsis_gcc.h ****   #define __UNALIGNED_UINT32_READ(addr)          (((const struct T_UINT32_READ *)(const void *)(add
 109:Drivers/CMSIS/Include/cmsis_gcc.h **** #endif
 110:Drivers/CMSIS/Include/cmsis_gcc.h **** #ifndef   __ALIGNED
 111:Drivers/CMSIS/Include/cmsis_gcc.h ****   #define __ALIGNED(x)                           __attribute__((aligned(x)))
 112:Drivers/CMSIS/Include/cmsis_gcc.h **** #endif
 113:Drivers/CMSIS/Include/cmsis_gcc.h **** #ifndef   __RESTRICT
 114:Drivers/CMSIS/Include/cmsis_gcc.h ****   #define __RESTRICT                             __restrict
 115:Drivers/CMSIS/Include/cmsis_gcc.h **** #endif
 116:Drivers/CMSIS/Include/cmsis_gcc.h **** 
 117:Drivers/CMSIS/Include/cmsis_gcc.h **** 
 118:Drivers/CMSIS/Include/cmsis_gcc.h **** /* ###########################  Core Function Access  ########################### */
 119:Drivers/CMSIS/Include/cmsis_gcc.h **** /** \ingroup  CMSIS_Core_FunctionInterface
 120:Drivers/CMSIS/Include/cmsis_gcc.h ****     \defgroup CMSIS_Core_RegAccFunctions CMSIS Core Register Access Functions
 121:Drivers/CMSIS/Include/cmsis_gcc.h ****   @{
 122:Drivers/CMSIS/Include/cmsis_gcc.h ****  */
 123:Drivers/CMSIS/Include/cmsis_gcc.h **** 
 124:Drivers/CMSIS/Include/cmsis_gcc.h **** /**
 125:Drivers/CMSIS/Include/cmsis_gcc.h ****   \brief   Enable IRQ Interrupts
 126:Drivers/CMSIS/Include/cmsis_gcc.h ****   \details Enables IRQ interrupts by clearing the I-bit in the CPSR.
 127:Drivers/CMSIS/Include/cmsis_gcc.h ****            Can only be executed in Privileged modes.
 128:Drivers/CMSIS/Include/cmsis_gcc.h ****  */
ARM GAS  C:\Users\Xuleo\AppData\Local\Temp\ccmNCeQf.s 			page 7


 129:Drivers/CMSIS/Include/cmsis_gcc.h **** __STATIC_FORCEINLINE void __enable_irq(void)
 130:Drivers/CMSIS/Include/cmsis_gcc.h **** {
 131:Drivers/CMSIS/Include/cmsis_gcc.h ****   __ASM volatile ("cpsie i" : : : "memory");
 132:Drivers/CMSIS/Include/cmsis_gcc.h **** }
 133:Drivers/CMSIS/Include/cmsis_gcc.h **** 
 134:Drivers/CMSIS/Include/cmsis_gcc.h **** 
 135:Drivers/CMSIS/Include/cmsis_gcc.h **** /**
 136:Drivers/CMSIS/Include/cmsis_gcc.h ****   \brief   Disable IRQ Interrupts
 137:Drivers/CMSIS/Include/cmsis_gcc.h ****   \details Disables IRQ interrupts by setting the I-bit in the CPSR.
 138:Drivers/CMSIS/Include/cmsis_gcc.h ****            Can only be executed in Privileged modes.
 139:Drivers/CMSIS/Include/cmsis_gcc.h ****  */
 140:Drivers/CMSIS/Include/cmsis_gcc.h **** __STATIC_FORCEINLINE void __disable_irq(void)
  37              		.loc 2 140 27 view .LVU2
  38              	.LBB5:
 141:Drivers/CMSIS/Include/cmsis_gcc.h **** {
 142:Drivers/CMSIS/Include/cmsis_gcc.h ****   __ASM volatile ("cpsid i" : : : "memory");
  39              		.loc 2 142 3 view .LVU3
  40              		.syntax unified
  41              	@ 142 "Drivers/CMSIS/Include/cmsis_gcc.h" 1
  42 0000 72B6     		cpsid i
  43              	@ 0 "" 2
  44              		.thumb
  45              		.syntax unified
  46              	.L2:
  47              	.LBE5:
  48              	.LBE4:
 180:Core/Src/main.c ****   while (1)
  49              		.loc 1 180 3 view .LVU4
 181:Core/Src/main.c ****   {
 182:Core/Src/main.c ****   }
  50              		.loc 1 182 3 view .LVU5
 180:Core/Src/main.c ****   while (1)
  51              		.loc 1 180 9 view .LVU6
  52 0002 FEE7     		b	.L2
  53              		.cfi_endproc
  54              	.LFE67:
  56              		.section	.text.SystemClock_Config,"ax",%progbits
  57              		.align	1
  58              		.global	SystemClock_Config
  59              		.syntax unified
  60              		.thumb
  61              		.thumb_func
  63              	SystemClock_Config:
  64              	.LFB66:
 126:Core/Src/main.c ****   RCC_OscInitTypeDef RCC_OscInitStruct = {0};
  65              		.loc 1 126 1 view -0
  66              		.cfi_startproc
  67              		@ args = 0, pretend = 0, frame = 80
  68              		@ frame_needed = 0, uses_anonymous_args = 0
  69 0000 10B5     		push	{r4, lr}
  70              	.LCFI0:
  71              		.cfi_def_cfa_offset 8
  72              		.cfi_offset 4, -8
  73              		.cfi_offset 14, -4
  74 0002 94B0     		sub	sp, sp, #80
  75              	.LCFI1:
  76              		.cfi_def_cfa_offset 88
ARM GAS  C:\Users\Xuleo\AppData\Local\Temp\ccmNCeQf.s 			page 8


 127:Core/Src/main.c ****   RCC_ClkInitTypeDef RCC_ClkInitStruct = {0};
  77              		.loc 1 127 3 view .LVU8
 127:Core/Src/main.c ****   RCC_ClkInitTypeDef RCC_ClkInitStruct = {0};
  78              		.loc 1 127 22 is_stmt 0 view .LVU9
  79 0004 0AAC     		add	r4, sp, #40
  80 0006 2822     		movs	r2, #40
  81 0008 0021     		movs	r1, #0
  82 000a 2046     		mov	r0, r4
  83 000c FFF7FEFF 		bl	memset
  84              	.LVL0:
 128:Core/Src/main.c ****   RCC_PeriphCLKInitTypeDef PeriphClkInit = {0};
  85              		.loc 1 128 3 is_stmt 1 view .LVU10
 128:Core/Src/main.c ****   RCC_PeriphCLKInitTypeDef PeriphClkInit = {0};
  86              		.loc 1 128 22 is_stmt 0 view .LVU11
  87 0010 0023     		movs	r3, #0
  88 0012 0593     		str	r3, [sp, #20]
  89 0014 0693     		str	r3, [sp, #24]
  90 0016 0793     		str	r3, [sp, #28]
  91 0018 0893     		str	r3, [sp, #32]
  92 001a 0993     		str	r3, [sp, #36]
 129:Core/Src/main.c **** 
  93              		.loc 1 129 3 is_stmt 1 view .LVU12
 129:Core/Src/main.c **** 
  94              		.loc 1 129 28 is_stmt 0 view .LVU13
  95 001c 0193     		str	r3, [sp, #4]
  96 001e 0293     		str	r3, [sp, #8]
  97 0020 0393     		str	r3, [sp, #12]
  98 0022 0493     		str	r3, [sp, #16]
 134:Core/Src/main.c ****   RCC_OscInitStruct.HSEState = RCC_HSE_ON;
  99              		.loc 1 134 3 is_stmt 1 view .LVU14
 134:Core/Src/main.c ****   RCC_OscInitStruct.HSEState = RCC_HSE_ON;
 100              		.loc 1 134 36 is_stmt 0 view .LVU15
 101 0024 0122     		movs	r2, #1
 102 0026 0A92     		str	r2, [sp, #40]
 135:Core/Src/main.c ****   RCC_OscInitStruct.HSEPredivValue = RCC_HSE_PREDIV_DIV1;
 103              		.loc 1 135 3 is_stmt 1 view .LVU16
 135:Core/Src/main.c ****   RCC_OscInitStruct.HSEPredivValue = RCC_HSE_PREDIV_DIV1;
 104              		.loc 1 135 30 is_stmt 0 view .LVU17
 105 0028 4FF48033 		mov	r3, #65536
 106 002c 0B93     		str	r3, [sp, #44]
 136:Core/Src/main.c ****   RCC_OscInitStruct.HSIState = RCC_HSI_ON;
 107              		.loc 1 136 3 is_stmt 1 view .LVU18
 137:Core/Src/main.c ****   RCC_OscInitStruct.PLL.PLLState = RCC_PLL_ON;
 108              		.loc 1 137 3 view .LVU19
 137:Core/Src/main.c ****   RCC_OscInitStruct.PLL.PLLState = RCC_PLL_ON;
 109              		.loc 1 137 30 is_stmt 0 view .LVU20
 110 002e 0E92     		str	r2, [sp, #56]
 138:Core/Src/main.c ****   RCC_OscInitStruct.PLL.PLLSource = RCC_PLLSOURCE_HSE;
 111              		.loc 1 138 3 is_stmt 1 view .LVU21
 138:Core/Src/main.c ****   RCC_OscInitStruct.PLL.PLLSource = RCC_PLLSOURCE_HSE;
 112              		.loc 1 138 34 is_stmt 0 view .LVU22
 113 0030 0222     		movs	r2, #2
 114 0032 1192     		str	r2, [sp, #68]
 139:Core/Src/main.c ****   RCC_OscInitStruct.PLL.PLLMUL = RCC_PLL_MUL9;
 115              		.loc 1 139 3 is_stmt 1 view .LVU23
 139:Core/Src/main.c ****   RCC_OscInitStruct.PLL.PLLMUL = RCC_PLL_MUL9;
 116              		.loc 1 139 35 is_stmt 0 view .LVU24
ARM GAS  C:\Users\Xuleo\AppData\Local\Temp\ccmNCeQf.s 			page 9


 117 0034 1293     		str	r3, [sp, #72]
 140:Core/Src/main.c ****   if (HAL_RCC_OscConfig(&RCC_OscInitStruct) != HAL_OK)
 118              		.loc 1 140 3 is_stmt 1 view .LVU25
 140:Core/Src/main.c ****   if (HAL_RCC_OscConfig(&RCC_OscInitStruct) != HAL_OK)
 119              		.loc 1 140 32 is_stmt 0 view .LVU26
 120 0036 4FF4E013 		mov	r3, #1835008
 121 003a 1393     		str	r3, [sp, #76]
 141:Core/Src/main.c ****   {
 122              		.loc 1 141 3 is_stmt 1 view .LVU27
 141:Core/Src/main.c ****   {
 123              		.loc 1 141 7 is_stmt 0 view .LVU28
 124 003c 2046     		mov	r0, r4
 125 003e FFF7FEFF 		bl	HAL_RCC_OscConfig
 126              	.LVL1:
 141:Core/Src/main.c ****   {
 127              		.loc 1 141 6 discriminator 1 view .LVU29
 128 0042 B8B9     		cbnz	r0, .L8
 148:Core/Src/main.c ****                               |RCC_CLOCKTYPE_PCLK1|RCC_CLOCKTYPE_PCLK2;
 129              		.loc 1 148 3 is_stmt 1 view .LVU30
 148:Core/Src/main.c ****                               |RCC_CLOCKTYPE_PCLK1|RCC_CLOCKTYPE_PCLK2;
 130              		.loc 1 148 31 is_stmt 0 view .LVU31
 131 0044 0F23     		movs	r3, #15
 132 0046 0593     		str	r3, [sp, #20]
 150:Core/Src/main.c ****   RCC_ClkInitStruct.AHBCLKDivider = RCC_SYSCLK_DIV1;
 133              		.loc 1 150 3 is_stmt 1 view .LVU32
 150:Core/Src/main.c ****   RCC_ClkInitStruct.AHBCLKDivider = RCC_SYSCLK_DIV1;
 134              		.loc 1 150 34 is_stmt 0 view .LVU33
 135 0048 0221     		movs	r1, #2
 136 004a 0691     		str	r1, [sp, #24]
 151:Core/Src/main.c ****   RCC_ClkInitStruct.APB1CLKDivider = RCC_HCLK_DIV2;
 137              		.loc 1 151 3 is_stmt 1 view .LVU34
 151:Core/Src/main.c ****   RCC_ClkInitStruct.APB1CLKDivider = RCC_HCLK_DIV2;
 138              		.loc 1 151 35 is_stmt 0 view .LVU35
 139 004c 0790     		str	r0, [sp, #28]
 152:Core/Src/main.c ****   RCC_ClkInitStruct.APB2CLKDivider = RCC_HCLK_DIV1;
 140              		.loc 1 152 3 is_stmt 1 view .LVU36
 152:Core/Src/main.c ****   RCC_ClkInitStruct.APB2CLKDivider = RCC_HCLK_DIV1;
 141              		.loc 1 152 36 is_stmt 0 view .LVU37
 142 004e 4FF48062 		mov	r2, #1024
 143 0052 0892     		str	r2, [sp, #32]
 153:Core/Src/main.c **** 
 144              		.loc 1 153 3 is_stmt 1 view .LVU38
 153:Core/Src/main.c **** 
 145              		.loc 1 153 36 is_stmt 0 view .LVU39
 146 0054 0990     		str	r0, [sp, #36]
 155:Core/Src/main.c ****   {
 147              		.loc 1 155 3 is_stmt 1 view .LVU40
 155:Core/Src/main.c ****   {
 148              		.loc 1 155 7 is_stmt 0 view .LVU41
 149 0056 05A8     		add	r0, sp, #20
 150 0058 FFF7FEFF 		bl	HAL_RCC_ClockConfig
 151              	.LVL2:
 155:Core/Src/main.c ****   {
 152              		.loc 1 155 6 discriminator 1 view .LVU42
 153 005c 60B9     		cbnz	r0, .L9
 159:Core/Src/main.c ****   PeriphClkInit.AdcClockSelection = RCC_ADCPCLK2_DIV6;
 154              		.loc 1 159 3 is_stmt 1 view .LVU43
ARM GAS  C:\Users\Xuleo\AppData\Local\Temp\ccmNCeQf.s 			page 10


 159:Core/Src/main.c ****   PeriphClkInit.AdcClockSelection = RCC_ADCPCLK2_DIV6;
 155              		.loc 1 159 38 is_stmt 0 view .LVU44
 156 005e 0223     		movs	r3, #2
 157 0060 0193     		str	r3, [sp, #4]
 160:Core/Src/main.c ****   if (HAL_RCCEx_PeriphCLKConfig(&PeriphClkInit) != HAL_OK)
 158              		.loc 1 160 3 is_stmt 1 view .LVU45
 160:Core/Src/main.c ****   if (HAL_RCCEx_PeriphCLKConfig(&PeriphClkInit) != HAL_OK)
 159              		.loc 1 160 35 is_stmt 0 view .LVU46
 160 0062 4FF40043 		mov	r3, #32768
 161 0066 0393     		str	r3, [sp, #12]
 161:Core/Src/main.c ****   {
 162              		.loc 1 161 3 is_stmt 1 view .LVU47
 161:Core/Src/main.c ****   {
 163              		.loc 1 161 7 is_stmt 0 view .LVU48
 164 0068 01A8     		add	r0, sp, #4
 165 006a FFF7FEFF 		bl	HAL_RCCEx_PeriphCLKConfig
 166              	.LVL3:
 161:Core/Src/main.c ****   {
 167              		.loc 1 161 6 discriminator 1 view .LVU49
 168 006e 28B9     		cbnz	r0, .L10
 165:Core/Src/main.c **** 
 169              		.loc 1 165 1 view .LVU50
 170 0070 14B0     		add	sp, sp, #80
 171              	.LCFI2:
 172              		.cfi_remember_state
 173              		.cfi_def_cfa_offset 8
 174              		@ sp needed
 175 0072 10BD     		pop	{r4, pc}
 176              	.L8:
 177              	.LCFI3:
 178              		.cfi_restore_state
 143:Core/Src/main.c ****   }
 179              		.loc 1 143 5 is_stmt 1 view .LVU51
 180 0074 FFF7FEFF 		bl	Error_Handler
 181              	.LVL4:
 182              	.L9:
 157:Core/Src/main.c ****   }
 183              		.loc 1 157 5 view .LVU52
 184 0078 FFF7FEFF 		bl	Error_Handler
 185              	.LVL5:
 186              	.L10:
 163:Core/Src/main.c ****   }
 187              		.loc 1 163 5 view .LVU53
 188 007c FFF7FEFF 		bl	Error_Handler
 189              	.LVL6:
 190              		.cfi_endproc
 191              	.LFE66:
 193              		.section	.text.main,"ax",%progbits
 194              		.align	1
 195              		.global	main
 196              		.syntax unified
 197              		.thumb
 198              		.thumb_func
 200              	main:
 201              	.LFB65:
  70:Core/Src/main.c **** 
 202              		.loc 1 70 1 view -0
ARM GAS  C:\Users\Xuleo\AppData\Local\Temp\ccmNCeQf.s 			page 11


 203              		.cfi_startproc
 204              		@ Volatile: function does not return.
 205              		@ args = 0, pretend = 0, frame = 0
 206              		@ frame_needed = 0, uses_anonymous_args = 0
 207 0000 08B5     		push	{r3, lr}
 208              	.LCFI4:
 209              		.cfi_def_cfa_offset 8
 210              		.cfi_offset 3, -8
 211              		.cfi_offset 14, -4
  79:Core/Src/main.c **** 
 212              		.loc 1 79 3 view .LVU55
 213 0002 FFF7FEFF 		bl	HAL_Init
 214              	.LVL7:
  86:Core/Src/main.c **** 
 215              		.loc 1 86 3 view .LVU56
 216 0006 FFF7FEFF 		bl	SystemClock_Config
 217              	.LVL8:
  93:Core/Src/main.c ****   MX_DMA_Init();
 218              		.loc 1 93 3 view .LVU57
 219 000a FFF7FEFF 		bl	MX_GPIO_Init
 220              	.LVL9:
  94:Core/Src/main.c ****   MX_ADC1_Init();
 221              		.loc 1 94 3 view .LVU58
 222 000e FFF7FEFF 		bl	MX_DMA_Init
 223              	.LVL10:
  95:Core/Src/main.c ****   MX_CAN_Init();
 224              		.loc 1 95 3 view .LVU59
 225 0012 FFF7FEFF 		bl	MX_ADC1_Init
 226              	.LVL11:
  96:Core/Src/main.c ****   MX_USART1_UART_Init();
 227              		.loc 1 96 3 view .LVU60
 228 0016 FFF7FEFF 		bl	MX_CAN_Init
 229              	.LVL12:
  97:Core/Src/main.c ****   MX_TIM1_Init();
 230              		.loc 1 97 3 view .LVU61
 231 001a FFF7FEFF 		bl	MX_USART1_UART_Init
 232              	.LVL13:
  98:Core/Src/main.c ****   /* USER CODE BEGIN 2 */
 233              		.loc 1 98 3 view .LVU62
 234 001e FFF7FEFF 		bl	MX_TIM1_Init
 235              	.LVL14:
 100:Core/Src/main.c ****   HAL_TIM_Base_Start_IT(&htim1);
 236              		.loc 1 100 3 view .LVU63
 237 0022 FFF7FEFF 		bl	controller_init
 238              	.LVL15:
 101:Core/Src/main.c ****   // begin ADC:
 239              		.loc 1 101 3 view .LVU64
 240 0026 0948     		ldr	r0, .L14
 241 0028 FFF7FEFF 		bl	HAL_TIM_Base_Start_IT
 242              	.LVL16:
 103:Core/Src/main.c ****   HAL_ADC_Start_DMA(&hadc1, (uint32_t*)adc1_buffer, 3);
 243              		.loc 1 103 3 view .LVU65
 244 002c 084C     		ldr	r4, .L14+4
 245 002e 2046     		mov	r0, r4
 246 0030 FFF7FEFF 		bl	HAL_ADCEx_Calibration_Start
 247              	.LVL17:
 104:Core/Src/main.c **** 
ARM GAS  C:\Users\Xuleo\AppData\Local\Temp\ccmNCeQf.s 			page 12


 248              		.loc 1 104 3 view .LVU66
 249 0034 0322     		movs	r2, #3
 250 0036 0749     		ldr	r1, .L14+8
 251 0038 2046     		mov	r0, r4
 252 003a FFF7FEFF 		bl	HAL_ADC_Start_DMA
 253              	.LVL18:
 254              	.L12:
 111:Core/Src/main.c ****   {
 255              		.loc 1 111 3 view .LVU67
 113:Core/Src/main.c ****     /* USER CODE END WHILE */
 256              		.loc 1 113 5 discriminator 2 view .LVU68
 257 003e 0122     		movs	r2, #1
 258 0040 4FF40051 		mov	r1, #8192
 259 0044 0448     		ldr	r0, .L14+12
 260 0046 FFF7FEFF 		bl	HAL_GPIO_WritePin
 261              	.LVL19:
 111:Core/Src/main.c ****   {
 262              		.loc 1 111 9 view .LVU69
 263 004a F8E7     		b	.L12
 264              	.L15:
 265              		.align	2
 266              	.L14:
 267 004c 00000000 		.word	htim1
 268 0050 00000000 		.word	hadc1
 269 0054 00000000 		.word	adc1_buffer
 270 0058 00100140 		.word	1073811456
 271              		.cfi_endproc
 272              	.LFE65:
 274              		.text
 275              	.Letext0:
 276              		.file 3 "C:/thirdpartyLibs/arm-gnu-toolchain-15.2/arm-none-eabi/include/machine/_default_types.h"
 277              		.file 4 "C:/thirdpartyLibs/arm-gnu-toolchain-15.2/arm-none-eabi/include/sys/_stdint.h"
 278              		.file 5 "Drivers/CMSIS/Device/ST/STM32F1xx/Include/stm32f103xb.h"
 279              		.file 6 "Drivers/CMSIS/Device/ST/STM32F1xx/Include/stm32f1xx.h"
 280              		.file 7 "Drivers/STM32F1xx_HAL_Driver/Inc/stm32f1xx_hal_def.h"
 281              		.file 8 "Drivers/STM32F1xx_HAL_Driver/Inc/stm32f1xx_hal_rcc.h"
 282              		.file 9 "Drivers/STM32F1xx_HAL_Driver/Inc/stm32f1xx_hal_rcc_ex.h"
 283              		.file 10 "Drivers/STM32F1xx_HAL_Driver/Inc/stm32f1xx_hal_gpio.h"
 284              		.file 11 "Drivers/STM32F1xx_HAL_Driver/Inc/stm32f1xx_hal_dma.h"
 285              		.file 12 "Drivers/STM32F1xx_HAL_Driver/Inc/stm32f1xx_hal_adc.h"
 286              		.file 13 "Drivers/STM32F1xx_HAL_Driver/Inc/stm32f1xx_hal_tim.h"
 287              		.file 14 "Core/Inc/adc.h"
 288              		.file 15 "Core/Inc/tim.h"
 289              		.file 16 "Application/Inc/application.h"
 290              		.file 17 "Drivers/STM32F1xx_HAL_Driver/Inc/stm32f1xx_hal_adc_ex.h"
 291              		.file 18 "Core/Inc/usart.h"
 292              		.file 19 "Core/Inc/can.h"
 293              		.file 20 "Core/Inc/dma.h"
 294              		.file 21 "Core/Inc/gpio.h"
 295              		.file 22 "Drivers/STM32F1xx_HAL_Driver/Inc/stm32f1xx_hal.h"
 296              		.file 23 "<built-in>"
ARM GAS  C:\Users\Xuleo\AppData\Local\Temp\ccmNCeQf.s 			page 13


DEFINED SYMBOLS
                            *ABS*:00000000 main.c
C:\Users\Xuleo\AppData\Local\Temp\ccmNCeQf.s:19     .text.Error_Handler:00000000 $t
C:\Users\Xuleo\AppData\Local\Temp\ccmNCeQf.s:25     .text.Error_Handler:00000000 Error_Handler
C:\Users\Xuleo\AppData\Local\Temp\ccmNCeQf.s:57     .text.SystemClock_Config:00000000 $t
C:\Users\Xuleo\AppData\Local\Temp\ccmNCeQf.s:63     .text.SystemClock_Config:00000000 SystemClock_Config
C:\Users\Xuleo\AppData\Local\Temp\ccmNCeQf.s:194    .text.main:00000000 $t
C:\Users\Xuleo\AppData\Local\Temp\ccmNCeQf.s:200    .text.main:00000000 main
C:\Users\Xuleo\AppData\Local\Temp\ccmNCeQf.s:267    .text.main:0000004c $d

UNDEFINED SYMBOLS
memset
HAL_RCC_OscConfig
HAL_RCC_ClockConfig
HAL_RCCEx_PeriphCLKConfig
HAL_Init
MX_GPIO_Init
MX_DMA_Init
MX_ADC1_Init
MX_CAN_Init
MX_USART1_UART_Init
MX_TIM1_Init
controller_init
HAL_TIM_Base_Start_IT
HAL_ADCEx_Calibration_Start
HAL_ADC_Start_DMA
HAL_GPIO_WritePin
htim1
hadc1
adc1_buffer
