Archive member included to satisfy reference by file (symbol)

/home/leo/arm-gnu-toolchain-15.2.rel1-x86_64-arm-none-eabi/bin/../lib/gcc/arm-none-eabi/15.2.1/../../../../arm-none-eabi/lib/thumb/v7-m/nofp/libc_nano.a(libc_a-exit.o)
                              /home/leo/arm-gnu-toolchain-15.2.rel1-x86_64-arm-none-eabi/bin/../lib/gcc/arm-none-eabi/15.2.1/../../../../arm-none-eabi/lib/thumb/v7-m/nofp/crt0.o (exit)
/home/leo/arm-gnu-toolchain-15.2.rel1-x86_64-arm-none-eabi/bin/../lib/gcc/arm-none-eabi/15.2.1/../../../../arm-none-eabi/lib/thumb/v7-m/nofp/libc_nano.a(libc_a-findfp.o)
                              /home/leo/arm-gnu-toolchain-15.2.rel1-x86_64-arm-none-eabi/bin/../lib/gcc/arm-none-eabi/15.2.1/../../../../arm-none-eabi/lib/thumb/v7-m/nofp/libc_nano.a(libc_a-exit.o) (__stdio_exit_handler)
/home/leo/arm-gnu-toolchain-15.2.rel1-x86_64-arm-none-eabi/bin/../lib/gcc/arm-none-eabi/15.2.1/../../../../arm-none-eabi/lib/thumb/v7-m/nofp/libc_nano.a(libc_a-fwalk.o)
                              /home/leo/arm-gnu-toolchain-15.2.rel1-x86_64-arm-none-eabi/bin/../lib/gcc/arm-none-eabi/15.2.1/../../../../arm-none-eabi/lib/thumb/v7-m/nofp/libc_nano.a(libc_a-findfp.o) (_fwalk_sglue)
/home/leo/arm-gnu-toolchain-15.2.rel1-x86_64-arm-none-eabi/bin/../lib/gcc/arm-none-eabi/15.2.1/../../../../arm-none-eabi/lib/thumb/v7-m/nofp/libc_nano.a(libc_a-stdio.o)
                              /home/leo/arm-gnu-toolchain-15.2.rel1-x86_64-arm-none-eabi/bin/../lib/gcc/arm-none-eabi/15.2.1/../../../../arm-none-eabi/lib/thumb/v7-m/nofp/libc_nano.a(libc_a-findfp.o) (__sread)
/home/leo/arm-gnu-toolchain-15.2.rel1-x86_64-arm-none-eabi/bin/../lib/gcc/arm-none-eabi/15.2.1/../../../../arm-none-eabi/lib/thumb/v7-m/nofp/libc_nano.a(libc_a-memset.o)
                              /home/leo/arm-gnu-toolchain-15.2.rel1-x86_64-arm-none-eabi/bin/../lib/gcc/arm-none-eabi/15.2.1/../../../../arm-none-eabi/lib/thumb/v7-m/nofp/crt0.o (memset)
/home/leo/arm-gnu-toolchain-15.2.rel1-x86_64-arm-none-eabi/bin/../lib/gcc/arm-none-eabi/15.2.1/../../../../arm-none-eabi/lib/thumb/v7-m/nofp/libc_nano.a(libc_a-closer.o)
                              /home/leo/arm-gnu-toolchain-15.2.rel1-x86_64-arm-none-eabi/bin/../lib/gcc/arm-none-eabi/15.2.1/../../../../arm-none-eabi/lib/thumb/v7-m/nofp/libc_nano.a(libc_a-stdio.o) (_close_r)
/home/leo/arm-gnu-toolchain-15.2.rel1-x86_64-arm-none-eabi/bin/../lib/gcc/arm-none-eabi/15.2.1/../../../../arm-none-eabi/lib/thumb/v7-m/nofp/libc_nano.a(libc_a-reent.o)
                              /home/leo/arm-gnu-toolchain-15.2.rel1-x86_64-arm-none-eabi/bin/../lib/gcc/arm-none-eabi/15.2.1/../../../../arm-none-eabi/lib/thumb/v7-m/nofp/libc_nano.a(libc_a-closer.o) (errno)
/home/leo/arm-gnu-toolchain-15.2.rel1-x86_64-arm-none-eabi/bin/../lib/gcc/arm-none-eabi/15.2.1/../../../../arm-none-eabi/lib/thumb/v7-m/nofp/libc_nano.a(libc_a-impure.o)
                              /home/leo/arm-gnu-toolchain-15.2.rel1-x86_64-arm-none-eabi/bin/../lib/gcc/arm-none-eabi/15.2.1/../../../../arm-none-eabi/lib/thumb/v7-m/nofp/libc_nano.a(libc_a-reent.o) (_impure_ptr)
/home/leo/arm-gnu-toolchain-15.2.rel1-x86_64-arm-none-eabi/bin/../lib/gcc/arm-none-eabi/15.2.1/../../../../arm-none-eabi/lib/thumb/v7-m/nofp/libc_nano.a(libc_a-lseekr.o)
                              /home/leo/arm-gnu-toolchain-15.2.rel1-x86_64-arm-none-eabi/bin/../lib/gcc/arm-none-eabi/15.2.1/../../../../arm-none-eabi/lib/thumb/v7-m/nofp/libc_nano.a(libc_a-stdio.o) (_lseek_r)
/home/leo/arm-gnu-toolchain-15.2.rel1-x86_64-arm-none-eabi/bin/../lib/gcc/arm-none-eabi/15.2.1/../../../../arm-none-eabi/lib/thumb/v7-m/nofp/libc_nano.a(libc_a-readr.o)
                              /home/leo/arm-gnu-toolchain-15.2.rel1-x86_64-arm-none-eabi/bin/../lib/gcc/arm-none-eabi/15.2.1/../../../../arm-none-eabi/lib/thumb/v7-m/nofp/libc_nano.a(libc_a-stdio.o) (_read_r)
/home/leo/arm-gnu-toolchain-15.2.rel1-x86_64-arm-none-eabi/bin/../lib/gcc/arm-none-eabi/15.2.1/../../../../arm-none-eabi/lib/thumb/v7-m/nofp/libc_nano.a(libc_a-writer.o)
                              /home/leo/arm-gnu-toolchain-15.2.rel1-x86_64-arm-none-eabi/bin/../lib/gcc/arm-none-eabi/15.2.1/../../../../arm-none-eabi/lib/thumb/v7-m/nofp/libc_nano.a(libc_a-stdio.o) (_write_r)
/home/leo/arm-gnu-toolchain-15.2.rel1-x86_64-arm-none-eabi/bin/../lib/gcc/arm-none-eabi/15.2.1/../../../../arm-none-eabi/lib/thumb/v7-m/nofp/libc_nano.a(libc_a-errno.o)
                              build/sysmem.o (__errno)
/home/leo/arm-gnu-toolchain-15.2.rel1-x86_64-arm-none-eabi/bin/../lib/gcc/arm-none-eabi/15.2.1/../../../../arm-none-eabi/lib/thumb/v7-m/nofp/libc_nano.a(libc_a-init.o)
                              /home/leo/arm-gnu-toolchain-15.2.rel1-x86_64-arm-none-eabi/bin/../lib/gcc/arm-none-eabi/15.2.1/../../../../arm-none-eabi/lib/thumb/v7-m/nofp/crt0.o (__libc_init_array)
/home/leo/arm-gnu-toolchain-15.2.rel1-x86_64-arm-none-eabi/bin/../lib/gcc/arm-none-eabi/15.2.1/../../../../arm-none-eabi/lib/thumb/v7-m/nofp/libc_nano.a(libc_a-lock.o)
[...]
Memory Configuration

Name             Origin             Length             Attributes
RAM              0x20000000         0x00005000         xrw
FLASH            0x08000000         0x00010000         xr
*default*        0x00000000         0xffffffff

Linker script and memory map

LOAD /home/leo/arm-gnu-toolchain-15.2.rel1-x86_64-arm-none-eabi/bin/../lib/gcc/arm-none-eabi/15.2.1/thumb/v7-m/nofp/crti.o
LOAD /home/leo/arm-gnu-toolchain-15.2.rel1-x86_64-arm-none-eabi/bin/../lib/gcc/arm-none-eabi/15.2.1/thumb/v7-m/nofp/crtbegin.o
LOAD /home/leo/arm-gnu-toolchain-15.2.rel1-x86_64-arm-none-eabi/bin/../lib/gcc/arm-none-eabi/15.2.1/../../../../arm-none-eabi/lib/thumb/v7-m/nofp/crt0.o
LOAD build/main.o
LOAD build/gpio.o
LOAD build/adc.o
LOAD build/can.o
LOAD build/usart.o
LOAD build/stm32f1xx_it.o
LOAD build/stm32f1xx_hal_msp.o
LOAD build/application.o
LOAD build/stm32f1xx_hal_gpio_ex.o
LOAD build/stm32f1xx_hal_adc.o
LOAD build/stm32f1xx_hal_adc_ex.o
LOAD build/stm32f1xx_hal.o
LOAD build/stm32f1xx_hal_rcc.o
LOAD build/stm32f1xx_hal_rcc_ex.o
LOAD build/stm32f1xx_hal_gpio.o
LOAD build/stm32f1xx_hal_dma.o
LOAD build/stm32f1xx_hal_cortex.o
LOAD build/stm32f1xx_hal_pwr.o
LOAD build/stm32f1xx_hal_flash.o
LOAD build/stm32f1xx_hal_flash_ex.o
LOAD build/stm32f1xx_hal_exti.o
LOAD build/stm32f1xx_hal_can.o
LOAD build/stm32f1xx_hal_uart.o
LOAD build/system_stm32f1xx.o
LOAD build/dma.o
LOAD build/tim.o
LOAD build/stm32f1xx_hal_tim.o
LOAD build/stm32f1xx_hal_tim_ex.o
LOAD build/sysmem.o
LOAD build/syscalls.o
LOAD build/startup_stm32f103xb.o
LOAD /home/leo/arm-gnu-toolchain-15.2.rel1-x86_64-arm-none-eabi/bin/../lib/gcc/arm-none-eabi/15.2.1/../../../../arm-none-eabi/lib/thumb/v7-m/nofp/libc_nano.a
LOAD /home/leo/arm-gnu-toolchain-15.2.rel1-x86_64-arm-none-eabi/bin/../lib/gcc/arm-none-eabi/15.2.1/../../../../arm-none-eabi/lib/thumb/v7-m/nofp/libm.a
LOAD /home/leo/arm-gnu-toolchain-15.2.rel1-x86_64-arm-none-eabi/bin/../lib/gcc/arm-none-eabi/15.2.1/../../../../arm-none-eabi/lib/thumb/v7-m/nofp/libnosys.a
START GROUP
LOAD /home/leo/arm-gnu-toolchain-15.2.rel1-x86_64-arm-none-eabi/bin/../lib/gcc/arm-none-eabi/15.2.1/thumb/v7-m/nofp/libgcc.a
LOAD /home/leo/arm-gnu-toolchain-15.2.rel1-x86_64-arm-none-eabi/bin/../lib/gcc/arm-none-eabi/15.2.1/../../../../arm-none-eabi/lib/thumb/v7-m/nofp/libc_nano.a
END GROUP
START GROUP
LOAD /home/leo/arm-gnu-toolchain-15.2.rel1-x86_64-arm-none-eabi/bin/../lib/gcc/arm-none-eabi/15.2.1/thumb/v7-m/nofp/libgcc.a
LOAD /home/leo/arm-gnu-toolchain-15.2.rel1-x86_64-arm-none-eabi/bin/../lib/gcc/arm-none-eabi/15.2.1/../../../../arm-none-eabi/lib/thumb/v7-m/nofp/libc_nano.a
END GROUP
LOAD /home/leo/arm-gnu-toolchain-15.2.rel1-x86_64-arm-none-eabi/bin/../lib/gcc/arm-none-eabi/15.2.1/thumb/v7-m/nofp/crtend.o
LOAD /home/leo/arm-gnu-toolchain-15.2.rel1-x86_64-arm-none-eabi/bin/../lib/gcc/arm-none-eabi/15.2.1/thumb/v7-m/nofp/crtn.o
                0x20005000                        _estack = (ORIGIN (RAM) + LENGTH (RAM))
                0x00000200                        _Min_Heap_Size = 0x200
                0x00000400                        _Min_Stack_Size = 0x400

.isr_vector     0x08000000      0x10c
                0x08000000                        . = ALIGN (0x4)
 *(.isr_vector)
 .isr_vector    0x08000000      0x10c build/startup_stm32f103xb.o
                0x08000000                g_pfnVectors
                0x0800010c                        . = ALIGN (0x4)

.text           0x0800010c     0x3c30
                0x0800010c                        . = ALIGN (0x4)
 *(.text)
 .text          0x0800010c      0x21c /home/leo/arm-gnu-toolchain-15.2.rel1-x86_64-arm-none-eabi/bin/../lib/gcc/arm-none-eabi/15.2.1/thumb/v7-m/nofp/libgcc.a(_arm_addsubsf3.o)
                0x0800010c                __aeabi_frsub
                0x08000114                __subsf3
                0x08000114                __aeabi_fsub
                0x08000118                __aeabi_fadd
                0x08000118                __addsf3
                0x08000278                __aeabi_ui2f
                0x08000278                __floatunsisf
                0x08000280                __aeabi_i2f
                0x08000280                __floatsisf
                0x0800029c                __floatundisf
                0x0800029c                __aeabi_ul2f
                0x080002ac                __floatdisf
                0x080002ac                __aeabi_l2f
 .text          0x08000328      0x2a0 /home/leo/arm-gnu-toolchain-15.2.rel1-x86_64-arm-none-eabi/bin/../lib/gcc/arm-none-eabi/15.2.1/thumb/v7-m/nofp/libgcc.a(_arm_muldivsf3.o)
                0x08000328                __mulsf3
                0x08000328                __aeabi_fmul
                0x08000490                __divsf3
                0x08000490                __aeabi_fdiv
 *(.text*)
 .text.deregister_tm_clones
                0x080005c8       0x1c /home/leo/arm-gnu-toolchain-15.2.rel1-x86_64-arm-none-eabi/bin/../lib/gcc/arm-none-eabi/15.2.1/thumb/v7-m/nofp/crtbegin.o
 .text.register_tm_clones
                0x080005e4       0x24 /home/leo/arm-gnu-toolchain-15.2.rel1-x86_64-arm-none-eabi/bin/../lib/gcc/arm-none-eabi/15.2.1/thumb/v7-m/nofp/crtbegin.o
 .text.__do_global_dtors_aux
                0x08000608       0x28 /home/leo/arm-gnu-toolchain-15.2.rel1-x86_64-arm-none-eabi/bin/../lib/gcc/arm-none-eabi/15.2.1/thumb/v7-m/nofp/crtbegin.o
 .text.frame_dummy
                0x08000630       0x24 /home/leo/arm-gnu-toolchain-15.2.rel1-x86_64-arm-none-eabi/bin/../lib/gcc/arm-none-eabi/15.2.1/thumb/v7-m/nofp/crtbegin.o
 .text.CAN_Init
                0x08000654       0x1e build/main.o
                0x08000654                CAN_Init
 .text.CAN_Filter_Mask_Config
                0x08000672       0x44 build/main.o
                0x08000672                CAN_Filter_Mask_Config
 .text.CAN_Send_Data
                0x080006b6       0x1c build/main.o
                0x080006b6                CAN_Send_Data
 *fill*         0x080006d2        0x2 
 .text.HAL_CAN_RxFifo1MsgPendingCallback
                0x080006d4       0x50 build/main.o
                0x080006d4                HAL_CAN_RxFifo1MsgPendingCallback
 .text.Error_Handler
                0x08000724        0x4 build/main.o
                0x08000724                Error_Handler
 .text.SystemClock_Config
                0x08000728       0x80 build/main.o
                0x08000728                SystemClock_Config
 .text.main     0x080007a8       0x9c build/main.o
                0x080007a8                main
 .text.MX_GPIO_Init
                0x08000844       0x7c build/gpio.o
                0x08000844                MX_GPIO_Init
 .text.MX_ADC1_Init
                0x080008c0       0x88 build/adc.o
                0x080008c0                MX_ADC1_Init
 .text.HAL_ADC_MspInit
                0x08000948       0xac build/adc.o
                0x08000948                HAL_ADC_MspInit
 .text.MX_CAN_Init
                0x080009f4       0x44 build/can.o
                0x080009f4                MX_CAN_Init
 .text.HAL_CAN_MspInit
                0x08000a38       0xa0 build/can.o
                0x08000a38                HAL_CAN_MspInit
 .text.MX_USART1_UART_Init
                0x08000ad8       0x34 build/usart.o
                0x08000ad8                MX_USART1_UART_Init
 .text.HAL_UART_MspInit
                0x08000b0c       0xbc build/usart.o
                0x08000b0c                HAL_UART_MspInit
 .text.NMI_Handler
                0x08000bc8        0x2 build/stm32f1xx_it.o
                0x08000bc8                NMI_Handler
 .text.HardFault_Handler
                0x08000bca        0x2 build/stm32f1xx_it.o
                0x08000bca                HardFault_Handler
 .text.MemManage_Handler
                0x08000bcc        0x2 build/stm32f1xx_it.o
                0x08000bcc                MemManage_Handler
 .text.BusFault_Handler
                0x08000bce        0x2 build/stm32f1xx_it.o
                0x08000bce                BusFault_Handler
 .text.UsageFault_Handler
                0x08000bd0        0x2 build/stm32f1xx_it.o
                0x08000bd0                UsageFault_Handler
 .text.SVC_Handler
                0x08000bd2        0x2 build/stm32f1xx_it.o
                0x08000bd2                SVC_Handler
 .text.DebugMon_Handler
                0x08000bd4        0x2 build/stm32f1xx_it.o
                0x08000bd4                DebugMon_Handler
 .text.PendSV_Handler
                0x08000bd6        0x2 build/stm32f1xx_it.o
                0x08000bd6                PendSV_Handler
 .text.SysTick_Handler
                0x08000bd8        0x8 build/stm32f1xx_it.o
                0x08000bd8                SysTick_Handler
 .text.DMA1_Channel1_IRQHandler
                0x08000be0       0x10 build/stm32f1xx_it.o
                0x08000be0                DMA1_Channel1_IRQHandler
 .text.DMA1_Channel4_IRQHandler
                0x08000bf0       0x10 build/stm32f1xx_it.o
                0x08000bf0                DMA1_Channel4_IRQHandler
 .text.ADC1_2_IRQHandler
                0x08000c00       0x10 build/stm32f1xx_it.o
                0x08000c00                ADC1_2_IRQHandler
 .text.USB_HP_CAN1_TX_IRQHandler
                0x08000c10       0x10 build/stm32f1xx_it.o
                0x08000c10                USB_HP_CAN1_TX_IRQHandler
 .text.USB_LP_CAN1_RX0_IRQHandler
                0x08000c20       0x10 build/stm32f1xx_it.o
                0x08000c20                USB_LP_CAN1_RX0_IRQHandler
 .text.CAN1_RX1_IRQHandler
                0x08000c30       0x10 build/stm32f1xx_it.o
                0x08000c30                CAN1_RX1_IRQHandler
 .text.TIM1_UP_IRQHandler
                0x08000c40       0x18 build/stm32f1xx_it.o
                0x08000c40                TIM1_UP_IRQHandler
 .text.USART1_IRQHandler
                0x08000c58       0x10 build/stm32f1xx_it.o
                0x08000c58                USART1_IRQHandler
 .text.HAL_MspInit
                0x08000c68       0x44 build/stm32f1xx_hal_msp.o
                0x08000c68                HAL_MspInit
 .text.controller_init
                0x08000cac       0x44 build/application.o
                0x08000cac                controller_init
 .text.controller_step
                0x08000cf0       0x90 build/application.o
                0x08000cf0                controller_step
 .text.HAL_ADC_ConvCpltCallback
                0x08000d80        0x2 build/stm32f1xx_hal_adc.o
                0x08000d80                HAL_ADC_ConvCpltCallback
 .text.ADC_DMAConvCplt
                0x08000d82       0x52 build/stm32f1xx_hal_adc.o
                0x08000d82                ADC_DMAConvCplt
 .text.HAL_ADC_ConvHalfCpltCallback
                0x08000dd4        0x2 build/stm32f1xx_hal_adc.o
                0x08000dd4                HAL_ADC_ConvHalfCpltCallback
 .text.ADC_DMAHalfConvCplt
                0x08000dd6        0xa build/stm32f1xx_hal_adc.o
                0x08000dd6                ADC_DMAHalfConvCplt
 .text.HAL_ADC_LevelOutOfWindowCallback
                0x08000de0        0x2 build/stm32f1xx_hal_adc.o
                0x08000de0                HAL_ADC_LevelOutOfWindowCallback
 .text.HAL_ADC_IRQHandler
                0x08000de2      0x102 build/stm32f1xx_hal_adc.o
                0x08000de2                HAL_ADC_IRQHandler
 .text.HAL_ADC_ErrorCallback
                0x08000ee4        0x2 build/stm32f1xx_hal_adc.o
                0x08000ee4                HAL_ADC_ErrorCallback
 .text.ADC_DMAError
                0x08000ee6       0x1a build/stm32f1xx_hal_adc.o
                0x08000ee6                ADC_DMAError
 .text.HAL_ADC_ConfigChannel
                0x08000f00      0x174 build/stm32f1xx_hal_adc.o
                0x08000f00                HAL_ADC_ConfigChannel
 .text.ADC_Enable
                0x08001074       0x88 build/stm32f1xx_hal_adc.o
                0x08001074                ADC_Enable
 .text.HAL_ADC_Start_DMA
                0x080010fc      0x134 build/stm32f1xx_hal_adc.o
                0x080010fc                HAL_ADC_Start_DMA
 .text.ADC_ConversionStop_Disable
                0x08001230       0x56 build/stm32f1xx_hal_adc.o
                0x08001230                ADC_ConversionStop_Disable
 *fill*         0x08001286        0x2 
 .text.HAL_ADC_Init
                0x08001288      0x128 build/stm32f1xx_hal_adc.o
                0x08001288                HAL_ADC_Init
 .text.HAL_ADCEx_Calibration_Start
                0x080013b0      0x104 build/stm32f1xx_hal_adc_ex.o
                0x080013b0                HAL_ADCEx_Calibration_Start
 .text.HAL_ADCEx_InjectedConvCpltCallback
                0x080014b4        0x2 build/stm32f1xx_hal_adc_ex.o
                0x080014b4                HAL_ADCEx_InjectedConvCpltCallback
 *fill*         0x080014b6        0x2 
 .text.HAL_InitTick
                0x080014b8       0x4c build/stm32f1xx_hal.o
                0x080014b8                HAL_InitTick
 .text.HAL_Init
                0x08001504       0x24 build/stm32f1xx_hal.o
                0x08001504                HAL_Init
 .text.HAL_IncTick
                0x08001528       0x18 build/stm32f1xx_hal.o
                0x08001528                HAL_IncTick
 .text.HAL_GetTick
                0x08001540        0xc build/stm32f1xx_hal.o
                0x08001540                HAL_GetTick
 .text.HAL_Delay
                0x0800154c       0x28 build/stm32f1xx_hal.o
                0x0800154c                HAL_Delay
 .text.RCC_Delay
                0x08001574       0x2c build/stm32f1xx_hal_rcc.o
 .text.HAL_RCC_OscConfig
                0x080015a0      0x414 build/stm32f1xx_hal_rcc.o
                0x080015a0                HAL_RCC_OscConfig
 .text.HAL_RCC_GetSysClockFreq
                0x080019b4       0x54 build/stm32f1xx_hal_rcc.o
                0x080019b4                HAL_RCC_GetSysClockFreq
 .text.HAL_RCC_ClockConfig
                0x08001a08      0x16c build/stm32f1xx_hal_rcc.o
                0x08001a08                HAL_RCC_ClockConfig
 .text.HAL_RCC_GetHCLKFreq
                0x08001b74        0xc build/stm32f1xx_hal_rcc.o
                0x08001b74                HAL_RCC_GetHCLKFreq
 .text.HAL_RCC_GetPCLK1Freq
                0x08001b80       0x20 build/stm32f1xx_hal_rcc.o
                0x08001b80                HAL_RCC_GetPCLK1Freq
 .text.HAL_RCC_GetPCLK2Freq
                0x08001ba0       0x20 build/stm32f1xx_hal_rcc.o
                0x08001ba0                HAL_RCC_GetPCLK2Freq
 .text.HAL_RCCEx_PeriphCLKConfig
                0x08001bc0      0x120 build/stm32f1xx_hal_rcc_ex.o
                0x08001bc0                HAL_RCCEx_PeriphCLKConfig
 .text.HAL_RCCEx_GetPeriphCLKFreq
                0x08001ce0       0xd8 build/stm32f1xx_hal_rcc_ex.o
                0x08001ce0                HAL_RCCEx_GetPeriphCLKFreq
 .text.HAL_GPIO_Init
                0x08001db8      0x1e4 build/stm32f1xx_hal_gpio.o
                0x08001db8                HAL_GPIO_Init
 .text.HAL_GPIO_WritePin
                0x08001f9c        0xc build/stm32f1xx_hal_gpio.o
                0x08001f9c                HAL_GPIO_WritePin
 .text.DMA_SetConfig
                0x08001fa8       0x38 build/stm32f1xx_hal_dma.o
 .text.HAL_DMA_Init
                0x08001fe0       0x68 build/stm32f1xx_hal_dma.o
                0x08001fe0                HAL_DMA_Init
 .text.HAL_DMA_Start_IT
                0x08002048       0x7a build/stm32f1xx_hal_dma.o
                0x08002048                HAL_DMA_Start_IT
 .text.HAL_DMA_Abort
                0x080020c2       0x44 build/stm32f1xx_hal_dma.o
                0x080020c2                HAL_DMA_Abort
 *fill*         0x08002106        0x2 
 .text.HAL_DMA_Abort_IT
                0x08002108       0x98 build/stm32f1xx_hal_dma.o
                0x08002108                HAL_DMA_Abort_IT
 .text.HAL_DMA_IRQHandler
                0x080021a0      0x158 build/stm32f1xx_hal_dma.o
                0x080021a0                HAL_DMA_IRQHandler
 .text.__NVIC_SetPriority
                0x080022f8       0x28 build/stm32f1xx_hal_cortex.o
 .text.NVIC_EncodePriority
                0x08002320       0x46 build/stm32f1xx_hal_cortex.o
 *fill*         0x08002366        0x2 
 .text.HAL_NVIC_SetPriorityGrouping
                0x08002368       0x24 build/stm32f1xx_hal_cortex.o
                0x08002368                HAL_NVIC_SetPriorityGrouping
 .text.HAL_NVIC_SetPriority
                0x0800238c       0x20 build/stm32f1xx_hal_cortex.o
                0x0800238c                HAL_NVIC_SetPriority
 .text.HAL_NVIC_EnableIRQ
                0x080023ac       0x1c build/stm32f1xx_hal_cortex.o
                0x080023ac                HAL_NVIC_EnableIRQ
 .text.HAL_SYSTICK_Config
                0x080023c8       0x28 build/stm32f1xx_hal_cortex.o
                0x080023c8                HAL_SYSTICK_Config
 .text.HAL_CAN_Init
                0x080023f0      0x14c build/stm32f1xx_hal_can.o
                0x080023f0                HAL_CAN_Init
 .text.HAL_CAN_ConfigFilter
                0x0800253c      0x110 build/stm32f1xx_hal_can.o
                0x0800253c                HAL_CAN_ConfigFilter
 .text.HAL_CAN_Start
                0x0800264c       0x5c build/stm32f1xx_hal_can.o
                0x0800264c                HAL_CAN_Start
 .text.HAL_CAN_AddTxMessage
                0x080026a8      0x106 build/stm32f1xx_hal_can.o
                0x080026a8                HAL_CAN_AddTxMessage
 .text.HAL_CAN_GetRxMessage
                0x080027ae      0x1aa build/stm32f1xx_hal_can.o
                0x080027ae                HAL_CAN_GetRxMessage
 .text.HAL_CAN_ActivateNotification
                0x08002958       0x24 build/stm32f1xx_hal_can.o
                0x08002958                HAL_CAN_ActivateNotification
 .text.HAL_CAN_TxMailbox0CompleteCallback
                0x0800297c        0x2 build/stm32f1xx_hal_can.o
                0x0800297c                HAL_CAN_TxMailbox0CompleteCallback
 .text.HAL_CAN_TxMailbox1CompleteCallback
                0x0800297e        0x2 build/stm32f1xx_hal_can.o
                0x0800297e                HAL_CAN_TxMailbox1CompleteCallback
 .text.HAL_CAN_TxMailbox2CompleteCallback
                0x08002980        0x2 build/stm32f1xx_hal_can.o
                0x08002980                HAL_CAN_TxMailbox2CompleteCallback
 .text.HAL_CAN_TxMailbox0AbortCallback
                0x08002982        0x2 build/stm32f1xx_hal_can.o
                0x08002982                HAL_CAN_TxMailbox0AbortCallback
 .text.HAL_CAN_TxMailbox1AbortCallback
                0x08002984        0x2 build/stm32f1xx_hal_can.o
                0x08002984                HAL_CAN_TxMailbox1AbortCallback
 .text.HAL_CAN_TxMailbox2AbortCallback
                0x08002986        0x2 build/stm32f1xx_hal_can.o
                0x08002986                HAL_CAN_TxMailbox2AbortCallback
 .text.HAL_CAN_RxFifo0MsgPendingCallback
                0x08002988        0x2 build/stm32f1xx_hal_can.o
                0x08002988                HAL_CAN_RxFifo0MsgPendingCallback
 .text.HAL_CAN_RxFifo0FullCallback
                0x0800298a        0x2 build/stm32f1xx_hal_can.o
                0x0800298a                HAL_CAN_RxFifo0FullCallback
 .text.HAL_CAN_RxFifo1FullCallback
                0x0800298c        0x2 build/stm32f1xx_hal_can.o
                0x0800298c                HAL_CAN_RxFifo1FullCallback
 .text.HAL_CAN_SleepCallback
                0x0800298e        0x2 build/stm32f1xx_hal_can.o
                0x0800298e                HAL_CAN_SleepCallback
 .text.HAL_CAN_WakeUpFromRxMsgCallback
                0x08002990        0x2 build/stm32f1xx_hal_can.o
                0x08002990                HAL_CAN_WakeUpFromRxMsgCallback
 .text.HAL_CAN_ErrorCallback
                0x08002992        0x2 build/stm32f1xx_hal_can.o
                0x08002992                HAL_CAN_ErrorCallback
 .text.HAL_CAN_IRQHandler
                0x08002994      0x244 build/stm32f1xx_hal_can.o
                0x08002994                HAL_CAN_IRQHandler
 .text.UART_EndTxTransfer
                0x08002bd8       0x20 build/stm32f1xx_hal_uart.o
 .text.UART_EndRxTransfer
                0x08002bf8       0x5c build/stm32f1xx_hal_uart.o
 .text.UART_Transmit_IT
                0x08002c54       0x5e build/stm32f1xx_hal_uart.o
 *fill*         0x08002cb2        0x2 
 .text.UART_SetConfig
                0x08002cb4       0x94 build/stm32f1xx_hal_uart.o
 .text.HAL_UART_Init
                0x08002d48       0x60 build/stm32f1xx_hal_uart.o
                0x08002d48                HAL_UART_Init
 .text.HAL_UART_Transmit_DMA
                0x08002da8       0x8c build/stm32f1xx_hal_uart.o
                0x08002da8                HAL_UART_Transmit_DMA
 .text.HAL_UART_TxCpltCallback
                0x08002e34        0x2 build/stm32f1xx_hal_uart.o
                0x08002e34                HAL_UART_TxCpltCallback
 .text.UART_DMATransmitCplt
                0x08002e36       0x4c build/stm32f1xx_hal_uart.o
 .text.UART_EndTransmit_IT
                0x08002e82       0x1a build/stm32f1xx_hal_uart.o
 .text.HAL_UART_TxHalfCpltCallback
                0x08002e9c        0x2 build/stm32f1xx_hal_uart.o
                0x08002e9c                HAL_UART_TxHalfCpltCallback
 .text.UART_DMATxHalfCplt
                0x08002e9e        0xa build/stm32f1xx_hal_uart.o
 .text.HAL_UART_RxCpltCallback
                0x08002ea8        0x2 build/stm32f1xx_hal_uart.o
                0x08002ea8                HAL_UART_RxCpltCallback
 .text.HAL_UART_ErrorCallback
                0x08002eaa        0x2 build/stm32f1xx_hal_uart.o
                0x08002eaa                HAL_UART_ErrorCallback
 .text.UART_DMAError
                0x08002eac       0x54 build/stm32f1xx_hal_uart.o
 .text.UART_DMAAbortOnError
                0x08002f00       0x10 build/stm32f1xx_hal_uart.o
 .text.HAL_UARTEx_RxEventCallback
                0x08002f10        0x2 build/stm32f1xx_hal_uart.o
                0x08002f10                HAL_UARTEx_RxEventCallback
 .text.UART_Receive_IT
                0x08002f12       0xe0 build/stm32f1xx_hal_uart.o
 *fill*         0x08002ff2        0x2 
 .text.HAL_UART_IRQHandler
                0x08002ff4      0x280 build/stm32f1xx_hal_uart.o
                0x08002ff4                HAL_UART_IRQHandler
 .text.SystemInit
                0x08003274        0x2 build/system_stm32f1xx.o
                0x08003274                SystemInit
 *fill*         0x08003276        0x2 
 .text.MX_DMA_Init
                0x08003278       0x40 build/dma.o
                0x08003278                MX_DMA_Init
 .text.MX_TIM1_Init
                0x080032b8       0xe0 build/tim.o
                0x080032b8                MX_TIM1_Init
 .text.HAL_TIM_Base_MspInit
                0x08003398       0x3c build/tim.o
                0x08003398                HAL_TIM_Base_MspInit
 .text.TIM_OC1_SetConfig
                0x080033d4       0x68 build/stm32f1xx_hal_tim.o
 .text.TIM_OC3_SetConfig
                0x0800343c       0x6c build/stm32f1xx_hal_tim.o
 .text.TIM_OC4_SetConfig
                0x080034a8       0x54 build/stm32f1xx_hal_tim.o
 .text.TIM_TI1_ConfigInputStage
                0x080034fc       0x26 build/stm32f1xx_hal_tim.o
 .text.TIM_TI2_ConfigInputStage
                0x08003522       0x28 build/stm32f1xx_hal_tim.o
 .text.TIM_ITRx_SetConfig
                0x0800354a       0x10 build/stm32f1xx_hal_tim.o
 *fill*         0x0800355a        0x2 
 .text.HAL_TIM_Base_Start_IT
                0x0800355c       0x64 build/stm32f1xx_hal_tim.o
                0x0800355c                HAL_TIM_Base_Start_IT
 .text.HAL_TIM_PWM_MspInit
                0x080035c0        0x2 build/stm32f1xx_hal_tim.o
                0x080035c0                HAL_TIM_PWM_MspInit
 .text.HAL_TIM_PeriodElapsedCallback
                0x080035c2        0x2 build/stm32f1xx_hal_tim.o
                0x080035c2                HAL_TIM_PeriodElapsedCallback
 .text.HAL_TIM_OC_DelayElapsedCallback
                0x080035c4        0x2 build/stm32f1xx_hal_tim.o
                0x080035c4                HAL_TIM_OC_DelayElapsedCallback
 .text.HAL_TIM_IC_CaptureCallback
                0x080035c6        0x2 build/stm32f1xx_hal_tim.o
                0x080035c6                HAL_TIM_IC_CaptureCallback
 .text.HAL_TIM_PWM_PulseFinishedCallback
                0x080035c8        0x2 build/stm32f1xx_hal_tim.o
                0x080035c8                HAL_TIM_PWM_PulseFinishedCallback
 .text.HAL_TIM_TriggerCallback
                0x080035ca        0x2 build/stm32f1xx_hal_tim.o
                0x080035ca                HAL_TIM_TriggerCallback
 .text.HAL_TIM_IRQHandler
                0x080035cc      0x15e build/stm32f1xx_hal_tim.o
                0x080035cc                HAL_TIM_IRQHandler
 *fill*         0x0800372a        0x2 
 .text.TIM_Base_SetConfig
                0x0800372c       0x84 build/stm32f1xx_hal_tim.o
                0x0800372c                TIM_Base_SetConfig
 .text.HAL_TIM_Base_Init
                0x080037b0       0x58 build/stm32f1xx_hal_tim.o
                0x080037b0                HAL_TIM_Base_Init
 .text.HAL_TIM_PWM_Init
                0x08003808       0x58 build/stm32f1xx_hal_tim.o
                0x08003808                HAL_TIM_PWM_Init
 .text.TIM_OC2_SetConfig
                0x08003860       0x74 build/stm32f1xx_hal_tim.o
                0x08003860                TIM_OC2_SetConfig
 .text.HAL_TIM_PWM_ConfigChannel
                0x080038d4       0xe2 build/stm32f1xx_hal_tim.o
                0x080038d4                HAL_TIM_PWM_ConfigChannel
 .text.TIM_ETR_SetConfig
                0x080039b6       0x16 build/stm32f1xx_hal_tim.o
                0x080039b6                TIM_ETR_SetConfig
 .text.HAL_TIM_ConfigClockSource
                0x080039cc       0xfe build/stm32f1xx_hal_tim.o
                0x080039cc                HAL_TIM_ConfigClockSource
 .text.TIM_CCxChannelCmd
                0x08003aca       0x1e build/stm32f1xx_hal_tim.o
                0x08003aca                TIM_CCxChannelCmd
 .text.HAL_TIM_PWM_Start
                0x08003ae8       0xd4 build/stm32f1xx_hal_tim.o
                0x08003ae8                HAL_TIM_PWM_Start
 .text.HAL_TIMEx_MasterConfigSynchronization
                0x08003bbc       0x6c build/stm32f1xx_hal_tim_ex.o
                0x08003bbc                HAL_TIMEx_MasterConfigSynchronization
 .text.HAL_TIMEx_ConfigBreakDeadTime
                0x08003c28       0x52 build/stm32f1xx_hal_tim_ex.o
                0x08003c28                HAL_TIMEx_ConfigBreakDeadTime
 .text.HAL_TIMEx_CommutCallback
                0x08003c7a        0x2 build/stm32f1xx_hal_tim_ex.o
                0x08003c7a                HAL_TIMEx_CommutCallback
 .text.HAL_TIMEx_BreakCallback
                0x08003c7c        0x2 build/stm32f1xx_hal_tim_ex.o
                0x08003c7c                HAL_TIMEx_BreakCallback
 *fill*         0x08003c7e        0x2 
 .text.Reset_Handler
                0x08003c80       0x48 build/startup_stm32f103xb.o
                0x08003c80                Reset_Handler
 .text.Default_Handler
                0x08003cc8        0x2 build/startup_stm32f103xb.o
                0x08003cc8                RTC_Alarm_IRQHandler
                0x08003cc8                EXTI2_IRQHandler
                0x08003cc8                TIM1_CC_IRQHandler
                0x08003cc8                PVD_IRQHandler
                0x08003cc8                EXTI3_IRQHandler
                0x08003cc8                EXTI0_IRQHandler
                0x08003cc8                I2C2_EV_IRQHandler
                0x08003cc8                SPI1_IRQHandler
                0x08003cc8                TAMPER_IRQHandler
                0x08003cc8                USART3_IRQHandler
                0x08003cc8                RTC_IRQHandler
                0x08003cc8                DMA1_Channel7_IRQHandler
                0x08003cc8                TIM4_IRQHandler
                0x08003cc8                I2C1_EV_IRQHandler
                0x08003cc8                DMA1_Channel6_IRQHandler
                0x08003cc8                TIM3_IRQHandler
                0x08003cc8                RCC_IRQHandler
                0x08003cc8                TIM1_TRG_COM_IRQHandler
                0x08003cc8                Default_Handler
                0x08003cc8                EXTI15_10_IRQHandler
                0x08003cc8                EXTI9_5_IRQHandler
                0x08003cc8                SPI2_IRQHandler
                0x08003cc8                DMA1_Channel5_IRQHandler
                0x08003cc8                EXTI4_IRQHandler
                0x08003cc8                DMA1_Channel3_IRQHandler
                0x08003cc8                WWDG_IRQHandler
                0x08003cc8                TIM2_IRQHandler
                0x08003cc8                TIM1_BRK_IRQHandler
                0x08003cc8                EXTI1_IRQHandler
                0x08003cc8                USART2_IRQHandler
                0x08003cc8                I2C2_ER_IRQHandler
                0x08003cc8                DMA1_Channel2_IRQHandler
                0x08003cc8                CAN1_SCE_IRQHandler
                0x08003cc8                FLASH_IRQHandler
                0x08003cc8                I2C1_ER_IRQHandler
                0x08003cc8                USBWakeUp_IRQHandler
 .text.memset   0x08003cca       0x10 /home/leo/arm-gnu-toolchain-15.2.rel1-x86_64-arm-none-eabi/bin/../lib/gcc/arm-none-eabi/15.2.1/../../../../arm-none-eabi/lib/thumb/v7-m/nofp/libc_nano.a(libc_a-memset.o)
                0x08003cca                memset
 *fill*         0x08003cda        0x2 
 .text.__libc_init_array
                0x08003cdc       0x48 /home/leo/arm-gnu-toolchain-15.2.rel1-x86_64-arm-none-eabi/bin/../lib/gcc/arm-none-eabi/15.2.1/../../../../arm-none-eabi/lib/thumb/v7-m/nofp/libc_nano.a(libc_a-init.o)
                0x08003cdc                __libc_init_array
 *(.glue_7)
 .glue_7        0x08003d24        0x0 linker stubs
 *(.glue_7t)
 .glue_7t       0x08003d24        0x0 linker stubs
 *(.eh_frame)
 .eh_frame      0x08003d24        0x0 /home/leo/arm-gnu-toolchain-15.2.rel1-x86_64-arm-none-eabi/bin/../lib/gcc/arm-none-eabi/15.2.1/thumb/v7-m/nofp/crtbegin.o
 *(.init)
 .init          0x08003d24        0x4 /home/leo/arm-gnu-toolchain-15.2.rel1-x86_64-arm-none-eabi/bin/../lib/gcc/arm-none-eabi/15.2.1/thumb/v7-m/nofp/crti.o
                0x08003d24                _init
 .init          0x08003d28        0x8 /home/leo/arm-gnu-toolchain-15.2.rel1-x86_64-arm-none-eabi/bin/../lib/gcc/arm-none-eabi/15.2.1/thumb/v7-m/nofp/crtn.o
 *(.fini)
 .fini          0x08003d30        0x4 /home/leo/arm-gnu-toolchain-15.2.rel1-x86_64-arm-none-eabi/bin/../lib/gcc/arm-none-eabi/15.2.1/thumb/v7-m/nofp/crti.o
                0x08003d30                _fini
 .fini          0x08003d34        0x8 /home/leo/arm-gnu-toolchain-15.2.rel1-x86_64-arm-none-eabi/bin/../lib/gcc/arm-none-eabi/15.2.1/thumb/v7-m/nofp/crtn.o
                0x08003d3c                        . = ALIGN (0x4)
                0x08003d3c                        _etext = .

.vfp11_veneer   0x08003d3c        0x0
 .vfp11_veneer  0x08003d3c        0x0 linker stubs

.v4_bx          0x08003d3c        0x0
 .v4_bx         0x08003d3c        0x0 linker stubs

.iplt           0x08003d3c        0x0
 .iplt          0x08003d3c        0x0 /home/leo/arm-gnu-toolchain-15.2.rel1-x86_64-arm-none-eabi/bin/../lib/gcc/arm-none-eabi/15.2.1/thumb/v7-m/nofp/crtbegin.o

.rodata         0x08003d3c       0x40
                0x08003d3c                        . = ALIGN (0x4)
 *(.rodata)
 *(.rodata*)
 .rodata.aPredivFactorTable.0
                0x08003d3c        0x2 build/stm32f1xx_hal_rcc.o
 *fill*         0x08003d3e        0x2 
 .rodata.aPLLMULFactorTable.1
                0x08003d40       0x10 build/stm32f1xx_hal_rcc.o
 .rodata.aPredivFactorTable.0
                0x08003d50        0x2 build/stm32f1xx_hal_rcc_ex.o
 *fill*         0x08003d52        0x2 
 .rodata.aPLLMULFactorTable.1
                0x08003d54       0x10 build/stm32f1xx_hal_rcc_ex.o
 .rodata.APBPrescTable
                0x08003d64        0x8 build/system_stm32f1xx.o
                0x08003d64                APBPrescTable
 .rodata.AHBPrescTable
                0x08003d6c       0x10 build/system_stm32f1xx.o
                0x08003d6c                AHBPrescTable
                0x08003d7c                        . = ALIGN (0x4)

.ARM.extab      0x08003d7c        0x0
                0x08003d7c                        . = ALIGN (0x4)
 *(.ARM.extab* .gnu.linkonce.armextab.*)
                0x08003d7c                        . = ALIGN (0x4)

.ARM            0x08003d7c        0x0
                0x08003d7c                        . = ALIGN (0x4)
                0x08003d7c                        __exidx_start = .
 *(.ARM.exidx*)
                0x08003d7c                        __exidx_end = .
                0x08003d7c                        . = ALIGN (0x4)

.preinit_array  0x08003d7c        0x0
                0x08003d7c                        . = ALIGN (0x4)
                0x08003d7c                        PROVIDE (__preinit_array_start = .)
 *(.preinit_array*)
                0x08003d7c                        PROVIDE (__preinit_array_end = .)
                0x08003d7c                        . = ALIGN (0x4)

.init_array     0x08003d7c        0x4
                0x08003d7c                        . = ALIGN (0x4)
                0x08003d7c                        PROVIDE (__init_array_start = .)
 *(SORT_BY_NAME(.init_array.*))
 *(.init_array*)
 .init_array    0x08003d7c        0x4 /home/leo/arm-gnu-toolchain-15.2.rel1-x86_64-arm-none-eabi/bin/../lib/gcc/arm-none-eabi/15.2.1/thumb/v7-m/nofp/crtbegin.o
                0x08003d80                        PROVIDE (__init_array_end = .)
                0x08003d80                        . = ALIGN (0x4)

.fini_array     0x08003d80        0x4
                0x08003d80                        . = ALIGN (0x4)
                [!provide]                        PROVIDE (__fini_array_start = .)
 *(SORT_BY_NAME(.fini_array.*))
 *(.fini_array*)
 .fini_array    0x08003d80        0x4 /home/leo/arm-gnu-toolchain-15.2.rel1-x86_64-arm-none-eabi/bin/../lib/gcc/arm-none-eabi/15.2.1/thumb/v7-m/nofp/crtbegin.o
                [!provide]                        PROVIDE (__fini_array_end = .)
                0x08003d84                        . = ALIGN (0x4)
                0x08003d84                        _sidata = LOADADDR (.data)

.rel.dyn        0x08003d84        0x0
 .rel.iplt      0x08003d84        0x0 /home/leo/arm-gnu-toolchain-15.2.rel1-x86_64-arm-none-eabi/bin/../lib/gcc/arm-none-eabi/15.2.1/thumb/v7-m/nofp/crtbegin.o

.data           0x20000000        0xc load address 0x08003d84
                0x20000000                        . = ALIGN (0x4)
                0x20000000                        _sdata = .
 *(.data)
 *(.data*)
 .data.uwTickFreq
                0x20000000        0x1 build/stm32f1xx_hal.o
                0x20000000                uwTickFreq
 *fill*         0x20000001        0x3 
 .data.uwTickPrio
                0x20000004        0x4 build/stm32f1xx_hal.o
                0x20000004                uwTickPrio
 .data.SystemCoreClock
                0x20000008        0x4 build/system_stm32f1xx.o
                0x20000008                SystemCoreClock
 *(.RamFunc)
 *(.RamFunc*)
                0x2000000c                        . = ALIGN (0x4)
                0x2000000c                        _edata = .

.tm_clone_table
                0x2000000c        0x0 load address 0x08003d90
 .tm_clone_table
                0x2000000c        0x0 /home/leo/arm-gnu-toolchain-15.2.rel1-x86_64-arm-none-eabi/bin/../lib/gcc/arm-none-eabi/15.2.1/thumb/v7-m/nofp/crtbegin.o
 .tm_clone_table
                0x2000000c        0x0 /home/leo/arm-gnu-toolchain-15.2.rel1-x86_64-arm-none-eabi/bin/../lib/gcc/arm-none-eabi/15.2.1/thumb/v7-m/nofp/crtend.o

.igot.plt       0x2000000c        0x0 load address 0x08003d90
 .igot.plt      0x2000000c        0x0 /home/leo/arm-gnu-toolchain-15.2.rel1-x86_64-arm-none-eabi/bin/../lib/gcc/arm-none-eabi/15.2.1/thumb/v7-m/nofp/crtbegin.o
                0x2000000c                        . = ALIGN (0x4)

.bss            0x2000000c      0x1c8 load address 0x08003d90
                0x2000000c                        _sbss = .
                0x2000000c                        __bss_start__ = _sbss
 *(.bss)
 *(.bss*)
 .bss.completed.1
                0x2000000c        0x1 /home/leo/arm-gnu-toolchain-15.2.rel1-x86_64-arm-none-eabi/bin/../lib/gcc/arm-none-eabi/15.2.1/thumb/v7-m/nofp/crtbegin.o
 *fill*         0x2000000d        0x3 
 .bss.object.0  0x20000010       0x18 /home/leo/arm-gnu-toolchain-15.2.rel1-x86_64-arm-none-eabi/bin/../lib/gcc/arm-none-eabi/15.2.1/thumb/v7-m/nofp/crtbegin.o
 .bss.hdma_adc1
                0x20000028       0x44 build/adc.o
                0x20000028                hdma_adc1
 .bss.hadc1     0x2000006c       0x30 build/adc.o
                0x2000006c                hadc1
 .bss.hcan      0x2000009c       0x28 build/can.o
                0x2000009c                hcan
 .bss.hdma_usart1_tx
                0x200000c4       0x44 build/usart.o
                0x200000c4                hdma_usart1_tx
 .bss.huart1    0x20000108       0x48 build/usart.o
                0x20000108                huart1
 .bss.adc1_buffer
                0x20000150        0x6 build/application.o
                0x20000150                adc1_buffer
 *fill*         0x20000156        0x2 
 .bss.old_adc_read
                0x20000158        0x4 build/application.o
                0x20000158                old_adc_read
 .bss.vofa      0x2000015c       0x2c build/application.o
                0x2000015c                vofa
 .bss.uwTick    0x20000188        0x4 build/stm32f1xx_hal.o
                0x20000188                uwTick
 .bss.htim1     0x2000018c       0x48 build/tim.o
                0x2000018c                htim1
 *(COMMON)
                0x200001d4                        . = ALIGN (0x4)
                0x200001d4                        _ebss = .
                0x200001d4                        __bss_end__ = _ebss

._user_heap_stack
                0x200001d4      0x604 load address 0x08003d90
                0x200001d8                        . = ALIGN (0x8)
 *fill*         0x200001d4        0x4 
                [!provide]                        PROVIDE (end = .)
                0x200001d8                        PROVIDE (_end = .)
                0x200003d8                        . = (. + _Min_Heap_Size)
 *fill*         0x200001d8      0x200 
                0x200007d8                        . = (. + _Min_Stack_Size)
 *fill*         0x200003d8      0x400 
                0x200007d8                        . = ALIGN (0x8)

/DISCARD/
 libc.a(*)
 libm.a(*)
 libgcc.a(*)
OUTPUT(build/Powermeter.elf elf32-littlearm)
LOAD linker stubs
LOAD /home/leo/arm-gnu-toolchain-15.2.rel1-x86_64-arm-none-eabi/bin/../lib/gcc/arm-none-eabi/15.2.1/../../../../arm-none-eabi/lib/thumb/v7-m/nofp/libc.a
LOAD /home/leo/arm-gnu-toolchain-15.2.rel1-x86_64-arm-none-eabi/bin/../lib/gcc/arm-none-eabi/15.2.1/../../../../arm-none-eabi/lib/thumb/v7-m/nofp/libm.a
LOAD /home/leo/arm-gnu-toolchain-15.2.rel1-x86_64-arm-none-eabi/bin/../lib/gcc/arm-none-eabi/15.2.1/thumb/v7-m/nofp/libgcc.a

.ARM.attributes
                0x00000000       0x29
 .ARM.attributes
                0x00000000       0x1d /home/leo/arm-gnu-toolchain-15.2.rel1-x86_64-arm-none-eabi/bin/../lib/gcc/arm-none-eabi/15.2.1/thumb/v7-m/nofp/crti.o
 .ARM.attributes
                0x0000001d       0x2d /home/leo/arm-gnu-toolchain-15.2.rel1-x86_64-arm-none-eabi/bin/../lib/gcc/arm-none-eabi/15.2.1/thumb/v7-m/nofp/crtbegin.o
 .ARM.attributes
                0x0000004a       0x2d build/main.o
 .ARM.attributes
                0x00000077       0x2d build/gpio.o
 .ARM.attributes
                0x000000a4       0x2d build/adc.o
 .ARM.attributes
                0x000000d1       0x2d build/can.o
 .ARM.attributes
                0x000000fe       0x2d build/usart.o
 .ARM.attributes
                0x0000012b       0x2d build/stm32f1xx_it.o
 .ARM.attributes
                0x00000158       0x2d build/stm32f1xx_hal_msp.o
 .ARM.attributes
                0x00000185       0x2d build/application.o
 .ARM.attributes
                0x000001b2       0x2d build/stm32f1xx_hal_adc.o
 .ARM.attributes
                0x000001df       0x2d build/stm32f1xx_hal_adc_ex.o
 .ARM.attributes
                0x0000020c       0x2d build/stm32f1xx_hal.o
 .ARM.attributes
                0x00000239       0x2d build/stm32f1xx_hal_rcc.o
 .ARM.attributes
                0x00000266       0x2d build/stm32f1xx_hal_rcc_ex.o
 .ARM.attributes
                0x00000293       0x2d build/stm32f1xx_hal_gpio.o
 .ARM.attributes
                0x000002c0       0x2d build/stm32f1xx_hal_dma.o
 .ARM.attributes
                0x000002ed       0x2d build/stm32f1xx_hal_cortex.o
 .ARM.attributes
                0x0000031a       0x2d build/stm32f1xx_hal_can.o
 .ARM.attributes
                0x00000347       0x2d build/stm32f1xx_hal_uart.o
 .ARM.attributes
                0x00000374       0x2d build/system_stm32f1xx.o
 .ARM.attributes
                0x000003a1       0x2d build/dma.o
 .ARM.attributes
                0x000003ce       0x2d build/tim.o
 .ARM.attributes
                0x000003fb       0x2d build/stm32f1xx_hal_tim.o
 .ARM.attributes
                0x00000428       0x2d build/stm32f1xx_hal_tim_ex.o
 .ARM.attributes
                0x00000455       0x21 build/startup_stm32f103xb.o
 .ARM.attributes
                0x00000476       0x2d /home/leo/arm-gnu-toolchain-15.2.rel1-x86_64-arm-none-eabi/bin/../lib/gcc/arm-none-eabi/15.2.1/../../../../arm-none-eabi/lib/thumb/v7-m/nofp/libc_nano.a(libc_a-memset.o)
 .ARM.attributes
                0x000004a3       0x2d /home/leo/arm-gnu-toolchain-15.2.rel1-x86_64-arm-none-eabi/bin/../lib/gcc/arm-none-eabi/15.2.1/../../../../arm-none-eabi/lib/thumb/v7-m/nofp/libc_nano.a(libc_a-init.o)
 .ARM.attributes
                0x000004d0       0x1d /home/leo/arm-gnu-toolchain-15.2.rel1-x86_64-arm-none-eabi/bin/../lib/gcc/arm-none-eabi/15.2.1/thumb/v7-m/nofp/libgcc.a(_arm_addsubsf3.o)
 .ARM.attributes
                0x000004ed       0x1d /home/leo/arm-gnu-toolchain-15.2.rel1-x86_64-arm-none-eabi/bin/../lib/gcc/arm-none-eabi/15.2.1/thumb/v7-m/nofp/libgcc.a(_arm_muldivsf3.o)
 .ARM.attributes
                0x0000050a       0x2d /home/leo/arm-gnu-toolchain-15.2.rel1-x86_64-arm-none-eabi/bin/../lib/gcc/arm-none-eabi/15.2.1/thumb/v7-m/nofp/crtend.o
 .ARM.attributes
                0x00000537       0x1d /home/leo/arm-gnu-toolchain-15.2.rel1-x86_64-arm-none-eabi/bin/../lib/gcc/arm-none-eabi/15.2.1/thumb/v7-m/nofp/crtn.o

.comment        0x00000000       0x45
 .comment       0x00000000       0x45 build/main.o
                                 0x46 (size before relaxing)
 .comment       0x00000045        0x0 build/gpio.o
                                 0x46 (size before relaxing)
 .comment       0x00000045        0x0 build/adc.o
                                 0x46 (size before relaxing)
 .comment       0x00000045        0x0 build/can.o
                                 0x46 (size before relaxing)
 .comment       0x00000045        0x0 build/usart.o
                                 0x46 (size before relaxing)
 .comment       0x00000045        0x0 build/stm32f1xx_it.o
                                 0x46 (size before relaxing)
 .comment       0x00000045        0x0 build/stm32f1xx_hal_msp.o
                                 0x46 (size before relaxing)
 .comment       0x00000045        0x0 build/application.o
                                 0x46 (size before relaxing)
 .comment       0x00000045        0x0 build/stm32f1xx_hal_adc.o
                                 0x46 (size before relaxing)
 .comment       0x00000045        0x0 build/stm32f1xx_hal_adc_ex.o
                                 0x46 (size before relaxing)
 .comment       0x00000045        0x0 build/stm32f1xx_hal.o
                                 0x46 (size before relaxing)
 .comment       0x00000045        0x0 build/stm32f1xx_hal_rcc.o
                                 0x46 (size before relaxing)
 .comment       0x00000045        0x0 build/stm32f1xx_hal_rcc_ex.o
                                 0x46 (size before relaxing)
 .comment       0x00000045        0x0 build/stm32f1xx_hal_gpio.o
                                 0x46 (size before relaxing)
 .comment       0x00000045        0x0 build/stm32f1xx_hal_dma.o
                                 0x46 (size before relaxing)
 .comment       0x00000045        0x0 build/stm32f1xx_hal_cortex.o
                                 0x46 (size before relaxing)
 .comment       0x00000045        0x0 build/stm32f1xx_hal_can.o
                                 0x46 (size before relaxing)
 .comment       0x00000045        0x0 build/stm32f1xx_hal_uart.o
                                 0x46 (size before relaxing)
 .comment       0x00000045        0x0 build/system_stm32f1xx.o
                                 0x46 (size before relaxing)
 .comment       0x00000045        0x0 build/dma.o
                                 0x46 (size before relaxing)
 .comment       0x00000045        0x0 build/tim.o
                                 0x46 (size before relaxing)
 .comment       0x00000045        0x0 build/stm32f1xx_hal_tim.o
                                 0x46 (size before relaxing)
 .comment       0x00000045        0x0 build/stm32f1xx_hal_tim_ex.o
                                 0x46 (size before relaxing)

.debug_info     0x00000000    0x17a27
 .debug_info    0x00000000     0x184c build/main.o
 .debug_info    0x0000184c      0x35e build/gpio.o
 .debug_info    0x00001baa      0xc10 build/adc.o
 .debug_info    0x000027ba      0xab9 build/can.o
 .debug_info    0x00003273      0xba0 build/usart.o
 .debug_info    0x00003e13     0x12cf build/stm32f1xx_it.o
 .debug_info    0x000050e2      0x238 build/stm32f1xx_hal_msp.o
 .debug_info    0x0000531a      0xcfb build/application.o
 .debug_info    0x00006015     0x108e build/stm32f1xx_hal_adc.o
 .debug_info    0x000070a3      0xda2 build/stm32f1xx_hal_adc_ex.o
 .debug_info    0x00007e45      0x87b build/stm32f1xx_hal.o
 .debug_info    0x000086c0      0xb10 build/stm32f1xx_hal_rcc.o
 .debug_info    0x000091d0      0x47d build/stm32f1xx_hal_rcc_ex.o
 .debug_info    0x0000964d      0x6d7 build/stm32f1xx_hal_gpio.o
 .debug_info    0x00009d24      0x8da build/stm32f1xx_hal_dma.o
 .debug_info    0x0000a5fe      0xe3f build/stm32f1xx_hal_cortex.o
 .debug_info    0x0000b43d     0x137d build/stm32f1xx_hal_can.o
 .debug_info    0x0000c7ba     0x3f51 build/stm32f1xx_hal_uart.o
 .debug_info    0x0001070b      0x26e build/system_stm32f1xx.o
 .debug_info    0x00010979      0x365 build/dma.o
 .debug_info    0x00010cde      0xdd8 build/tim.o
 .debug_info    0x00011ab6     0x41d9 build/stm32f1xx_hal_tim.o
 .debug_info    0x00015c8f     0x1d68 build/stm32f1xx_hal_tim_ex.o
 .debug_info    0x000179f7       0x30 build/startup_stm32f103xb.o

.debug_abbrev   0x00000000     0x3343
 .debug_abbrev  0x00000000      0x2ae build/main.o
 .debug_abbrev  0x000002ae      0x14e build/gpio.o
 .debug_abbrev  0x000003fc      0x227 build/adc.o
 .debug_abbrev  0x00000623      0x214 build/can.o
 .debug_abbrev  0x00000837      0x22e build/usart.o
 .debug_abbrev  0x00000a65      0x1e8 build/stm32f1xx_it.o
 .debug_abbrev  0x00000c4d       0xe7 build/stm32f1xx_hal_msp.o
 .debug_abbrev  0x00000d34      0x223 build/application.o
 .debug_abbrev  0x00000f57      0x282 build/stm32f1xx_hal_adc.o
 .debug_abbrev  0x000011d9      0x297 build/stm32f1xx_hal_adc_ex.o
 .debug_abbrev  0x00001470      0x232 build/stm32f1xx_hal.o
 .debug_abbrev  0x000016a2      0x2d6 build/stm32f1xx_hal_rcc.o
 .debug_abbrev  0x00001978      0x1d4 build/stm32f1xx_hal_rcc_ex.o
 .debug_abbrev  0x00001b4c      0x222 build/stm32f1xx_hal_gpio.o
 .debug_abbrev  0x00001d6e      0x261 build/stm32f1xx_hal_dma.o
 .debug_abbrev  0x00001fcf      0x3aa build/stm32f1xx_hal_cortex.o
 .debug_abbrev  0x00002379      0x250 build/stm32f1xx_hal_can.o
 .debug_abbrev  0x000025c9      0x363 build/stm32f1xx_hal_uart.o
 .debug_abbrev  0x0000292c      0x140 build/system_stm32f1xx.o
 .debug_abbrev  0x00002a6c      0x11d build/dma.o
 .debug_abbrev  0x00002b89      0x229 build/tim.o
 .debug_abbrev  0x00002db2      0x2bd build/stm32f1xx_hal_tim.o
 .debug_abbrev  0x0000306f      0x2b7 build/stm32f1xx_hal_tim_ex.o
 .debug_abbrev  0x00003326       0x1d build/startup_stm32f103xb.o

.debug_loc      0x00000000    0x126ac
 .debug_loc     0x00000000      0x315 build/main.o
 .debug_loc     0x00000315       0x38 build/gpio.o
 .debug_loc     0x0000034d      0x125 build/adc.o
 .debug_loc     0x00000472      0x120 build/can.o
 .debug_loc     0x00000592      0x101 build/usart.o
 .debug_loc     0x00000693      0x120 build/stm32f1xx_it.o
 .debug_loc     0x000007b3       0x41 build/stm32f1xx_hal_msp.o
 .debug_loc     0x000007f4       0x67 build/application.o
 .debug_loc     0x0000085b      0xf10 build/stm32f1xx_hal_adc.o
 .debug_loc     0x0000176b      0xb36 build/stm32f1xx_hal_adc_ex.o
 .debug_loc     0x000022a1      0x1f9 build/stm32f1xx_hal.o
 .debug_loc     0x0000249a      0x7c6 build/stm32f1xx_hal_rcc.o
 .debug_loc     0x00002c60      0x44c build/stm32f1xx_hal_rcc_ex.o
 .debug_loc     0x000030ac      0x538 build/stm32f1xx_hal_gpio.o
 .debug_loc     0x000035e4      0x97f build/stm32f1xx_hal_dma.o
 .debug_loc     0x00003f63      0x84b build/stm32f1xx_hal_cortex.o
 .debug_loc     0x000047ae     0x107c build/stm32f1xx_hal_can.o
 .debug_loc     0x0000582a     0x4715 build/stm32f1xx_hal_uart.o
 .debug_loc     0x00009f3f      0x11b build/system_stm32f1xx.o
 .debug_loc     0x0000a05a       0x38 build/dma.o
 .debug_loc     0x0000a092      0x117 build/tim.o
 .debug_loc     0x0000a1a9     0x61e6 build/stm32f1xx_hal_tim.o
 .debug_loc     0x0001038f     0x231d build/stm32f1xx_hal_tim_ex.o

.debug_aranges  0x00000000      0xfa8
 .debug_aranges
                0x00000000       0x50 build/main.o
 .debug_aranges
                0x00000050       0x20 build/gpio.o
 .debug_aranges
                0x00000070       0x30 build/adc.o
 .debug_aranges
                0x000000a0       0x30 build/can.o
 .debug_aranges
                0x000000d0       0x30 build/usart.o
 .debug_aranges
                0x00000100       0xa0 build/stm32f1xx_it.o
 .debug_aranges
                0x000001a0       0x20 build/stm32f1xx_hal_msp.o
 .debug_aranges
                0x000001c0       0x28 build/application.o
 .debug_aranges
                0x000001e8       0xf0 build/stm32f1xx_hal_adc.o
 .debug_aranges
                0x000002d8       0x80 build/stm32f1xx_hal_adc_ex.o
 .debug_aranges
                0x00000358       0xe0 build/stm32f1xx_hal.o
 .debug_aranges
                0x00000438       0x90 build/stm32f1xx_hal_rcc.o
 .debug_aranges
                0x000004c8       0x30 build/stm32f1xx_hal_rcc_ex.o
 .debug_aranges
                0x000004f8       0x58 build/stm32f1xx_hal_gpio.o
 .debug_aranges
                0x00000550       0x80 build/stm32f1xx_hal_dma.o
 .debug_aranges
                0x000005d0       0xc0 build/stm32f1xx_hal_cortex.o
 .debug_aranges
                0x00000690      0x138 build/stm32f1xx_hal_can.o
 .debug_aranges
                0x000007c8      0x208 build/stm32f1xx_hal_uart.o
 .debug_aranges
                0x000009d0       0x28 build/system_stm32f1xx.o
 .debug_aranges
                0x000009f8       0x20 build/dma.o
 .debug_aranges
                0x00000a18       0x30 build/tim.o
 .debug_aranges
                0x00000a48      0x3d0 build/stm32f1xx_hal_tim.o
 .debug_aranges
                0x00000e18      0x168 build/stm32f1xx_hal_tim_ex.o
 .debug_aranges
                0x00000f80       0x28 build/startup_stm32f103xb.o

.debug_ranges   0x00000000      0xe80
 .debug_ranges  0x00000000       0x40 build/main.o
 .debug_ranges  0x00000040       0x10 build/gpio.o
 .debug_ranges  0x00000050       0x20 build/adc.o
 .debug_ranges  0x00000070       0x20 build/can.o
 .debug_ranges  0x00000090       0x20 build/usart.o
 .debug_ranges  0x000000b0       0x90 build/stm32f1xx_it.o
 .debug_ranges  0x00000140       0x10 build/stm32f1xx_hal_msp.o
 .debug_ranges  0x00000150       0x18 build/application.o
 .debug_ranges  0x00000168       0xe0 build/stm32f1xx_hal_adc.o
 .debug_ranges  0x00000248       0x70 build/stm32f1xx_hal_adc_ex.o
 .debug_ranges  0x000002b8       0xd0 build/stm32f1xx_hal.o
 .debug_ranges  0x00000388       0xa0 build/stm32f1xx_hal_rcc.o
 .debug_ranges  0x00000428       0x38 build/stm32f1xx_hal_rcc_ex.o
 .debug_ranges  0x00000460       0x48 build/stm32f1xx_hal_gpio.o
 .debug_ranges  0x000004a8       0x70 build/stm32f1xx_hal_dma.o
 .debug_ranges  0x00000518       0xb0 build/stm32f1xx_hal_cortex.o
 .debug_ranges  0x000005c8      0x128 build/stm32f1xx_hal_can.o
 .debug_ranges  0x000006f0      0x210 build/stm32f1xx_hal_uart.o
 .debug_ranges  0x00000900       0x18 build/system_stm32f1xx.o
 .debug_ranges  0x00000918       0x10 build/dma.o
 .debug_ranges  0x00000928       0x20 build/tim.o
 .debug_ranges  0x00000948      0x3c0 build/stm32f1xx_hal_tim.o
 .debug_ranges  0x00000d08      0x158 build/stm32f1xx_hal_tim_ex.o
 .debug_ranges  0x00000e60       0x20 build/startup_stm32f103xb.o

.debug_line     0x00000000    0x10d3b
 .debug_line    0x00000000      0x56d build/main.o
 .debug_line    0x0000056d      0x1c6 build/gpio.o
 .debug_line    0x00000733      0x3b5 build/adc.o
 .debug_line    0x00000ae8      0x315 build/can.o
 .debug_line    0x00000dfd      0x35f build/usart.o
 .debug_line    0x0000115c      0x3f1 build/stm32f1xx_it.o
 .debug_line    0x0000154d      0x170 build/stm32f1xx_hal_msp.o
 .debug_line    0x000016bd      0x320 build/application.o
 .debug_line    0x000019dd      0xe5c build/stm32f1xx_hal_adc.o
 .debug_line    0x00002839      0xb20 build/stm32f1xx_hal_adc_ex.o
 .debug_line    0x00003359      0x524 build/stm32f1xx_hal.o
 .debug_line    0x0000387d      0xca7 build/stm32f1xx_hal_rcc.o
 .debug_line    0x00004524      0x4a4 build/stm32f1xx_hal_rcc_ex.o
 .debug_line    0x000049c8      0x5db build/stm32f1xx_hal_gpio.o
 .debug_line    0x00004fa3      0xaeb build/stm32f1xx_hal_dma.o
 .debug_line    0x00005a8e      0x6aa build/stm32f1xx_hal_cortex.o
 .debug_line    0x00006138     0x1120 build/stm32f1xx_hal_can.o
 .debug_line    0x00007258     0x3389 build/stm32f1xx_hal_uart.o
 .debug_line    0x0000a5e1      0x239 build/system_stm32f1xx.o
 .debug_line    0x0000a81a      0x195 build/dma.o
 .debug_line    0x0000a9af      0x3be build/tim.o
 .debug_line    0x0000ad6d     0x45f0 build/stm32f1xx_hal_tim.o
 .debug_line    0x0000f35d     0x196d build/stm32f1xx_hal_tim_ex.o
 .debug_line    0x00010cca       0x71 build/startup_stm32f103xb.o

.debug_str      0x00000000     0x47b2
 .debug_str     0x00000000     0x47b2 build/main.o
                                0xf3d (size before relaxing)
 .debug_str     0x000047b2        0x0 build/gpio.o
                                0x25a (size before relaxing)
 .debug_str     0x000047b2        0x0 build/adc.o
                                0x941 (size before relaxing)
 .debug_str     0x000047b2        0x0 build/can.o
                                0x84c (size before relaxing)
 .debug_str     0x000047b2        0x0 build/usart.o
                                0x9e7 (size before relaxing)
 .debug_str     0x000047b2        0x0 build/stm32f1xx_it.o
                                0xda1 (size before relaxing)
 .debug_str     0x000047b2        0x0 build/stm32f1xx_hal_msp.o
                                0x1ee (size before relaxing)
 .debug_str     0x000047b2        0x0 build/application.o
                                0x9b2 (size before relaxing)
 .debug_str     0x000047b2        0x0 build/stm32f1xx_hal_adc.o
                                0x8a9 (size before relaxing)
 .debug_str     0x000047b2        0x0 build/stm32f1xx_hal_adc_ex.o
                                0x88c (size before relaxing)
 .debug_str     0x000047b2        0x0 build/stm32f1xx_hal.o
                                0x7fd (size before relaxing)
 .debug_str     0x000047b2        0x0 build/stm32f1xx_hal_rcc.o
                                0x5fa (size before relaxing)
 .debug_str     0x000047b2        0x0 build/stm32f1xx_hal_rcc_ex.o
                                0x3a2 (size before relaxing)
 .debug_str     0x000047b2        0x0 build/stm32f1xx_hal_gpio.o
                                0x3cf (size before relaxing)
 .debug_str     0x000047b2        0x0 build/stm32f1xx_hal_dma.o
                                0x5cc (size before relaxing)
 .debug_str     0x000047b2        0x0 build/stm32f1xx_hal_cortex.o
                                0x8a2 (size before relaxing)
 .debug_str     0x000047b2        0x0 build/stm32f1xx_hal_can.o
                                0x9f1 (size before relaxing)
 .debug_str     0x000047b2        0x0 build/stm32f1xx_hal_uart.o
                                0xcc3 (size before relaxing)
 .debug_str     0x000047b2        0x0 build/system_stm32f1xx.o
                                0x223 (size before relaxing)
 .debug_str     0x000047b2        0x0 build/dma.o
                                0x4b9 (size before relaxing)
 .debug_str     0x000047b2        0x0 build/tim.o
                                0xc67 (size before relaxing)
 .debug_str     0x000047b2        0x0 build/stm32f1xx_hal_tim.o
                               0x1654 (size before relaxing)
 .debug_str     0x000047b2        0x0 build/stm32f1xx_hal_tim_ex.o
                                0xe60 (size before relaxing)
 .debug_str     0x000047b2        0x0 build/startup_stm32f103xb.o
                                 0x5a (size before relaxing)

.debug_frame    0x00000000     0x286c
 .debug_frame   0x00000000       0xc8 build/main.o
 .debug_frame   0x000000c8       0x34 build/gpio.o
 .debug_frame   0x000000fc       0x68 build/adc.o
 .debug_frame   0x00000164       0x60 build/can.o
 .debug_frame   0x000001c4       0x64 build/usart.o
 .debug_frame   0x00000228      0x168 build/stm32f1xx_it.o
 .debug_frame   0x00000390       0x28 build/stm32f1xx_hal_msp.o
 .debug_frame   0x000003b8       0x44 build/application.o
 .debug_frame   0x000003fc      0x2b8 build/stm32f1xx_hal_adc.o
 .debug_frame   0x000006b4      0x194 build/stm32f1xx_hal_adc_ex.o
 .debug_frame   0x00000848      0x1cc build/stm32f1xx_hal.o
 .debug_frame   0x00000a14      0x184 build/stm32f1xx_hal_rcc.o
 .debug_frame   0x00000b98       0x60 build/stm32f1xx_hal_rcc_ex.o
 .debug_frame   0x00000bf8       0xe4 build/stm32f1xx_hal_gpio.o
 .debug_frame   0x00000cdc      0x124 build/stm32f1xx_hal_dma.o
 .debug_frame   0x00000e00      0x19c build/stm32f1xx_hal_cortex.o
 .debug_frame   0x00000f9c      0x2c4 build/stm32f1xx_hal_can.o
 .debug_frame   0x00001260      0x5e0 build/stm32f1xx_hal_uart.o
 .debug_frame   0x00001840       0x30 build/system_stm32f1xx.o
 .debug_frame   0x00001870       0x2c build/dma.o
 .debug_frame   0x0000189c       0x68 build/tim.o
 .debug_frame   0x00001904      0xab0 build/stm32f1xx_hal_tim.o
 .debug_frame   0x000023b4      0x3e8 build/stm32f1xx_hal_tim_ex.o
 .debug_frame   0x0000279c       0x20 /home/leo/arm-gnu-toolchain-15.2.rel1-x86_64-arm-none-eabi/bin/../lib/gcc/arm-none-eabi/15.2.1/../../../../arm-none-eabi/lib/thumb/v7-m/nofp/libc_nano.a(libc_a-memset.o)
 .debug_frame   0x000027bc       0x2c /home/leo/arm-gnu-toolchain-15.2.rel1-x86_64-arm-none-eabi/bin/../lib/gcc/arm-none-eabi/15.2.1/../../../../arm-none-eabi/lib/thumb/v7-m/nofp/libc_nano.a(libc_a-init.o)
 .debug_frame   0x000027e8       0x4c /home/leo/arm-gnu-toolchain-15.2.rel1-x86_64-arm-none-eabi/bin/../lib/gcc/arm-none-eabi/15.2.1/thumb/v7-m/nofp/libgcc.a(_arm_addsubsf3.o)
 .debug_frame   0x00002834       0x38 /home/leo/arm-gnu-toolchain-15.2.rel1-x86_64-arm-none-eabi/bin/../lib/gcc/arm-none-eabi/15.2.1/thumb/v7-m/nofp/libgcc.a(_arm_muldivsf3.o)

.debug_line_str
                0x00000000       0xc3
 .debug_line_str
                0x00000000       0xc3 /home/leo/arm-gnu-toolchain-15.2.rel1-x86_64-arm-none-eabi/bin/../lib/gcc/arm-none-eabi/15.2.1/thumb/v7-m/nofp/libgcc.a(_arm_addsubsf3.o)
 .debug_line_str
                0x000000c3        0x0 /home/leo/arm-gnu-toolchain-15.2.rel1-x86_64-arm-none-eabi/bin/../lib/gcc/arm-none-eabi/15.2.1/thumb/v7-m/nofp/libgcc.a(_arm_muldivsf3.o)
                                 0xc3 (size before relaxing)

Cross Reference Table

Symbol                                            File
ADC1_2_IRQHandler                                 build/stm32f1xx_it.o
ADC_ConversionStop_Disable                        build/stm32f1xx_hal_adc.o
                                                  build/stm32f1xx_hal_adc_ex.o
ADC_DMAConvCplt                                   build/stm32f1xx_hal_adc.o
                                                  build/stm32f1xx_hal_adc_ex.o
ADC_DMAError                                      build/stm32f1xx_hal_adc.o
                                                  build/stm32f1xx_hal_adc_ex.o
ADC_DMAHalfConvCplt                               build/stm32f1xx_hal_adc.o
                                                  build/stm32f1xx_hal_adc_ex.o
ADC_Enable                                        build/stm32f1xx_hal_adc.o
                                                  build/stm32f1xx_hal_adc_ex.o
AHBPrescTable                                     build/system_stm32f1xx.o
                                                  build/stm32f1xx_hal_rcc.o
APBPrescTable                                     build/system_stm32f1xx.o
                                                  build/stm32f1xx_hal_rcc.o
BusFault_Handler                                  build/stm32f1xx_it.o
CAN1_RX1_IRQHandler                               build/stm32f1xx_it.o
CAN1_SCE_IRQHandler                               build/startup_stm32f103xb.o
CAN_Filter_Mask_Config                            build/main.o
CAN_Init                                          build/main.o
CAN_Send_Data                                     build/main.o
DMA1_Channel1_IRQHandler                          build/stm32f1xx_it.o
DMA1_Channel2_IRQHandler                          build/startup_stm32f103xb.o
DMA1_Channel3_IRQHandler                          build/startup_stm32f103xb.o
DMA1_Channel4_IRQHandler                          build/stm32f1xx_it.o
DMA1_Channel5_IRQHandler                          build/startup_stm32f103xb.o
DMA1_Channel6_IRQHandler                          build/startup_stm32f103xb.o
DMA1_Channel7_IRQHandler                          build/startup_stm32f103xb.o
DebugMon_Handler                                  build/stm32f1xx_it.o
Default_Handler                                   build/startup_stm32f103xb.o
EXTI0_IRQHandler                                  build/startup_stm32f103xb.o
EXTI15_10_IRQHandler                              build/startup_stm32f103xb.o
EXTI1_IRQHandler                                  build/startup_stm32f103xb.o
EXTI2_IRQHandler                                  build/startup_stm32f103xb.o
EXTI3_IRQHandler                                  build/startup_stm32f103xb.o
EXTI4_IRQHandler                                  build/startup_stm32f103xb.o
EXTI9_5_IRQHandler                                build/startup_stm32f103xb.o
Error_Handler                                     build/main.o
                                                  build/tim.o
                                                  build/usart.o
                                                  build/can.o
                                                  build/adc.o
FLASH_IRQHandler                                  build/startup_stm32f103xb.o
FLASH_PageErase                                   build/stm32f1xx_hal_flash_ex.o
                                                  build/stm32f1xx_hal_flash.o
FLASH_WaitForLastOperation                        build/stm32f1xx_hal_flash.o
                                                  build/stm32f1xx_hal_flash_ex.o
HAL_ADCEx_Calibration_Start                       build/stm32f1xx_hal_adc_ex.o
                                                  build/main.o
HAL_ADCEx_InjectedConfigChannel                   build/stm32f1xx_hal_adc_ex.o
HAL_ADCEx_InjectedConvCpltCallback                build/stm32f1xx_hal_adc_ex.o
                                                  build/stm32f1xx_hal_adc.o
HAL_ADCEx_InjectedGetValue                        build/stm32f1xx_hal_adc_ex.o
HAL_ADCEx_InjectedPollForConversion               build/stm32f1xx_hal_adc_ex.o
HAL_ADCEx_InjectedStart                           build/stm32f1xx_hal_adc_ex.o
HAL_ADCEx_InjectedStart_IT                        build/stm32f1xx_hal_adc_ex.o
HAL_ADCEx_InjectedStop                            build/stm32f1xx_hal_adc_ex.o
HAL_ADCEx_InjectedStop_IT                         build/stm32f1xx_hal_adc_ex.o
HAL_ADCEx_MultiModeConfigChannel                  build/stm32f1xx_hal_adc_ex.o
HAL_ADCEx_MultiModeGetValue                       build/stm32f1xx_hal_adc_ex.o
HAL_ADCEx_MultiModeStart_DMA                      build/stm32f1xx_hal_adc_ex.o
HAL_ADCEx_MultiModeStop_DMA                       build/stm32f1xx_hal_adc_ex.o
HAL_ADC_AnalogWDGConfig                           build/stm32f1xx_hal_adc.o
HAL_ADC_ConfigChannel                             build/stm32f1xx_hal_adc.o
                                                  build/adc.o
HAL_ADC_ConvCpltCallback                          build/stm32f1xx_hal_adc.o
HAL_ADC_ConvHalfCpltCallback                      build/stm32f1xx_hal_adc.o
HAL_ADC_DeInit                                    build/stm32f1xx_hal_adc.o
HAL_ADC_ErrorCallback                             build/stm32f1xx_hal_adc.o
HAL_ADC_GetError                                  build/stm32f1xx_hal_adc.o
HAL_ADC_GetState                                  build/stm32f1xx_hal_adc.o
HAL_ADC_GetValue                                  build/stm32f1xx_hal_adc.o
HAL_ADC_IRQHandler                                build/stm32f1xx_hal_adc.o
                                                  build/stm32f1xx_it.o
HAL_ADC_Init                                      build/stm32f1xx_hal_adc.o
                                                  build/adc.o
HAL_ADC_LevelOutOfWindowCallback                  build/stm32f1xx_hal_adc.o
HAL_ADC_MspDeInit                                 build/adc.o
HAL_ADC_MspInit                                   build/adc.o
HAL_ADC_PollForConversion                         build/stm32f1xx_hal_adc.o
HAL_ADC_PollForEvent                              build/stm32f1xx_hal_adc.o
HAL_ADC_Start                                     build/stm32f1xx_hal_adc.o
HAL_ADC_Start_DMA                                 build/stm32f1xx_hal_adc.o
                                                  build/main.o
HAL_ADC_Start_IT                                  build/stm32f1xx_hal_adc.o
HAL_ADC_Stop                                      build/stm32f1xx_hal_adc.o
HAL_ADC_Stop_DMA                                  build/stm32f1xx_hal_adc.o
HAL_ADC_Stop_IT                                   build/stm32f1xx_hal_adc.o
HAL_CAN_AbortTxRequest                            build/stm32f1xx_hal_can.o
HAL_CAN_ActivateNotification                      build/stm32f1xx_hal_can.o
                                                  build/main.o
HAL_CAN_AddTxMessage                              build/stm32f1xx_hal_can.o
                                                  build/main.o
HAL_CAN_ConfigFilter                              build/stm32f1xx_hal_can.o
                                                  build/main.o
HAL_CAN_DeInit                                    build/stm32f1xx_hal_can.o
HAL_CAN_DeactivateNotification                    build/stm32f1xx_hal_can.o
HAL_CAN_ErrorCallback                             build/stm32f1xx_hal_can.o
HAL_CAN_GetError                                  build/stm32f1xx_hal_can.o
HAL_CAN_GetRxFifoFillLevel                        build/stm32f1xx_hal_can.o
HAL_CAN_GetRxMessage                              build/stm32f1xx_hal_can.o
                                                  build/main.o
HAL_CAN_GetState                                  build/stm32f1xx_hal_can.o
HAL_CAN_GetTxMailboxesFreeLevel                   build/stm32f1xx_hal_can.o
HAL_CAN_GetTxTimestamp                            build/stm32f1xx_hal_can.o
HAL_CAN_IRQHandler                                build/stm32f1xx_hal_can.o
                                                  build/stm32f1xx_it.o
HAL_CAN_Init                                      build/stm32f1xx_hal_can.o
                                                  build/can.o
HAL_CAN_IsSleepActive                             build/stm32f1xx_hal_can.o
HAL_CAN_IsTxMessagePending                        build/stm32f1xx_hal_can.o
HAL_CAN_MspDeInit                                 build/can.o
HAL_CAN_MspInit                                   build/can.o
HAL_CAN_RequestSleep                              build/stm32f1xx_hal_can.o
HAL_CAN_ResetError                                build/stm32f1xx_hal_can.o
HAL_CAN_RxFifo0FullCallback                       build/stm32f1xx_hal_can.o
HAL_CAN_RxFifo0MsgPendingCallback                 build/stm32f1xx_hal_can.o
HAL_CAN_RxFifo1FullCallback                       build/stm32f1xx_hal_can.o
HAL_CAN_RxFifo1MsgPendingCallback                 build/main.o
HAL_CAN_SleepCallback                             build/stm32f1xx_hal_can.o
HAL_CAN_Start                                     build/stm32f1xx_hal_can.o
                                                  build/main.o
HAL_CAN_Stop                                      build/stm32f1xx_hal_can.o
HAL_CAN_TxMailbox0AbortCallback                   build/stm32f1xx_hal_can.o
HAL_CAN_TxMailbox0CompleteCallback                build/stm32f1xx_hal_can.o
HAL_CAN_TxMailbox1AbortCallback                   build/stm32f1xx_hal_can.o
HAL_CAN_TxMailbox1CompleteCallback                build/stm32f1xx_hal_can.o
HAL_CAN_TxMailbox2AbortCallback                   build/stm32f1xx_hal_can.o
HAL_CAN_TxMailbox2CompleteCallback                build/stm32f1xx_hal_can.o
HAL_CAN_WakeUp                                    build/stm32f1xx_hal_can.o
HAL_CAN_WakeUpFromRxMsgCallback                   build/stm32f1xx_hal_can.o
HAL_DBGMCU_DisableDBGSleepMode                    build/stm32f1xx_hal.o
HAL_DBGMCU_DisableDBGStandbyMode                  build/stm32f1xx_hal.o
HAL_DBGMCU_DisableDBGStopMode                     build/stm32f1xx_hal.o
HAL_DBGMCU_EnableDBGSleepMode                     build/stm32f1xx_hal.o
HAL_DBGMCU_EnableDBGStandbyMode                   build/stm32f1xx_hal.o
HAL_DBGMCU_EnableDBGStopMode                      build/stm32f1xx_hal.o
HAL_DMA_Abort                                     build/stm32f1xx_hal_dma.o
                                                  build/stm32f1xx_hal_uart.o
                                                  build/stm32f1xx_hal_adc_ex.o
                                                  build/stm32f1xx_hal_adc.o
HAL_DMA_Abort_IT                                  build/stm32f1xx_hal_dma.o
                                                  build/stm32f1xx_hal_tim_ex.o
                                                  build/stm32f1xx_hal_tim.o
                                                  build/stm32f1xx_hal_uart.o
HAL_DMA_DeInit                                    build/stm32f1xx_hal_dma.o
                                                  build/usart.o
                                                  build/adc.o
HAL_DMA_GetError                                  build/stm32f1xx_hal_dma.o
                                                  build/stm32f1xx_hal_uart.o
HAL_DMA_GetState                                  build/stm32f1xx_hal_dma.o
HAL_DMA_IRQHandler                                build/stm32f1xx_hal_dma.o
                                                  build/stm32f1xx_it.o
HAL_DMA_Init                                      build/stm32f1xx_hal_dma.o
                                                  build/usart.o
                                                  build/adc.o
HAL_DMA_PollForTransfer                           build/stm32f1xx_hal_dma.o
HAL_DMA_RegisterCallback                          build/stm32f1xx_hal_dma.o
HAL_DMA_Start                                     build/stm32f1xx_hal_dma.o
HAL_DMA_Start_IT                                  build/stm32f1xx_hal_dma.o
                                                  build/stm32f1xx_hal_tim_ex.o
                                                  build/stm32f1xx_hal_tim.o
                                                  build/stm32f1xx_hal_uart.o
                                                  build/stm32f1xx_hal_adc_ex.o
                                                  build/stm32f1xx_hal_adc.o
HAL_DMA_UnRegisterCallback                        build/stm32f1xx_hal_dma.o
HAL_DeInit                                        build/stm32f1xx_hal.o
HAL_Delay                                         build/stm32f1xx_hal.o
                                                  build/main.o
HAL_EXTI_ClearConfigLine                          build/stm32f1xx_hal_exti.o
HAL_EXTI_ClearPending                             build/stm32f1xx_hal_exti.o
HAL_EXTI_GenerateSWI                              build/stm32f1xx_hal_exti.o
HAL_EXTI_GetConfigLine                            build/stm32f1xx_hal_exti.o
HAL_EXTI_GetHandle                                build/stm32f1xx_hal_exti.o
HAL_EXTI_GetPending                               build/stm32f1xx_hal_exti.o
HAL_EXTI_IRQHandler                               build/stm32f1xx_hal_exti.o
HAL_EXTI_RegisterCallback                         build/stm32f1xx_hal_exti.o
HAL_EXTI_SetConfigLine                            build/stm32f1xx_hal_exti.o
HAL_FLASHEx_Erase                                 build/stm32f1xx_hal_flash_ex.o
HAL_FLASHEx_Erase_IT                              build/stm32f1xx_hal_flash_ex.o
HAL_FLASHEx_OBErase                               build/stm32f1xx_hal_flash_ex.o
HAL_FLASHEx_OBGetConfig                           build/stm32f1xx_hal_flash_ex.o
HAL_FLASHEx_OBGetUserData                         build/stm32f1xx_hal_flash_ex.o
HAL_FLASHEx_OBProgram                             build/stm32f1xx_hal_flash_ex.o
HAL_FLASH_EndOfOperationCallback                  build/stm32f1xx_hal_flash.o
HAL_FLASH_GetError                                build/stm32f1xx_hal_flash.o
HAL_FLASH_IRQHandler                              build/stm32f1xx_hal_flash.o
HAL_FLASH_Lock                                    build/stm32f1xx_hal_flash.o
HAL_FLASH_OB_Launch                               build/stm32f1xx_hal_flash.o
HAL_FLASH_OB_Lock                                 build/stm32f1xx_hal_flash.o
HAL_FLASH_OB_Unlock                               build/stm32f1xx_hal_flash.o
HAL_FLASH_OperationErrorCallback                  build/stm32f1xx_hal_flash.o
HAL_FLASH_Program                                 build/stm32f1xx_hal_flash.o
HAL_FLASH_Program_IT                              build/stm32f1xx_hal_flash.o
HAL_FLASH_Unlock                                  build/stm32f1xx_hal_flash.o
HAL_GPIOEx_ConfigEventout                         build/stm32f1xx_hal_gpio_ex.o
HAL_GPIOEx_DisableEventout                        build/stm32f1xx_hal_gpio_ex.o
HAL_GPIOEx_EnableEventout                         build/stm32f1xx_hal_gpio_ex.o
HAL_GPIO_DeInit                                   build/stm32f1xx_hal_gpio.o
                                                  build/usart.o
                                                  build/can.o
                                                  build/adc.o
HAL_GPIO_EXTI_Callback                            build/stm32f1xx_hal_gpio.o
HAL_GPIO_EXTI_IRQHandler                          build/stm32f1xx_hal_gpio.o
HAL_GPIO_Init                                     build/stm32f1xx_hal_gpio.o
                                                  build/stm32f1xx_hal_rcc.o
                                                  build/usart.o
                                                  build/can.o
                                                  build/adc.o
                                                  build/gpio.o
HAL_GPIO_LockPin                                  build/stm32f1xx_hal_gpio.o
HAL_GPIO_ReadPin                                  build/stm32f1xx_hal_gpio.o
HAL_GPIO_TogglePin                                build/stm32f1xx_hal_gpio.o
HAL_GPIO_WritePin                                 build/stm32f1xx_hal_gpio.o
                                                  build/application.o
                                                  build/gpio.o
                                                  build/main.o
HAL_GetDEVID                                      build/stm32f1xx_hal.o
HAL_GetHalVersion                                 build/stm32f1xx_hal.o
HAL_GetREVID                                      build/stm32f1xx_hal.o
HAL_GetTick                                       build/stm32f1xx_hal.o
                                                  build/stm32f1xx_hal_uart.o
                                                  build/stm32f1xx_hal_can.o
                                                  build/stm32f1xx_hal_flash.o
                                                  build/stm32f1xx_hal_dma.o
                                                  build/stm32f1xx_hal_rcc_ex.o
                                                  build/stm32f1xx_hal_rcc.o
                                                  build/stm32f1xx_hal_adc_ex.o
                                                  build/stm32f1xx_hal_adc.o
HAL_GetTickFreq                                   build/stm32f1xx_hal.o
HAL_GetTickPrio                                   build/stm32f1xx_hal.o
HAL_GetUIDw0                                      build/stm32f1xx_hal.o
HAL_GetUIDw1                                      build/stm32f1xx_hal.o
HAL_GetUIDw2                                      build/stm32f1xx_hal.o
HAL_HalfDuplex_EnableReceiver                     build/stm32f1xx_hal_uart.o
HAL_HalfDuplex_EnableTransmitter                  build/stm32f1xx_hal_uart.o
HAL_HalfDuplex_Init                               build/stm32f1xx_hal_uart.o
HAL_IncTick                                       build/stm32f1xx_hal.o
                                                  build/stm32f1xx_it.o
HAL_Init                                          build/stm32f1xx_hal.o
                                                  build/main.o
HAL_InitTick                                      build/stm32f1xx_hal.o
                                                  build/stm32f1xx_hal_rcc.o
HAL_LIN_Init                                      build/stm32f1xx_hal_uart.o
HAL_LIN_SendBreak                                 build/stm32f1xx_hal_uart.o
HAL_MspDeInit                                     build/stm32f1xx_hal.o
HAL_MspInit                                       build/stm32f1xx_hal_msp.o
HAL_MultiProcessor_EnterMuteMode                  build/stm32f1xx_hal_uart.o
HAL_MultiProcessor_ExitMuteMode                   build/stm32f1xx_hal_uart.o
HAL_MultiProcessor_Init                           build/stm32f1xx_hal_uart.o
HAL_NVIC_ClearPendingIRQ                          build/stm32f1xx_hal_cortex.o
HAL_NVIC_DisableIRQ                               build/stm32f1xx_hal_cortex.o
                                                  build/tim.o
                                                  build/usart.o
                                                  build/can.o
                                                  build/adc.o
HAL_NVIC_EnableIRQ                                build/stm32f1xx_hal_cortex.o
                                                  build/tim.o
                                                  build/dma.o
                                                  build/usart.o
                                                  build/can.o
                                                  build/adc.o
HAL_NVIC_GetActive                                build/stm32f1xx_hal_cortex.o
HAL_NVIC_GetPendingIRQ                            build/stm32f1xx_hal_cortex.o
HAL_NVIC_GetPriority                              build/stm32f1xx_hal_cortex.o
HAL_NVIC_GetPriorityGrouping                      build/stm32f1xx_hal_cortex.o
HAL_NVIC_SetPendingIRQ                            build/stm32f1xx_hal_cortex.o
HAL_NVIC_SetPriority                              build/stm32f1xx_hal_cortex.o
                                                  build/tim.o
                                                  build/dma.o
                                                  build/stm32f1xx_hal.o
                                                  build/usart.o
                                                  build/can.o
                                                  build/adc.o
HAL_NVIC_SetPriorityGrouping                      build/stm32f1xx_hal_cortex.o
                                                  build/stm32f1xx_hal.o
HAL_NVIC_SystemReset                              build/stm32f1xx_hal_cortex.o
                                                  build/stm32f1xx_hal_flash.o
HAL_PWR_ConfigPVD                                 build/stm32f1xx_hal_pwr.o
HAL_PWR_DeInit                                    build/stm32f1xx_hal_pwr.o
HAL_PWR_DisableBkUpAccess                         build/stm32f1xx_hal_pwr.o
HAL_PWR_DisablePVD                                build/stm32f1xx_hal_pwr.o
HAL_PWR_DisableSEVOnPend                          build/stm32f1xx_hal_pwr.o
HAL_PWR_DisableSleepOnExit                        build/stm32f1xx_hal_pwr.o
HAL_PWR_DisableWakeUpPin                          build/stm32f1xx_hal_pwr.o
HAL_PWR_EnableBkUpAccess                          build/stm32f1xx_hal_pwr.o
HAL_PWR_EnablePVD                                 build/stm32f1xx_hal_pwr.o
HAL_PWR_EnableSEVOnPend                           build/stm32f1xx_hal_pwr.o
HAL_PWR_EnableSleepOnExit                         build/stm32f1xx_hal_pwr.o
HAL_PWR_EnableWakeUpPin                           build/stm32f1xx_hal_pwr.o
HAL_PWR_EnterSLEEPMode                            build/stm32f1xx_hal_pwr.o
HAL_PWR_EnterSTANDBYMode                          build/stm32f1xx_hal_pwr.o
HAL_PWR_EnterSTOPMode                             build/stm32f1xx_hal_pwr.o
HAL_PWR_PVDCallback                               build/stm32f1xx_hal_pwr.o
HAL_PWR_PVD_IRQHandler                            build/stm32f1xx_hal_pwr.o
HAL_RCCEx_GetPeriphCLKConfig                      build/stm32f1xx_hal_rcc_ex.o
HAL_RCCEx_GetPeriphCLKFreq                        build/stm32f1xx_hal_rcc_ex.o
                                                  build/stm32f1xx_hal_adc_ex.o
                                                  build/stm32f1xx_hal_adc.o
HAL_RCCEx_PeriphCLKConfig                         build/stm32f1xx_hal_rcc_ex.o
                                                  build/main.o
HAL_RCC_CSSCallback                               build/stm32f1xx_hal_rcc.o
HAL_RCC_ClockConfig                               build/stm32f1xx_hal_rcc.o
                                                  build/main.o
HAL_RCC_DeInit                                    build/stm32f1xx_hal_rcc.o
HAL_RCC_DisableCSS                                build/stm32f1xx_hal_rcc.o
HAL_RCC_EnableCSS                                 build/stm32f1xx_hal_rcc.o
HAL_RCC_GetClockConfig                            build/stm32f1xx_hal_rcc.o
HAL_RCC_GetHCLKFreq                               build/stm32f1xx_hal_rcc.o
HAL_RCC_GetOscConfig                              build/stm32f1xx_hal_rcc.o
HAL_RCC_GetPCLK1Freq                              build/stm32f1xx_hal_rcc.o
                                                  build/stm32f1xx_hal_uart.o
HAL_RCC_GetPCLK2Freq                              build/stm32f1xx_hal_rcc.o
                                                  build/stm32f1xx_hal_uart.o
                                                  build/stm32f1xx_hal_rcc_ex.o
HAL_RCC_GetSysClockFreq                           build/stm32f1xx_hal_rcc.o
HAL_RCC_MCOConfig                                 build/stm32f1xx_hal_rcc.o
HAL_RCC_NMI_IRQHandler                            build/stm32f1xx_hal_rcc.o
HAL_RCC_OscConfig                                 build/stm32f1xx_hal_rcc.o
                                                  build/main.o
HAL_ResumeTick                                    build/stm32f1xx_hal.o
HAL_SYSTICK_CLKSourceConfig                       build/stm32f1xx_hal_cortex.o
HAL_SYSTICK_Callback                              build/stm32f1xx_hal_cortex.o
HAL_SYSTICK_Config                                build/stm32f1xx_hal_cortex.o
                                                  build/stm32f1xx_hal.o
HAL_SYSTICK_IRQHandler                            build/stm32f1xx_hal_cortex.o
HAL_SetTickFreq                                   build/stm32f1xx_hal.o
HAL_SuspendTick                                   build/stm32f1xx_hal.o
HAL_TIMEx_BreakCallback                           build/stm32f1xx_hal_tim_ex.o
                                                  build/stm32f1xx_hal_tim.o
HAL_TIMEx_CommutCallback                          build/stm32f1xx_hal_tim_ex.o
                                                  build/stm32f1xx_hal_tim.o
HAL_TIMEx_CommutHalfCpltCallback                  build/stm32f1xx_hal_tim_ex.o
HAL_TIMEx_ConfigBreakDeadTime                     build/stm32f1xx_hal_tim_ex.o
                                                  build/tim.o
HAL_TIMEx_ConfigCommutEvent                       build/stm32f1xx_hal_tim_ex.o
HAL_TIMEx_ConfigCommutEvent_DMA                   build/stm32f1xx_hal_tim_ex.o
HAL_TIMEx_ConfigCommutEvent_IT                    build/stm32f1xx_hal_tim_ex.o
HAL_TIMEx_GetChannelNState                        build/stm32f1xx_hal_tim_ex.o
HAL_TIMEx_HallSensor_DeInit                       build/stm32f1xx_hal_tim_ex.o
HAL_TIMEx_HallSensor_GetState                     build/stm32f1xx_hal_tim_ex.o
HAL_TIMEx_HallSensor_Init                         build/stm32f1xx_hal_tim_ex.o
HAL_TIMEx_HallSensor_MspDeInit                    build/stm32f1xx_hal_tim_ex.o
HAL_TIMEx_HallSensor_MspInit                      build/stm32f1xx_hal_tim_ex.o
HAL_TIMEx_HallSensor_Start                        build/stm32f1xx_hal_tim_ex.o
HAL_TIMEx_HallSensor_Start_DMA                    build/stm32f1xx_hal_tim_ex.o
HAL_TIMEx_HallSensor_Start_IT                     build/stm32f1xx_hal_tim_ex.o
HAL_TIMEx_HallSensor_Stop                         build/stm32f1xx_hal_tim_ex.o
HAL_TIMEx_HallSensor_Stop_DMA                     build/stm32f1xx_hal_tim_ex.o
HAL_TIMEx_HallSensor_Stop_IT                      build/stm32f1xx_hal_tim_ex.o
HAL_TIMEx_MasterConfigSynchronization             build/stm32f1xx_hal_tim_ex.o
                                                  build/tim.o
HAL_TIMEx_OCN_Start                               build/stm32f1xx_hal_tim_ex.o
HAL_TIMEx_OCN_Start_DMA                           build/stm32f1xx_hal_tim_ex.o
HAL_TIMEx_OCN_Start_IT                            build/stm32f1xx_hal_tim_ex.o
HAL_TIMEx_OCN_Stop                                build/stm32f1xx_hal_tim_ex.o
HAL_TIMEx_OCN_Stop_DMA                            build/stm32f1xx_hal_tim_ex.o
HAL_TIMEx_OCN_Stop_IT                             build/stm32f1xx_hal_tim_ex.o
HAL_TIMEx_OnePulseN_Start                         build/stm32f1xx_hal_tim_ex.o
HAL_TIMEx_OnePulseN_Start_IT                      build/stm32f1xx_hal_tim_ex.o
HAL_TIMEx_OnePulseN_Stop                          build/stm32f1xx_hal_tim_ex.o
HAL_TIMEx_OnePulseN_Stop_IT                       build/stm32f1xx_hal_tim_ex.o
HAL_TIMEx_PWMN_Start                              build/stm32f1xx_hal_tim_ex.o
HAL_TIMEx_PWMN_Start_DMA                          build/stm32f1xx_hal_tim_ex.o
HAL_TIMEx_PWMN_Start_IT                           build/stm32f1xx_hal_tim_ex.o
HAL_TIMEx_PWMN_Stop                               build/stm32f1xx_hal_tim_ex.o
HAL_TIMEx_PWMN_Stop_DMA                           build/stm32f1xx_hal_tim_ex.o
HAL_TIMEx_PWMN_Stop_IT                            build/stm32f1xx_hal_tim_ex.o
HAL_TIMEx_RemapConfig                             build/stm32f1xx_hal_tim_ex.o
HAL_TIM_Base_DeInit                               build/stm32f1xx_hal_tim.o
HAL_TIM_Base_GetState                             build/stm32f1xx_hal_tim.o
HAL_TIM_Base_Init                                 build/stm32f1xx_hal_tim.o
                                                  build/tim.o
HAL_TIM_Base_MspDeInit                            build/tim.o
HAL_TIM_Base_MspInit                              build/tim.o
HAL_TIM_Base_Start                                build/stm32f1xx_hal_tim.o
HAL_TIM_Base_Start_DMA                            build/stm32f1xx_hal_tim.o
HAL_TIM_Base_Start_IT                             build/stm32f1xx_hal_tim.o
                                                  build/main.o
HAL_TIM_Base_Stop                                 build/stm32f1xx_hal_tim.o
HAL_TIM_Base_Stop_DMA                             build/stm32f1xx_hal_tim.o
HAL_TIM_Base_Stop_IT                              build/stm32f1xx_hal_tim.o
HAL_TIM_ConfigClockSource                         build/stm32f1xx_hal_tim.o
                                                  build/tim.o
HAL_TIM_ConfigOCrefClear                          build/stm32f1xx_hal_tim.o
HAL_TIM_ConfigTI1Input                            build/stm32f1xx_hal_tim.o
HAL_TIM_DMABurstState                             build/stm32f1xx_hal_tim.o
HAL_TIM_DMABurst_MultiReadStart                   build/stm32f1xx_hal_tim.o
HAL_TIM_DMABurst_MultiWriteStart                  build/stm32f1xx_hal_tim.o
HAL_TIM_DMABurst_ReadStart                        build/stm32f1xx_hal_tim.o
HAL_TIM_DMABurst_ReadStop                         build/stm32f1xx_hal_tim.o
HAL_TIM_DMABurst_WriteStart                       build/stm32f1xx_hal_tim.o
HAL_TIM_DMABurst_WriteStop                        build/stm32f1xx_hal_tim.o
HAL_TIM_Encoder_DeInit                            build/stm32f1xx_hal_tim.o
HAL_TIM_Encoder_GetState                          build/stm32f1xx_hal_tim.o
HAL_TIM_Encoder_Init                              build/stm32f1xx_hal_tim.o
HAL_TIM_Encoder_MspDeInit                         build/stm32f1xx_hal_tim.o
HAL_TIM_Encoder_MspInit                           build/stm32f1xx_hal_tim.o
HAL_TIM_Encoder_Start                             build/stm32f1xx_hal_tim.o
HAL_TIM_Encoder_Start_DMA                         build/stm32f1xx_hal_tim.o
HAL_TIM_Encoder_Start_IT                          build/stm32f1xx_hal_tim.o
HAL_TIM_Encoder_Stop                              build/stm32f1xx_hal_tim.o
HAL_TIM_Encoder_Stop_DMA                          build/stm32f1xx_hal_tim.o
HAL_TIM_Encoder_Stop_IT                           build/stm32f1xx_hal_tim.o
HAL_TIM_ErrorCallback                             build/stm32f1xx_hal_tim.o
                                                  build/stm32f1xx_hal_tim_ex.o
HAL_TIM_GenerateEvent                             build/stm32f1xx_hal_tim.o
HAL_TIM_GetActiveChannel                          build/stm32f1xx_hal_tim.o
HAL_TIM_GetChannelState                           build/stm32f1xx_hal_tim.o
HAL_TIM_IC_CaptureCallback                        build/stm32f1xx_hal_tim.o
HAL_TIM_IC_CaptureHalfCpltCallback                build/stm32f1xx_hal_tim.o
HAL_TIM_IC_ConfigChannel                          build/stm32f1xx_hal_tim.o
HAL_TIM_IC_DeInit                                 build/stm32f1xx_hal_tim.o
HAL_TIM_IC_GetState                               build/stm32f1xx_hal_tim.o
HAL_TIM_IC_Init                                   build/stm32f1xx_hal_tim.o
HAL_TIM_IC_MspDeInit                              build/stm32f1xx_hal_tim.o
HAL_TIM_IC_MspInit                                build/stm32f1xx_hal_tim.o
HAL_TIM_IC_Start                                  build/stm32f1xx_hal_tim.o
HAL_TIM_IC_Start_DMA                              build/stm32f1xx_hal_tim.o
HAL_TIM_IC_Start_IT                               build/stm32f1xx_hal_tim.o
HAL_TIM_IC_Stop                                   build/stm32f1xx_hal_tim.o
HAL_TIM_IC_Stop_DMA                               build/stm32f1xx_hal_tim.o
HAL_TIM_IC_Stop_IT                                build/stm32f1xx_hal_tim.o
HAL_TIM_IRQHandler                                build/stm32f1xx_hal_tim.o
                                                  build/stm32f1xx_it.o
HAL_TIM_OC_ConfigChannel                          build/stm32f1xx_hal_tim.o
HAL_TIM_OC_DeInit                                 build/stm32f1xx_hal_tim.o
HAL_TIM_OC_DelayElapsedCallback                   build/stm32f1xx_hal_tim.o
HAL_TIM_OC_GetState                               build/stm32f1xx_hal_tim.o
HAL_TIM_OC_Init                                   build/stm32f1xx_hal_tim.o
HAL_TIM_OC_MspDeInit                              build/stm32f1xx_hal_tim.o
HAL_TIM_OC_MspInit                                build/stm32f1xx_hal_tim.o
HAL_TIM_OC_Start                                  build/stm32f1xx_hal_tim.o
HAL_TIM_OC_Start_DMA                              build/stm32f1xx_hal_tim.o
HAL_TIM_OC_Start_IT                               build/stm32f1xx_hal_tim.o
HAL_TIM_OC_Stop                                   build/stm32f1xx_hal_tim.o
HAL_TIM_OC_Stop_DMA                               build/stm32f1xx_hal_tim.o
HAL_TIM_OC_Stop_IT                                build/stm32f1xx_hal_tim.o
HAL_TIM_OnePulse_ConfigChannel                    build/stm32f1xx_hal_tim.o
HAL_TIM_OnePulse_DeInit                           build/stm32f1xx_hal_tim.o
HAL_TIM_OnePulse_GetState                         build/stm32f1xx_hal_tim.o
HAL_TIM_OnePulse_Init                             build/stm32f1xx_hal_tim.o
HAL_TIM_OnePulse_MspDeInit                        build/stm32f1xx_hal_tim.o
HAL_TIM_OnePulse_MspInit                          build/stm32f1xx_hal_tim.o
HAL_TIM_OnePulse_Start                            build/stm32f1xx_hal_tim.o
HAL_TIM_OnePulse_Start_IT                         build/stm32f1xx_hal_tim.o
HAL_TIM_OnePulse_Stop                             build/stm32f1xx_hal_tim.o
HAL_TIM_OnePulse_Stop_IT                          build/stm32f1xx_hal_tim.o
HAL_TIM_PWM_ConfigChannel                         build/stm32f1xx_hal_tim.o
                                                  build/tim.o
HAL_TIM_PWM_DeInit                                build/stm32f1xx_hal_tim.o
HAL_TIM_PWM_GetState                              build/stm32f1xx_hal_tim.o
HAL_TIM_PWM_Init                                  build/stm32f1xx_hal_tim.o
                                                  build/tim.o
HAL_TIM_PWM_MspDeInit                             build/stm32f1xx_hal_tim.o
HAL_TIM_PWM_MspInit                               build/stm32f1xx_hal_tim.o
HAL_TIM_PWM_PulseFinishedCallback                 build/stm32f1xx_hal_tim.o
                                                  build/stm32f1xx_hal_tim_ex.o
HAL_TIM_PWM_PulseFinishedHalfCpltCallback         build/stm32f1xx_hal_tim.o
HAL_TIM_PWM_Start                                 build/stm32f1xx_hal_tim.o
                                                  build/application.o
HAL_TIM_PWM_Start_DMA                             build/stm32f1xx_hal_tim.o
HAL_TIM_PWM_Start_IT                              build/stm32f1xx_hal_tim.o
HAL_TIM_PWM_Stop                                  build/stm32f1xx_hal_tim.o