ARM GAS  C:\Users\Xuleo\AppData\Local\Temp\ccrp89Hs.s 			page 1


   1              		.cpu cortex-m3
   2              		.arch armv7-m
   3              		.fpu softvfp
   4              		.eabi_attribute 20, 1
   5              		.eabi_attribute 21, 1
   6              		.eabi_attribute 23, 3
   7              		.eabi_attribute 24, 1
   8              		.eabi_attribute 25, 1
   9              		.eabi_attribute 26, 1
  10              		.eabi_attribute 30, 1
  11              		.eabi_attribute 34, 1
  12              		.eabi_attribute 18, 4
  13              		.file	"tim.c"
  14              		.text
  15              	.Ltext0:
  16              		.cfi_sections	.debug_frame
  17              		.file 1 "Core/Src/tim.c"
  18              		.section	.text.MX_TIM1_Init,"ax",%progbits
  19              		.align	1
  20              		.global	MX_TIM1_Init
  21              		.syntax unified
  22              		.thumb
  23              		.thumb_func
  25              	MX_TIM1_Init:
  26              	.LFB65:
   1:Core/Src/tim.c **** /* USER CODE BEGIN Header */
   2:Core/Src/tim.c **** /**
   3:Core/Src/tim.c ****   ******************************************************************************
   4:Core/Src/tim.c ****   * @file    tim.c
   5:Core/Src/tim.c ****   * @brief   This file provides code for the configuration
   6:Core/Src/tim.c ****   *          of the TIM instances.
   7:Core/Src/tim.c ****   ******************************************************************************
   8:Core/Src/tim.c ****   * @attention
   9:Core/Src/tim.c ****   *
  10:Core/Src/tim.c ****   * Copyright (c) 2026 STMicroelectronics.
  11:Core/Src/tim.c ****   * All rights reserved.
  12:Core/Src/tim.c ****   *
  13:Core/Src/tim.c ****   * This software is licensed under terms that can be found in the LICENSE file
  14:Core/Src/tim.c ****   * in the root directory of this software component.
  15:Core/Src/tim.c ****   * If no LICENSE file comes with this software, it is provided AS-IS.
  16:Core/Src/tim.c ****   *
  17:Core/Src/tim.c ****   ******************************************************************************
  18:Core/Src/tim.c ****   */
  19:Core/Src/tim.c **** /* USER CODE END Header */
  20:Core/Src/tim.c **** /* Includes ------------------------------------------------------------------*/
  21:Core/Src/tim.c **** #include "tim.h"
  22:Core/Src/tim.c **** 
  23:Core/Src/tim.c **** /* USER CODE BEGIN 0 */
  24:Core/Src/tim.c **** 
  25:Core/Src/tim.c **** /* USER CODE END 0 */
  26:Core/Src/tim.c **** 
  27:Core/Src/tim.c **** TIM_HandleTypeDef htim1;
  28:Core/Src/tim.c **** 
  29:Core/Src/tim.c **** /* TIM1 init function */
  30:Core/Src/tim.c **** void MX_TIM1_Init(void)
  31:Core/Src/tim.c **** {
  27              		.loc 1 31 1 view -0
ARM GAS  C:\Users\Xuleo\AppData\Local\Temp\ccrp89Hs.s 			page 2


  28              		.cfi_startproc
  29              		@ args = 0, pretend = 0, frame = 88
  30              		@ frame_needed = 0, uses_anonymous_args = 0
  31 0000 10B5     		push	{r4, lr}
  32              	.LCFI0:
  33              		.cfi_def_cfa_offset 8
  34              		.cfi_offset 4, -8
  35              		.cfi_offset 14, -4
  36 0002 96B0     		sub	sp, sp, #88
  37              	.LCFI1:
  38              		.cfi_def_cfa_offset 96
  32:Core/Src/tim.c **** 
  33:Core/Src/tim.c ****   /* USER CODE BEGIN TIM1_Init 0 */
  34:Core/Src/tim.c **** 
  35:Core/Src/tim.c ****   /* USER CODE END TIM1_Init 0 */
  36:Core/Src/tim.c **** 
  37:Core/Src/tim.c ****   TIM_ClockConfigTypeDef sClockSourceConfig = {0};
  39              		.loc 1 37 3 view .LVU1
  40              		.loc 1 37 26 is_stmt 0 view .LVU2
  41 0004 0024     		movs	r4, #0
  42 0006 1294     		str	r4, [sp, #72]
  43 0008 1394     		str	r4, [sp, #76]
  44 000a 1494     		str	r4, [sp, #80]
  45 000c 1594     		str	r4, [sp, #84]
  38:Core/Src/tim.c ****   TIM_MasterConfigTypeDef sMasterConfig = {0};
  46              		.loc 1 38 3 is_stmt 1 view .LVU3
  47              		.loc 1 38 27 is_stmt 0 view .LVU4
  48 000e 1094     		str	r4, [sp, #64]
  49 0010 1194     		str	r4, [sp, #68]
  39:Core/Src/tim.c ****   TIM_OC_InitTypeDef sConfigOC = {0};
  50              		.loc 1 39 3 is_stmt 1 view .LVU5
  51              		.loc 1 39 22 is_stmt 0 view .LVU6
  52 0012 0994     		str	r4, [sp, #36]
  53 0014 0A94     		str	r4, [sp, #40]
  54 0016 0B94     		str	r4, [sp, #44]
  55 0018 0C94     		str	r4, [sp, #48]
  56 001a 0D94     		str	r4, [sp, #52]
  57 001c 0E94     		str	r4, [sp, #56]
  58 001e 0F94     		str	r4, [sp, #60]
  40:Core/Src/tim.c ****   TIM_BreakDeadTimeConfigTypeDef sBreakDeadTimeConfig = {0};
  59              		.loc 1 40 3 is_stmt 1 view .LVU7
  60              		.loc 1 40 34 is_stmt 0 view .LVU8
  61 0020 2022     		movs	r2, #32
  62 0022 2146     		mov	r1, r4
  63 0024 01A8     		add	r0, sp, #4
  64 0026 FFF7FEFF 		bl	memset
  65              	.LVL0:
  41:Core/Src/tim.c **** 
  42:Core/Src/tim.c ****   /* USER CODE BEGIN TIM1_Init 1 */
  43:Core/Src/tim.c **** 
  44:Core/Src/tim.c ****   /* USER CODE END TIM1_Init 1 */
  45:Core/Src/tim.c ****   htim1.Instance = TIM1;
  66              		.loc 1 45 3 is_stmt 1 view .LVU9
  67              		.loc 1 45 18 is_stmt 0 view .LVU10
  68 002a 2B48     		ldr	r0, .L15
  69 002c 2B4B     		ldr	r3, .L15+4
  70 002e 0360     		str	r3, [r0]
ARM GAS  C:\Users\Xuleo\AppData\Local\Temp\ccrp89Hs.s 			page 3


  46:Core/Src/tim.c ****   htim1.Init.Prescaler = 71;
  71              		.loc 1 46 3 is_stmt 1 view .LVU11
  72              		.loc 1 46 24 is_stmt 0 view .LVU12
  73 0030 4723     		movs	r3, #71
  74 0032 4360     		str	r3, [r0, #4]
  47:Core/Src/tim.c ****   htim1.Init.CounterMode = TIM_COUNTERMODE_UP;
  75              		.loc 1 47 3 is_stmt 1 view .LVU13
  76              		.loc 1 47 26 is_stmt 0 view .LVU14
  77 0034 8460     		str	r4, [r0, #8]
  48:Core/Src/tim.c ****   htim1.Init.Period = 999;
  78              		.loc 1 48 3 is_stmt 1 view .LVU15
  79              		.loc 1 48 21 is_stmt 0 view .LVU16
  80 0036 40F2E733 		movw	r3, #999
  81 003a C360     		str	r3, [r0, #12]
  49:Core/Src/tim.c ****   htim1.Init.ClockDivision = TIM_CLOCKDIVISION_DIV1;
  82              		.loc 1 49 3 is_stmt 1 view .LVU17
  83              		.loc 1 49 28 is_stmt 0 view .LVU18
  84 003c 0461     		str	r4, [r0, #16]
  50:Core/Src/tim.c ****   htim1.Init.RepetitionCounter = 0;
  85              		.loc 1 50 3 is_stmt 1 view .LVU19
  86              		.loc 1 50 32 is_stmt 0 view .LVU20
  87 003e 4461     		str	r4, [r0, #20]
  51:Core/Src/tim.c ****   htim1.Init.AutoReloadPreload = TIM_AUTORELOAD_PRELOAD_DISABLE;
  88              		.loc 1 51 3 is_stmt 1 view .LVU21
  89              		.loc 1 51 32 is_stmt 0 view .LVU22
  90 0040 8461     		str	r4, [r0, #24]
  52:Core/Src/tim.c ****   if (HAL_TIM_Base_Init(&htim1) != HAL_OK)
  91              		.loc 1 52 3 is_stmt 1 view .LVU23
  92              		.loc 1 52 7 is_stmt 0 view .LVU24
  93 0042 FFF7FEFF 		bl	HAL_TIM_Base_Init
  94              	.LVL1:
  95              		.loc 1 52 6 discriminator 1 view .LVU25
  96 0046 0028     		cmp	r0, #0
  97 0048 34D1     		bne	.L9
  98              	.L2:
  53:Core/Src/tim.c ****   {
  54:Core/Src/tim.c ****     Error_Handler();
  55:Core/Src/tim.c ****   }
  56:Core/Src/tim.c ****   sClockSourceConfig.ClockSource = TIM_CLOCKSOURCE_INTERNAL;
  99              		.loc 1 56 3 is_stmt 1 view .LVU26
 100              		.loc 1 56 34 is_stmt 0 view .LVU27
 101 004a 4FF48053 		mov	r3, #4096
 102 004e 1293     		str	r3, [sp, #72]
  57:Core/Src/tim.c ****   if (HAL_TIM_ConfigClockSource(&htim1, &sClockSourceConfig) != HAL_OK)
 103              		.loc 1 57 3 is_stmt 1 view .LVU28
 104              		.loc 1 57 7 is_stmt 0 view .LVU29
 105 0050 12A9     		add	r1, sp, #72
 106 0052 2148     		ldr	r0, .L15
 107 0054 FFF7FEFF 		bl	HAL_TIM_ConfigClockSource
 108              	.LVL2:
 109              		.loc 1 57 6 discriminator 1 view .LVU30
 110 0058 0028     		cmp	r0, #0
 111 005a 2ED1     		bne	.L10
 112              	.L3:
  58:Core/Src/tim.c ****   {
  59:Core/Src/tim.c ****     Error_Handler();
  60:Core/Src/tim.c ****   }
ARM GAS  C:\Users\Xuleo\AppData\Local\Temp\ccrp89Hs.s 			page 4


  61:Core/Src/tim.c ****   if (HAL_TIM_PWM_Init(&htim1) != HAL_OK)
 113              		.loc 1 61 3 is_stmt 1 view .LVU31
 114              		.loc 1 61 7 is_stmt 0 view .LVU32
 115 005c 1E48     		ldr	r0, .L15
 116 005e FFF7FEFF 		bl	HAL_TIM_PWM_Init
 117              	.LVL3:
 118              		.loc 1 61 6 discriminator 1 view .LVU33
 119 0062 0028     		cmp	r0, #0
 120 0064 2CD1     		bne	.L11
 121              	.L4:
  62:Core/Src/tim.c ****   {
  63:Core/Src/tim.c ****     Error_Handler();
  64:Core/Src/tim.c ****   }
  65:Core/Src/tim.c ****   sMasterConfig.MasterOutputTrigger = TIM_TRGO_RESET;
 122              		.loc 1 65 3 is_stmt 1 view .LVU34
 123              		.loc 1 65 37 is_stmt 0 view .LVU35
 124 0066 0023     		movs	r3, #0
 125 0068 1093     		str	r3, [sp, #64]
  66:Core/Src/tim.c ****   sMasterConfig.MasterSlaveMode = TIM_MASTERSLAVEMODE_DISABLE;
 126              		.loc 1 66 3 is_stmt 1 view .LVU36
 127              		.loc 1 66 33 is_stmt 0 view .LVU37
 128 006a 1193     		str	r3, [sp, #68]
  67:Core/Src/tim.c ****   if (HAL_TIMEx_MasterConfigSynchronization(&htim1, &sMasterConfig) != HAL_OK)
 129              		.loc 1 67 3 is_stmt 1 view .LVU38
 130              		.loc 1 67 7 is_stmt 0 view .LVU39
 131 006c 10A9     		add	r1, sp, #64
 132 006e 1A48     		ldr	r0, .L15
 133 0070 FFF7FEFF 		bl	HAL_TIMEx_MasterConfigSynchronization
 134              	.LVL4:
 135              		.loc 1 67 6 discriminator 1 view .LVU40
 136 0074 38BB     		cbnz	r0, .L12
 137              	.L5:
  68:Core/Src/tim.c ****   {
  69:Core/Src/tim.c ****     Error_Handler();
  70:Core/Src/tim.c ****   }
  71:Core/Src/tim.c ****   sConfigOC.OCMode = TIM_OCMODE_PWM1;
 138              		.loc 1 71 3 is_stmt 1 view .LVU41
 139              		.loc 1 71 20 is_stmt 0 view .LVU42
 140 0076 6023     		movs	r3, #96
 141 0078 0993     		str	r3, [sp, #36]
  72:Core/Src/tim.c ****   sConfigOC.Pulse = 0;
 142              		.loc 1 72 3 is_stmt 1 view .LVU43
 143              		.loc 1 72 19 is_stmt 0 view .LVU44
 144 007a 0022     		movs	r2, #0
 145 007c 0A92     		str	r2, [sp, #40]
  73:Core/Src/tim.c ****   sConfigOC.OCPolarity = TIM_OCPOLARITY_HIGH;
 146              		.loc 1 73 3 is_stmt 1 view .LVU45
 147              		.loc 1 73 24 is_stmt 0 view .LVU46
 148 007e 0B92     		str	r2, [sp, #44]
  74:Core/Src/tim.c ****   sConfigOC.OCNPolarity = TIM_OCNPOLARITY_HIGH;
 149              		.loc 1 74 3 is_stmt 1 view .LVU47
 150              		.loc 1 74 25 is_stmt 0 view .LVU48
 151 0080 0C92     		str	r2, [sp, #48]
  75:Core/Src/tim.c ****   sConfigOC.OCFastMode = TIM_OCFAST_DISABLE;
 152              		.loc 1 75 3 is_stmt 1 view .LVU49
 153              		.loc 1 75 24 is_stmt 0 view .LVU50
 154 0082 0D92     		str	r2, [sp, #52]
ARM GAS  C:\Users\Xuleo\AppData\Local\Temp\ccrp89Hs.s 			page 5


  76:Core/Src/tim.c ****   sConfigOC.OCIdleState = TIM_OCIDLESTATE_RESET;
 155              		.loc 1 76 3 is_stmt 1 view .LVU51
 156              		.loc 1 76 25 is_stmt 0 view .LVU52
 157 0084 0E92     		str	r2, [sp, #56]
  77:Core/Src/tim.c ****   sConfigOC.OCNIdleState = TIM_OCNIDLESTATE_RESET;
 158              		.loc 1 77 3 is_stmt 1 view .LVU53
 159              		.loc 1 77 26 is_stmt 0 view .LVU54
 160 0086 0F92     		str	r2, [sp, #60]
  78:Core/Src/tim.c ****   if (HAL_TIM_PWM_ConfigChannel(&htim1, &sConfigOC, TIM_CHANNEL_1) != HAL_OK)
 161              		.loc 1 78 3 is_stmt 1 view .LVU55
 162              		.loc 1 78 7 is_stmt 0 view .LVU56
 163 0088 09A9     		add	r1, sp, #36
 164 008a 1348     		ldr	r0, .L15
 165 008c FFF7FEFF 		bl	HAL_TIM_PWM_ConfigChannel
 166              	.LVL5:
 167              		.loc 1 78 6 discriminator 1 view .LVU57
 168 0090 E0B9     		cbnz	r0, .L13
 169              	.L6:
  79:Core/Src/tim.c ****   {
  80:Core/Src/tim.c ****     Error_Handler();
  81:Core/Src/tim.c ****   }
  82:Core/Src/tim.c ****   sBreakDeadTimeConfig.OffStateRunMode = TIM_OSSR_DISABLE;
 170              		.loc 1 82 3 is_stmt 1 view .LVU58
 171              		.loc 1 82 40 is_stmt 0 view .LVU59
 172 0092 0023     		movs	r3, #0
 173 0094 0193     		str	r3, [sp, #4]
  83:Core/Src/tim.c ****   sBreakDeadTimeConfig.OffStateIDLEMode = TIM_OSSI_DISABLE;
 174              		.loc 1 83 3 is_stmt 1 view .LVU60
 175              		.loc 1 83 41 is_stmt 0 view .LVU61
 176 0096 0293     		str	r3, [sp, #8]
  84:Core/Src/tim.c ****   sBreakDeadTimeConfig.LockLevel = TIM_LOCKLEVEL_OFF;
 177              		.loc 1 84 3 is_stmt 1 view .LVU62
 178              		.loc 1 84 34 is_stmt 0 view .LVU63
 179 0098 0393     		str	r3, [sp, #12]
  85:Core/Src/tim.c ****   sBreakDeadTimeConfig.DeadTime = 0;
 180              		.loc 1 85 3 is_stmt 1 view .LVU64
 181              		.loc 1 85 33 is_stmt 0 view .LVU65
 182 009a 0493     		str	r3, [sp, #16]
  86:Core/Src/tim.c ****   sBreakDeadTimeConfig.BreakState = TIM_BREAK_DISABLE;
 183              		.loc 1 86 3 is_stmt 1 view .LVU66
 184              		.loc 1 86 35 is_stmt 0 view .LVU67
 185 009c 0593     		str	r3, [sp, #20]
  87:Core/Src/tim.c ****   sBreakDeadTimeConfig.BreakPolarity = TIM_BREAKPOLARITY_HIGH;
 186              		.loc 1 87 3 is_stmt 1 view .LVU68
 187              		.loc 1 87 38 is_stmt 0 view .LVU69
 188 009e 4FF40052 		mov	r2, #8192
 189 00a2 0692     		str	r2, [sp, #24]
  88:Core/Src/tim.c ****   sBreakDeadTimeConfig.AutomaticOutput = TIM_AUTOMATICOUTPUT_DISABLE;
 190              		.loc 1 88 3 is_stmt 1 view .LVU70
 191              		.loc 1 88 40 is_stmt 0 view .LVU71
 192 00a4 0893     		str	r3, [sp, #32]
  89:Core/Src/tim.c ****   if (HAL_TIMEx_ConfigBreakDeadTime(&htim1, &sBreakDeadTimeConfig) != HAL_OK)
 193              		.loc 1 89 3 is_stmt 1 view .LVU72
 194              		.loc 1 89 7 is_stmt 0 view .LVU73
 195 00a6 01A9     		add	r1, sp, #4
 196 00a8 0B48     		ldr	r0, .L15
 197 00aa FFF7FEFF 		bl	HAL_TIMEx_ConfigBreakDeadTime
ARM GAS  C:\Users\Xuleo\AppData\Local\Temp\ccrp89Hs.s 			page 6


 198              	.LVL6:
 199              		.loc 1 89 6 discriminator 1 view .LVU74
 200 00ae 80B9     		cbnz	r0, .L14
 201              	.L1:
  90:Core/Src/tim.c ****   {
  91:Core/Src/tim.c ****     Error_Handler();
  92:Core/Src/tim.c ****   }
  93:Core/Src/tim.c ****   /* USER CODE BEGIN TIM1_Init 2 */
  94:Core/Src/tim.c **** 
  95:Core/Src/tim.c ****   /* USER CODE END TIM1_Init 2 */
  96:Core/Src/tim.c **** 
  97:Core/Src/tim.c **** }
 202              		.loc 1 97 1 view .LVU75
 203 00b0 16B0     		add	sp, sp, #88
 204              	.LCFI2:
 205              		.cfi_remember_state
 206              		.cfi_def_cfa_offset 8
 207              		@ sp needed
 208 00b2 10BD     		pop	{r4, pc}
 209              	.L9:
 210              	.LCFI3:
 211              		.cfi_restore_state
  54:Core/Src/tim.c ****   }
 212              		.loc 1 54 5 is_stmt 1 view .LVU76
 213 00b4 FFF7FEFF 		bl	Error_Handler
 214              	.LVL7:
 215 00b8 C7E7     		b	.L2
 216              	.L10:
  59:Core/Src/tim.c ****   }
 217              		.loc 1 59 5 view .LVU77
 218 00ba FFF7FEFF 		bl	Error_Handler
 219              	.LVL8:
 220 00be CDE7     		b	.L3
 221              	.L11:
  63:Core/Src/tim.c ****   }
 222              		.loc 1 63 5 view .LVU78
 223 00c0 FFF7FEFF 		bl	Error_Handler
 224              	.LVL9:
 225 00c4 CFE7     		b	.L4
 226              	.L12:
  69:Core/Src/tim.c ****   }
 227              		.loc 1 69 5 view .LVU79
 228 00c6 FFF7FEFF 		bl	Error_Handler
 229              	.LVL10:
 230 00ca D4E7     		b	.L5
 231              	.L13:
  80:Core/Src/tim.c ****   }
 232              		.loc 1 80 5 view .LVU80
 233 00cc FFF7FEFF 		bl	Error_Handler
 234              	.LVL11:
 235 00d0 DFE7     		b	.L6
 236              	.L14:
  91:Core/Src/tim.c ****   }
 237              		.loc 1 91 5 view .LVU81
 238 00d2 FFF7FEFF 		bl	Error_Handler
 239              	.LVL12:
 240              		.loc 1 97 1 is_stmt 0 view .LVU82
ARM GAS  C:\Users\Xuleo\AppData\Local\Temp\ccrp89Hs.s 			page 7


 241 00d6 EBE7     		b	.L1
 242              	.L16:
 243              		.align	2
 244              	.L15:
 245 00d8 00000000 		.word	htim1
 246 00dc 002C0140 		.word	1073818624
 247              		.cfi_endproc
 248              	.LFE65:
 250              		.section	.text.HAL_TIM_Base_MspInit,"ax",%progbits
 251              		.align	1
 252              		.global	HAL_TIM_Base_MspInit
 253              		.syntax unified
 254              		.thumb
 255              		.thumb_func
 257              	HAL_TIM_Base_MspInit:
 258              	.LVL13:
 259              	.LFB66:
  98:Core/Src/tim.c **** 
  99:Core/Src/tim.c **** void HAL_TIM_Base_MspInit(TIM_HandleTypeDef* tim_baseHandle)
 100:Core/Src/tim.c **** {
 260              		.loc 1 100 1 is_stmt 1 view -0
 261              		.cfi_startproc
 262              		@ args = 0, pretend = 0, frame = 8
 263              		@ frame_needed = 0, uses_anonymous_args = 0
 101:Core/Src/tim.c **** 
 102:Core/Src/tim.c ****   if(tim_baseHandle->Instance==TIM1)
 264              		.loc 1 102 3 view .LVU84
 265              		.loc 1 102 20 is_stmt 0 view .LVU85
 266 0000 0268     		ldr	r2, [r0]
 267              		.loc 1 102 5 view .LVU86
 268 0002 0D4B     		ldr	r3, .L24
 269 0004 9A42     		cmp	r2, r3
 270 0006 00D0     		beq	.L23
 271 0008 7047     		bx	lr
 272              	.L23:
 100:Core/Src/tim.c **** 
 273              		.loc 1 100 1 view .LVU87
 274 000a 00B5     		push	{lr}
 275              	.LCFI4:
 276              		.cfi_def_cfa_offset 4
 277              		.cfi_offset 14, -4
 278 000c 83B0     		sub	sp, sp, #12
 279              	.LCFI5:
 280              		.cfi_def_cfa_offset 16
 103:Core/Src/tim.c ****   {
 104:Core/Src/tim.c ****   /* USER CODE BEGIN TIM1_MspInit 0 */
 105:Core/Src/tim.c **** 
 106:Core/Src/tim.c ****   /* USER CODE END TIM1_MspInit 0 */
 107:Core/Src/tim.c ****     /* TIM1 clock enable */
 108:Core/Src/tim.c ****     __HAL_RCC_TIM1_CLK_ENABLE();
 281              		.loc 1 108 5 is_stmt 1 view .LVU88
 282              	.LBB2:
 283              		.loc 1 108 5 view .LVU89
 284              		.loc 1 108 5 view .LVU90
 285 000e 03F56443 		add	r3, r3, #58368
 286 0012 9A69     		ldr	r2, [r3, #24]
 287 0014 42F40062 		orr	r2, r2, #2048
ARM GAS  C:\Users\Xuleo\AppData\Local\Temp\ccrp89Hs.s 			page 8


 288 0018 9A61     		str	r2, [r3, #24]
 289              		.loc 1 108 5 view .LVU91
 290 001a 9B69     		ldr	r3, [r3, #24]
 291 001c 03F40063 		and	r3, r3, #2048
 292 0020 0193     		str	r3, [sp, #4]
 293              		.loc 1 108 5 view .LVU92
 294 0022 019B     		ldr	r3, [sp, #4]
 295              	.LBE2:
 296              		.loc 1 108 5 view .LVU93
 109:Core/Src/tim.c **** 
 110:Core/Src/tim.c ****     /* TIM1 interrupt Init */
 111:Core/Src/tim.c ****     HAL_NVIC_SetPriority(TIM1_UP_IRQn, 0, 0);
 297              		.loc 1 111 5 view .LVU94
 298 0024 0022     		movs	r2, #0
 299 0026 1146     		mov	r1, r2
 300 0028 1920     		movs	r0, #25
 301              	.LVL14:
 302              		.loc 1 111 5 is_stmt 0 view .LVU95
 303 002a FFF7FEFF 		bl	HAL_NVIC_SetPriority
 304              	.LVL15:
 112:Core/Src/tim.c ****     HAL_NVIC_EnableIRQ(TIM1_UP_IRQn);
 305              		.loc 1 112 5 is_stmt 1 view .LVU96
 306 002e 1920     		movs	r0, #25
 307 0030 FFF7FEFF 		bl	HAL_NVIC_EnableIRQ
 308              	.LVL16:
 113:Core/Src/tim.c ****   /* USER CODE BEGIN TIM1_MspInit 1 */
 114:Core/Src/tim.c **** 
 115:Core/Src/tim.c ****   /* USER CODE END TIM1_MspInit 1 */
 116:Core/Src/tim.c ****   }
 117:Core/Src/tim.c **** }
 309              		.loc 1 117 1 is_stmt 0 view .LVU97
 310 0034 03B0     		add	sp, sp, #12
 311              	.LCFI6:
 312              		.cfi_def_cfa_offset 4
 313              		@ sp needed
 314 0036 00BD     		pop	{pc}
 315              	.L25:
 316              		.align	2
 317              	.L24:
 318 0038 002C0140 		.word	1073818624
 319              		.cfi_endproc
 320              	.LFE66:
 322              		.section	.text.HAL_TIM_Base_MspDeInit,"ax",%progbits
 323              		.align	1
 324              		.global	HAL_TIM_Base_MspDeInit
 325              		.syntax unified
 326              		.thumb
 327              		.thumb_func
 329              	HAL_TIM_Base_MspDeInit:
 330              	.LVL17:
 331              	.LFB67:
 118:Core/Src/tim.c **** 
 119:Core/Src/tim.c **** void HAL_TIM_Base_MspDeInit(TIM_HandleTypeDef* tim_baseHandle)
 120:Core/Src/tim.c **** {
 332              		.loc 1 120 1 is_stmt 1 view -0
 333              		.cfi_startproc
 334              		@ args = 0, pretend = 0, frame = 0
ARM GAS  C:\Users\Xuleo\AppData\Local\Temp\ccrp89Hs.s 			page 9


 335              		@ frame_needed = 0, uses_anonymous_args = 0
 336              		.loc 1 120 1 is_stmt 0 view .LVU99
 337 0000 08B5     		push	{r3, lr}
 338              	.LCFI7:
 339              		.cfi_def_cfa_offset 8
 340              		.cfi_offset 3, -8
 341              		.cfi_offset 14, -4
 121:Core/Src/tim.c **** 
 122:Core/Src/tim.c ****   if(tim_baseHandle->Instance==TIM1)
 342              		.loc 1 122 3 is_stmt 1 view .LVU100
 343              		.loc 1 122 20 is_stmt 0 view .LVU101
 344 0002 0268     		ldr	r2, [r0]
 345              		.loc 1 122 5 view .LVU102
 346 0004 064B     		ldr	r3, .L30
 347 0006 9A42     		cmp	r2, r3
 348 0008 00D0     		beq	.L29
 349              	.LVL18:
 350              	.L26:
 123:Core/Src/tim.c ****   {
 124:Core/Src/tim.c ****   /* USER CODE BEGIN TIM1_MspDeInit 0 */
 125:Core/Src/tim.c **** 
 126:Core/Src/tim.c ****   /* USER CODE END TIM1_MspDeInit 0 */
 127:Core/Src/tim.c ****     /* Peripheral clock disable */
 128:Core/Src/tim.c ****     __HAL_RCC_TIM1_CLK_DISABLE();
 129:Core/Src/tim.c **** 
 130:Core/Src/tim.c ****     /* TIM1 interrupt Deinit */
 131:Core/Src/tim.c ****     HAL_NVIC_DisableIRQ(TIM1_UP_IRQn);
 132:Core/Src/tim.c ****   /* USER CODE BEGIN TIM1_MspDeInit 1 */
 133:Core/Src/tim.c **** 
 134:Core/Src/tim.c ****   /* USER CODE END TIM1_MspDeInit 1 */
 135:Core/Src/tim.c ****   }
 136:Core/Src/tim.c **** }
 351              		.loc 1 136 1 view .LVU103
 352 000a 08BD     		pop	{r3, pc}
 353              	.LVL19:
 354              	.L29:
 128:Core/Src/tim.c **** 
 355              		.loc 1 128 5 is_stmt 1 view .LVU104
 356 000c 054A     		ldr	r2, .L30+4
 357 000e 9369     		ldr	r3, [r2, #24]
 358 0010 23F40063 		bic	r3, r3, #2048
 359 0014 9361     		str	r3, [r2, #24]
 131:Core/Src/tim.c ****   /* USER CODE BEGIN TIM1_MspDeInit 1 */
 360              		.loc 1 131 5 view .LVU105
 361 0016 1920     		movs	r0, #25
 362              	.LVL20:
 131:Core/Src/tim.c ****   /* USER CODE BEGIN TIM1_MspDeInit 1 */
 363              		.loc 1 131 5 is_stmt 0 view .LVU106
 364 0018 FFF7FEFF 		bl	HAL_NVIC_DisableIRQ
 365              	.LVL21:
 366              		.loc 1 136 1 view .LVU107
 367 001c F5E7     		b	.L26
 368              	.L31:
 369 001e 00BF     		.align	2
 370              	.L30:
 371 0020 002C0140 		.word	1073818624
 372 0024 00100240 		.word	1073876992
ARM GAS  C:\Users\Xuleo\AppData\Local\Temp\ccrp89Hs.s 			page 10


 373              		.cfi_endproc
 374              	.LFE67:
 376              		.global	htim1
 377              		.section	.bss.htim1,"aw",%nobits
 378              		.align	2
 381              	htim1:
 382 0000 00000000 		.space	72
 382      00000000 
 382      00000000 
 382      00000000 
 382      00000000 
 383              		.text
 384              	.Letext0:
 385              		.file 2 "Drivers/CMSIS/Device/ST/STM32F1xx/Include/stm32f103xb.h"
 386              		.file 3 "C:/thirdpartyLibs/arm-gnu-toolchain-15.2/arm-none-eabi/include/machine/_default_types.h"
 387              		.file 4 "C:/thirdpartyLibs/arm-gnu-toolchain-15.2/arm-none-eabi/include/sys/_stdint.h"
 388              		.file 5 "Drivers/STM32F1xx_HAL_Driver/Inc/stm32f1xx_hal_def.h"
 389              		.file 6 "Drivers/STM32F1xx_HAL_Driver/Inc/stm32f1xx_hal_dma.h"
 390              		.file 7 "Drivers/STM32F1xx_HAL_Driver/Inc/stm32f1xx_hal_tim.h"
 391              		.file 8 "Drivers/STM32F1xx_HAL_Driver/Inc/stm32f1xx_hal_cortex.h"
 392              		.file 9 "Drivers/STM32F1xx_HAL_Driver/Inc/stm32f1xx_hal_tim_ex.h"
 393              		.file 10 "Core/Inc/tim.h"
 394              		.file 11 "Core/Inc/main.h"
 395              		.file 12 "<built-in>"
ARM GAS  C:\Users\Xuleo\AppData\Local\Temp\ccrp89Hs.s 			page 11


DEFINED SYMBOLS
                            *ABS*:00000000 tim.c
C:\Users\Xuleo\AppData\Local\Temp\ccrp89Hs.s:19     .text.MX_TIM1_Init:00000000 $t
C:\Users\Xuleo\AppData\Local\Temp\ccrp89Hs.s:25     .text.MX_TIM1_Init:00000000 MX_TIM1_Init
C:\Users\Xuleo\AppData\Local\Temp\ccrp89Hs.s:245    .text.MX_TIM1_Init:000000d8 $d
C:\Users\Xuleo\AppData\Local\Temp\ccrp89Hs.s:381    .bss.htim1:00000000 htim1
C:\Users\Xuleo\AppData\Local\Temp\ccrp89Hs.s:251    .text.HAL_TIM_Base_MspInit:00000000 $t
C:\Users\Xuleo\AppData\Local\Temp\ccrp89Hs.s:257    .text.HAL_TIM_Base_MspInit:00000000 HAL_TIM_Base_MspInit
C:\Users\Xuleo\AppData\Local\Temp\ccrp89Hs.s:318    .text.HAL_TIM_Base_MspInit:00000038 $d
C:\Users\Xuleo\AppData\Local\Temp\ccrp89Hs.s:323    .text.HAL_TIM_Base_MspDeInit:00000000 $t
C:\Users\Xuleo\AppData\Local\Temp\ccrp89Hs.s:329    .text.HAL_TIM_Base_MspDeInit:00000000 HAL_TIM_Base_MspDeInit
C:\Users\Xuleo\AppData\Local\Temp\ccrp89Hs.s:371    .text.HAL_TIM_Base_MspDeInit:00000020 $d
C:\Users\Xuleo\AppData\Local\Temp\ccrp89Hs.s:378    .bss.htim1:00000000 $d

UNDEFINED SYMBOLS
memset
HAL_TIM_Base_Init
HAL_TIM_ConfigClockSource
HAL_TIM_PWM_Init
HAL_TIMEx_MasterConfigSynchronization
HAL_TIM_PWM_ConfigChannel
HAL_TIMEx_ConfigBreakDeadTime
Error_Handler
HAL_NVIC_SetPriority
HAL_NVIC_EnableIRQ
HAL_NVIC_DisableIRQ
