ARM GAS  C:\Users\Xuleo\AppData\Local\Temp\ccWFnvn7.s 			page 1


   1              		.cpu cortex-m3
   2              		.arch armv7-m
   3              		.fpu softvfp
   4              		.eabi_attribute 20, 1
   5              		.eabi_attribute 21, 1
   6              		.eabi_attribute 23, 3
   7              		.eabi_attribute 24, 1
   8              		.eabi_attribute 25, 1
   9              		.eabi_attribute 26, 1
  10              		.eabi_attribute 30, 1
  11              		.eabi_attribute 34, 1
  12              		.eabi_attribute 18, 4
  13              		.file	"usart.c"
  14              		.text
  15              	.Ltext0:
  16              		.cfi_sections	.debug_frame
  17              		.file 1 "Core/Src/usart.c"
  18              		.section	.text.MX_USART1_UART_Init,"ax",%progbits
  19              		.align	1
  20              		.global	MX_USART1_UART_Init
  21              		.syntax unified
  22              		.thumb
  23              		.thumb_func
  25              	MX_USART1_UART_Init:
  26              	.LFB65:
   1:Core/Src/usart.c **** /* USER CODE BEGIN Header */
   2:Core/Src/usart.c **** /**
   3:Core/Src/usart.c ****   ******************************************************************************
   4:Core/Src/usart.c ****   * @file    usart.c
   5:Core/Src/usart.c ****   * @brief   This file provides code for the configuration
   6:Core/Src/usart.c ****   *          of the USART instances.
   7:Core/Src/usart.c ****   ******************************************************************************
   8:Core/Src/usart.c ****   * @attention
   9:Core/Src/usart.c ****   *
  10:Core/Src/usart.c ****   * Copyright (c) 2025 STMicroelectronics.
  11:Core/Src/usart.c ****   * All rights reserved.
  12:Core/Src/usart.c ****   *
  13:Core/Src/usart.c ****   * This software is licensed under terms that can be found in the LICENSE file
  14:Core/Src/usart.c ****   * in the root directory of this software component.
  15:Core/Src/usart.c ****   * If no LICENSE file comes with this software, it is provided AS-IS.
  16:Core/Src/usart.c ****   *
  17:Core/Src/usart.c ****   ******************************************************************************
  18:Core/Src/usart.c ****   */
  19:Core/Src/usart.c **** /* USER CODE END Header */
  20:Core/Src/usart.c **** /* Includes ------------------------------------------------------------------*/
  21:Core/Src/usart.c **** #include "usart.h"
  22:Core/Src/usart.c **** 
  23:Core/Src/usart.c **** /* USER CODE BEGIN 0 */
  24:Core/Src/usart.c **** 
  25:Core/Src/usart.c **** /* USER CODE END 0 */
  26:Core/Src/usart.c **** 
  27:Core/Src/usart.c **** UART_HandleTypeDef huart1;
  28:Core/Src/usart.c **** DMA_HandleTypeDef hdma_usart1_tx;
  29:Core/Src/usart.c **** 
  30:Core/Src/usart.c **** /* USART1 init function */
  31:Core/Src/usart.c **** 
  32:Core/Src/usart.c **** void MX_USART1_UART_Init(void)
ARM GAS  C:\Users\Xuleo\AppData\Local\Temp\ccWFnvn7.s 			page 2


  33:Core/Src/usart.c **** {
  27              		.loc 1 33 1 view -0
  28              		.cfi_startproc
  29              		@ args = 0, pretend = 0, frame = 0
  30              		@ frame_needed = 0, uses_anonymous_args = 0
  31 0000 08B5     		push	{r3, lr}
  32              	.LCFI0:
  33              		.cfi_def_cfa_offset 8
  34              		.cfi_offset 3, -8
  35              		.cfi_offset 14, -4
  34:Core/Src/usart.c **** 
  35:Core/Src/usart.c ****   /* USER CODE BEGIN USART1_Init 0 */
  36:Core/Src/usart.c **** 
  37:Core/Src/usart.c ****   /* USER CODE END USART1_Init 0 */
  38:Core/Src/usart.c **** 
  39:Core/Src/usart.c ****   /* USER CODE BEGIN USART1_Init 1 */
  40:Core/Src/usart.c **** 
  41:Core/Src/usart.c ****   /* USER CODE END USART1_Init 1 */
  42:Core/Src/usart.c ****   huart1.Instance = USART1;
  36              		.loc 1 42 3 view .LVU1
  37              		.loc 1 42 19 is_stmt 0 view .LVU2
  38 0002 0A48     		ldr	r0, .L5
  39 0004 0A4B     		ldr	r3, .L5+4
  40 0006 0360     		str	r3, [r0]
  43:Core/Src/usart.c ****   huart1.Init.BaudRate = 921600;
  41              		.loc 1 43 3 is_stmt 1 view .LVU3
  42              		.loc 1 43 24 is_stmt 0 view .LVU4
  43 0008 4FF46123 		mov	r3, #921600
  44 000c 4360     		str	r3, [r0, #4]
  44:Core/Src/usart.c ****   huart1.Init.WordLength = UART_WORDLENGTH_8B;
  45              		.loc 1 44 3 is_stmt 1 view .LVU5
  46              		.loc 1 44 26 is_stmt 0 view .LVU6
  47 000e 0023     		movs	r3, #0
  48 0010 8360     		str	r3, [r0, #8]
  45:Core/Src/usart.c ****   huart1.Init.StopBits = UART_STOPBITS_1;
  49              		.loc 1 45 3 is_stmt 1 view .LVU7
  50              		.loc 1 45 24 is_stmt 0 view .LVU8
  51 0012 C360     		str	r3, [r0, #12]
  46:Core/Src/usart.c ****   huart1.Init.Parity = UART_PARITY_NONE;
  52              		.loc 1 46 3 is_stmt 1 view .LVU9
  53              		.loc 1 46 22 is_stmt 0 view .LVU10
  54 0014 0361     		str	r3, [r0, #16]
  47:Core/Src/usart.c ****   huart1.Init.Mode = UART_MODE_TX_RX;
  55              		.loc 1 47 3 is_stmt 1 view .LVU11
  56              		.loc 1 47 20 is_stmt 0 view .LVU12
  57 0016 0C22     		movs	r2, #12
  58 0018 4261     		str	r2, [r0, #20]
  48:Core/Src/usart.c ****   huart1.Init.HwFlowCtl = UART_HWCONTROL_NONE;
  59              		.loc 1 48 3 is_stmt 1 view .LVU13
  60              		.loc 1 48 25 is_stmt 0 view .LVU14
  61 001a 8361     		str	r3, [r0, #24]
  49:Core/Src/usart.c ****   huart1.Init.OverSampling = UART_OVERSAMPLING_16;
  62              		.loc 1 49 3 is_stmt 1 view .LVU15
  63              		.loc 1 49 28 is_stmt 0 view .LVU16
  64 001c C361     		str	r3, [r0, #28]
  50:Core/Src/usart.c ****   if (HAL_UART_Init(&huart1) != HAL_OK)
  65              		.loc 1 50 3 is_stmt 1 view .LVU17
ARM GAS  C:\Users\Xuleo\AppData\Local\Temp\ccWFnvn7.s 			page 3


  66              		.loc 1 50 7 is_stmt 0 view .LVU18
  67 001e FFF7FEFF 		bl	HAL_UART_Init
  68              	.LVL0:
  69              		.loc 1 50 6 discriminator 1 view .LVU19
  70 0022 00B9     		cbnz	r0, .L4
  71              	.L1:
  51:Core/Src/usart.c ****   {
  52:Core/Src/usart.c ****     Error_Handler();
  53:Core/Src/usart.c ****   }
  54:Core/Src/usart.c ****   /* USER CODE BEGIN USART1_Init 2 */
  55:Core/Src/usart.c **** 
  56:Core/Src/usart.c ****   /* USER CODE END USART1_Init 2 */
  57:Core/Src/usart.c **** 
  58:Core/Src/usart.c **** }
  72              		.loc 1 58 1 view .LVU20
  73 0024 08BD     		pop	{r3, pc}
  74              	.L4:
  52:Core/Src/usart.c ****   }
  75              		.loc 1 52 5 is_stmt 1 view .LVU21
  76 0026 FFF7FEFF 		bl	Error_Handler
  77              	.LVL1:
  78              		.loc 1 58 1 is_stmt 0 view .LVU22
  79 002a FBE7     		b	.L1
  80              	.L6:
  81              		.align	2
  82              	.L5:
  83 002c 00000000 		.word	huart1
  84 0030 00380140 		.word	1073821696
  85              		.cfi_endproc
  86              	.LFE65:
  88              		.section	.text.HAL_UART_MspInit,"ax",%progbits
  89              		.align	1
  90              		.global	HAL_UART_MspInit
  91              		.syntax unified
  92              		.thumb
  93              		.thumb_func
  95              	HAL_UART_MspInit:
  96              	.LVL2:
  97              	.LFB66:
  59:Core/Src/usart.c **** 
  60:Core/Src/usart.c **** void HAL_UART_MspInit(UART_HandleTypeDef* uartHandle)
  61:Core/Src/usart.c **** {
  98              		.loc 1 61 1 is_stmt 1 view -0
  99              		.cfi_startproc
 100              		@ args = 0, pretend = 0, frame = 24
 101              		@ frame_needed = 0, uses_anonymous_args = 0
 102              		.loc 1 61 1 is_stmt 0 view .LVU24
 103 0000 30B5     		push	{r4, r5, lr}
 104              	.LCFI1:
 105              		.cfi_def_cfa_offset 12
 106              		.cfi_offset 4, -12
 107              		.cfi_offset 5, -8
 108              		.cfi_offset 14, -4
 109 0002 87B0     		sub	sp, sp, #28
 110              	.LCFI2:
 111              		.cfi_def_cfa_offset 40
  62:Core/Src/usart.c **** 
ARM GAS  C:\Users\Xuleo\AppData\Local\Temp\ccWFnvn7.s 			page 4


  63:Core/Src/usart.c ****   GPIO_InitTypeDef GPIO_InitStruct = {0};
 112              		.loc 1 63 3 is_stmt 1 view .LVU25
 113              		.loc 1 63 20 is_stmt 0 view .LVU26
 114 0004 0023     		movs	r3, #0
 115 0006 0293     		str	r3, [sp, #8]
 116 0008 0393     		str	r3, [sp, #12]
 117 000a 0493     		str	r3, [sp, #16]
 118 000c 0593     		str	r3, [sp, #20]
  64:Core/Src/usart.c ****   if(uartHandle->Instance==USART1)
 119              		.loc 1 64 3 is_stmt 1 view .LVU27
 120              		.loc 1 64 16 is_stmt 0 view .LVU28
 121 000e 0268     		ldr	r2, [r0]
 122              		.loc 1 64 5 view .LVU29
 123 0010 264B     		ldr	r3, .L13
 124 0012 9A42     		cmp	r2, r3
 125 0014 01D0     		beq	.L11
 126              	.LVL3:
 127              	.L7:
  65:Core/Src/usart.c ****   {
  66:Core/Src/usart.c ****   /* USER CODE BEGIN USART1_MspInit 0 */
  67:Core/Src/usart.c **** 
  68:Core/Src/usart.c ****   /* USER CODE END USART1_MspInit 0 */
  69:Core/Src/usart.c ****     /* USART1 clock enable */
  70:Core/Src/usart.c ****     __HAL_RCC_USART1_CLK_ENABLE();
  71:Core/Src/usart.c **** 
  72:Core/Src/usart.c ****     __HAL_RCC_GPIOA_CLK_ENABLE();
  73:Core/Src/usart.c ****     /**USART1 GPIO Configuration
  74:Core/Src/usart.c ****     PA9     ------> USART1_TX
  75:Core/Src/usart.c ****     PA10     ------> USART1_RX
  76:Core/Src/usart.c ****     */
  77:Core/Src/usart.c ****     GPIO_InitStruct.Pin = GPIO_PIN_9;
  78:Core/Src/usart.c ****     GPIO_InitStruct.Mode = GPIO_MODE_AF_PP;
  79:Core/Src/usart.c ****     GPIO_InitStruct.Speed = GPIO_SPEED_FREQ_HIGH;
  80:Core/Src/usart.c ****     HAL_GPIO_Init(GPIOA, &GPIO_InitStruct);
  81:Core/Src/usart.c **** 
  82:Core/Src/usart.c ****     GPIO_InitStruct.Pin = GPIO_PIN_10;
  83:Core/Src/usart.c ****     GPIO_InitStruct.Mode = GPIO_MODE_INPUT;
  84:Core/Src/usart.c ****     GPIO_InitStruct.Pull = GPIO_NOPULL;
  85:Core/Src/usart.c ****     HAL_GPIO_Init(GPIOA, &GPIO_InitStruct);
  86:Core/Src/usart.c **** 
  87:Core/Src/usart.c ****     /* USART1 DMA Init */
  88:Core/Src/usart.c ****     /* USART1_TX Init */
  89:Core/Src/usart.c ****     hdma_usart1_tx.Instance = DMA1_Channel4;
  90:Core/Src/usart.c ****     hdma_usart1_tx.Init.Direction = DMA_MEMORY_TO_PERIPH;
  91:Core/Src/usart.c ****     hdma_usart1_tx.Init.PeriphInc = DMA_PINC_DISABLE;
  92:Core/Src/usart.c ****     hdma_usart1_tx.Init.MemInc = DMA_MINC_ENABLE;
  93:Core/Src/usart.c ****     hdma_usart1_tx.Init.PeriphDataAlignment = DMA_PDATAALIGN_BYTE;
  94:Core/Src/usart.c ****     hdma_usart1_tx.Init.MemDataAlignment = DMA_MDATAALIGN_BYTE;
  95:Core/Src/usart.c ****     hdma_usart1_tx.Init.Mode = DMA_NORMAL;
  96:Core/Src/usart.c ****     hdma_usart1_tx.Init.Priority = DMA_PRIORITY_LOW;
  97:Core/Src/usart.c ****     if (HAL_DMA_Init(&hdma_usart1_tx) != HAL_OK)
  98:Core/Src/usart.c ****     {
  99:Core/Src/usart.c ****       Error_Handler();
 100:Core/Src/usart.c ****     }
 101:Core/Src/usart.c **** 
 102:Core/Src/usart.c ****     __HAL_LINKDMA(uartHandle,hdmatx,hdma_usart1_tx);
 103:Core/Src/usart.c **** 
ARM GAS  C:\Users\Xuleo\AppData\Local\Temp\ccWFnvn7.s 			page 5


 104:Core/Src/usart.c ****     /* USART1 interrupt Init */
 105:Core/Src/usart.c ****     HAL_NVIC_SetPriority(USART1_IRQn, 0, 0);
 106:Core/Src/usart.c ****     HAL_NVIC_EnableIRQ(USART1_IRQn);
 107:Core/Src/usart.c ****   /* USER CODE BEGIN USART1_MspInit 1 */
 108:Core/Src/usart.c **** 
 109:Core/Src/usart.c ****   /* USER CODE END USART1_MspInit 1 */
 110:Core/Src/usart.c ****   }
 111:Core/Src/usart.c **** }
 128              		.loc 1 111 1 view .LVU30
 129 0016 07B0     		add	sp, sp, #28
 130              	.LCFI3:
 131              		.cfi_remember_state
 132              		.cfi_def_cfa_offset 12
 133              		@ sp needed
 134 0018 30BD     		pop	{r4, r5, pc}
 135              	.LVL4:
 136              	.L11:
 137              	.LCFI4:
 138              		.cfi_restore_state
 139              		.loc 1 111 1 view .LVU31
 140 001a 0446     		mov	r4, r0
  70:Core/Src/usart.c **** 
 141              		.loc 1 70 5 is_stmt 1 view .LVU32
 142              	.LBB2:
  70:Core/Src/usart.c **** 
 143              		.loc 1 70 5 view .LVU33
  70:Core/Src/usart.c **** 
 144              		.loc 1 70 5 view .LVU34
 145 001c 03F55843 		add	r3, r3, #55296
 146 0020 9A69     		ldr	r2, [r3, #24]
 147 0022 42F48042 		orr	r2, r2, #16384
 148 0026 9A61     		str	r2, [r3, #24]
  70:Core/Src/usart.c **** 
 149              		.loc 1 70 5 view .LVU35
 150 0028 9A69     		ldr	r2, [r3, #24]
 151 002a 02F48042 		and	r2, r2, #16384
 152 002e 0092     		str	r2, [sp]
  70:Core/Src/usart.c **** 
 153              		.loc 1 70 5 view .LVU36
 154 0030 009A     		ldr	r2, [sp]
 155              	.LBE2:
  70:Core/Src/usart.c **** 
 156              		.loc 1 70 5 view .LVU37
  72:Core/Src/usart.c ****     /**USART1 GPIO Configuration
 157              		.loc 1 72 5 view .LVU38
 158              	.LBB3:
  72:Core/Src/usart.c ****     /**USART1 GPIO Configuration
 159              		.loc 1 72 5 view .LVU39
  72:Core/Src/usart.c ****     /**USART1 GPIO Configuration
 160              		.loc 1 72 5 view .LVU40
 161 0032 9A69     		ldr	r2, [r3, #24]
 162 0034 42F00402 		orr	r2, r2, #4
 163 0038 9A61     		str	r2, [r3, #24]
  72:Core/Src/usart.c ****     /**USART1 GPIO Configuration
 164              		.loc 1 72 5 view .LVU41
 165 003a 9B69     		ldr	r3, [r3, #24]
 166 003c 03F00403 		and	r3, r3, #4
ARM GAS  C:\Users\Xuleo\AppData\Local\Temp\ccWFnvn7.s 			page 6


 167 0040 0193     		str	r3, [sp, #4]
  72:Core/Src/usart.c ****     /**USART1 GPIO Configuration
 168              		.loc 1 72 5 view .LVU42
 169 0042 019B     		ldr	r3, [sp, #4]
 170              	.LBE3:
  72:Core/Src/usart.c ****     /**USART1 GPIO Configuration
 171              		.loc 1 72 5 view .LVU43
  77:Core/Src/usart.c ****     GPIO_InitStruct.Mode = GPIO_MODE_AF_PP;
 172              		.loc 1 77 5 view .LVU44
  77:Core/Src/usart.c ****     GPIO_InitStruct.Mode = GPIO_MODE_AF_PP;
 173              		.loc 1 77 25 is_stmt 0 view .LVU45
 174 0044 4FF40073 		mov	r3, #512
 175 0048 0293     		str	r3, [sp, #8]
  78:Core/Src/usart.c ****     GPIO_InitStruct.Speed = GPIO_SPEED_FREQ_HIGH;
 176              		.loc 1 78 5 is_stmt 1 view .LVU46
  78:Core/Src/usart.c ****     GPIO_InitStruct.Speed = GPIO_SPEED_FREQ_HIGH;
 177              		.loc 1 78 26 is_stmt 0 view .LVU47
 178 004a 0223     		movs	r3, #2
 179 004c 0393     		str	r3, [sp, #12]
  79:Core/Src/usart.c ****     HAL_GPIO_Init(GPIOA, &GPIO_InitStruct);
 180              		.loc 1 79 5 is_stmt 1 view .LVU48
  79:Core/Src/usart.c ****     HAL_GPIO_Init(GPIOA, &GPIO_InitStruct);
 181              		.loc 1 79 27 is_stmt 0 view .LVU49
 182 004e 0323     		movs	r3, #3
 183 0050 0593     		str	r3, [sp, #20]
  80:Core/Src/usart.c **** 
 184              		.loc 1 80 5 is_stmt 1 view .LVU50
 185 0052 02A9     		add	r1, sp, #8
 186 0054 1648     		ldr	r0, .L13+4
 187              	.LVL5:
  80:Core/Src/usart.c **** 
 188              		.loc 1 80 5 is_stmt 0 view .LVU51
 189 0056 FFF7FEFF 		bl	HAL_GPIO_Init
 190              	.LVL6:
  82:Core/Src/usart.c ****     GPIO_InitStruct.Mode = GPIO_MODE_INPUT;
 191              		.loc 1 82 5 is_stmt 1 view .LVU52
  82:Core/Src/usart.c ****     GPIO_InitStruct.Mode = GPIO_MODE_INPUT;
 192              		.loc 1 82 25 is_stmt 0 view .LVU53
 193 005a 4FF48063 		mov	r3, #1024
 194 005e 0293     		str	r3, [sp, #8]
  83:Core/Src/usart.c ****     GPIO_InitStruct.Pull = GPIO_NOPULL;
 195              		.loc 1 83 5 is_stmt 1 view .LVU54
  83:Core/Src/usart.c ****     GPIO_InitStruct.Pull = GPIO_NOPULL;
 196              		.loc 1 83 26 is_stmt 0 view .LVU55
 197 0060 0025     		movs	r5, #0
 198 0062 0395     		str	r5, [sp, #12]
  84:Core/Src/usart.c ****     HAL_GPIO_Init(GPIOA, &GPIO_InitStruct);
 199              		.loc 1 84 5 is_stmt 1 view .LVU56
  84:Core/Src/usart.c ****     HAL_GPIO_Init(GPIOA, &GPIO_InitStruct);
 200              		.loc 1 84 26 is_stmt 0 view .LVU57
 201 0064 0495     		str	r5, [sp, #16]
  85:Core/Src/usart.c **** 
 202              		.loc 1 85 5 is_stmt 1 view .LVU58
 203 0066 02A9     		add	r1, sp, #8
 204 0068 1148     		ldr	r0, .L13+4
 205 006a FFF7FEFF 		bl	HAL_GPIO_Init
 206              	.LVL7:
ARM GAS  C:\Users\Xuleo\AppData\Local\Temp\ccWFnvn7.s 			page 7


  89:Core/Src/usart.c ****     hdma_usart1_tx.Init.Direction = DMA_MEMORY_TO_PERIPH;
 207              		.loc 1 89 5 view .LVU59
  89:Core/Src/usart.c ****     hdma_usart1_tx.Init.Direction = DMA_MEMORY_TO_PERIPH;
 208              		.loc 1 89 29 is_stmt 0 view .LVU60
 209 006e 1148     		ldr	r0, .L13+8
 210 0070 114B     		ldr	r3, .L13+12
 211 0072 0360     		str	r3, [r0]
  90:Core/Src/usart.c ****     hdma_usart1_tx.Init.PeriphInc = DMA_PINC_DISABLE;
 212              		.loc 1 90 5 is_stmt 1 view .LVU61
  90:Core/Src/usart.c ****     hdma_usart1_tx.Init.PeriphInc = DMA_PINC_DISABLE;
 213              		.loc 1 90 35 is_stmt 0 view .LVU62
 214 0074 1023     		movs	r3, #16
 215 0076 4360     		str	r3, [r0, #4]
  91:Core/Src/usart.c ****     hdma_usart1_tx.Init.MemInc = DMA_MINC_ENABLE;
 216              		.loc 1 91 5 is_stmt 1 view .LVU63
  91:Core/Src/usart.c ****     hdma_usart1_tx.Init.MemInc = DMA_MINC_ENABLE;
 217              		.loc 1 91 35 is_stmt 0 view .LVU64
 218 0078 8560     		str	r5, [r0, #8]
  92:Core/Src/usart.c ****     hdma_usart1_tx.Init.PeriphDataAlignment = DMA_PDATAALIGN_BYTE;
 219              		.loc 1 92 5 is_stmt 1 view .LVU65
  92:Core/Src/usart.c ****     hdma_usart1_tx.Init.PeriphDataAlignment = DMA_PDATAALIGN_BYTE;
 220              		.loc 1 92 32 is_stmt 0 view .LVU66
 221 007a 8023     		movs	r3, #128
 222 007c C360     		str	r3, [r0, #12]
  93:Core/Src/usart.c ****     hdma_usart1_tx.Init.MemDataAlignment = DMA_MDATAALIGN_BYTE;
 223              		.loc 1 93 5 is_stmt 1 view .LVU67
  93:Core/Src/usart.c ****     hdma_usart1_tx.Init.MemDataAlignment = DMA_MDATAALIGN_BYTE;
 224              		.loc 1 93 45 is_stmt 0 view .LVU68
 225 007e 0561     		str	r5, [r0, #16]
  94:Core/Src/usart.c ****     hdma_usart1_tx.Init.Mode = DMA_NORMAL;
 226              		.loc 1 94 5 is_stmt 1 view .LVU69
  94:Core/Src/usart.c ****     hdma_usart1_tx.Init.Mode = DMA_NORMAL;
 227              		.loc 1 94 42 is_stmt 0 view .LVU70
 228 0080 4561     		str	r5, [r0, #20]
  95:Core/Src/usart.c ****     hdma_usart1_tx.Init.Priority = DMA_PRIORITY_LOW;
 229              		.loc 1 95 5 is_stmt 1 view .LVU71
  95:Core/Src/usart.c ****     hdma_usart1_tx.Init.Priority = DMA_PRIORITY_LOW;
 230              		.loc 1 95 30 is_stmt 0 view .LVU72
 231 0082 8561     		str	r5, [r0, #24]
  96:Core/Src/usart.c ****     if (HAL_DMA_Init(&hdma_usart1_tx) != HAL_OK)
 232              		.loc 1 96 5 is_stmt 1 view .LVU73
  96:Core/Src/usart.c ****     if (HAL_DMA_Init(&hdma_usart1_tx) != HAL_OK)
 233              		.loc 1 96 34 is_stmt 0 view .LVU74
 234 0084 C561     		str	r5, [r0, #28]
  97:Core/Src/usart.c ****     {
 235              		.loc 1 97 5 is_stmt 1 view .LVU75
  97:Core/Src/usart.c ****     {
 236              		.loc 1 97 9 is_stmt 0 view .LVU76
 237 0086 FFF7FEFF 		bl	HAL_DMA_Init
 238              	.LVL8:
  97:Core/Src/usart.c ****     {
 239              		.loc 1 97 8 discriminator 1 view .LVU77
 240 008a 58B9     		cbnz	r0, .L12
 241              	.L9:
 102:Core/Src/usart.c **** 
 242              		.loc 1 102 5 is_stmt 1 view .LVU78
 102:Core/Src/usart.c **** 
ARM GAS  C:\Users\Xuleo\AppData\Local\Temp\ccWFnvn7.s 			page 8


 243              		.loc 1 102 5 view .LVU79
 244 008c 094B     		ldr	r3, .L13+8
 245 008e A363     		str	r3, [r4, #56]
 102:Core/Src/usart.c **** 
 246              		.loc 1 102 5 view .LVU80
 247 0090 5C62     		str	r4, [r3, #36]
 102:Core/Src/usart.c **** 
 248              		.loc 1 102 5 view .LVU81
 105:Core/Src/usart.c ****     HAL_NVIC_EnableIRQ(USART1_IRQn);
 249              		.loc 1 105 5 view .LVU82
 250 0092 0022     		movs	r2, #0
 251 0094 1146     		mov	r1, r2
 252 0096 2520     		movs	r0, #37
 253 0098 FFF7FEFF 		bl	HAL_NVIC_SetPriority
 254              	.LVL9:
 106:Core/Src/usart.c ****   /* USER CODE BEGIN USART1_MspInit 1 */
 255              		.loc 1 106 5 view .LVU83
 256 009c 2520     		movs	r0, #37
 257 009e FFF7FEFF 		bl	HAL_NVIC_EnableIRQ
 258              	.LVL10:
 259              		.loc 1 111 1 is_stmt 0 view .LVU84
 260 00a2 B8E7     		b	.L7
 261              	.L12:
  99:Core/Src/usart.c ****     }
 262              		.loc 1 99 7 is_stmt 1 view .LVU85
 263 00a4 FFF7FEFF 		bl	Error_Handler
 264              	.LVL11:
 265 00a8 F0E7     		b	.L9
 266              	.L14:
 267 00aa 00BF     		.align	2
 268              	.L13:
 269 00ac 00380140 		.word	1073821696
 270 00b0 00080140 		.word	1073809408
 271 00b4 00000000 		.word	hdma_usart1_tx
 272 00b8 44000240 		.word	1073872964
 273              		.cfi_endproc
 274              	.LFE66:
 276              		.section	.text.HAL_UART_MspDeInit,"ax",%progbits
 277              		.align	1
 278              		.global	HAL_UART_MspDeInit
 279              		.syntax unified
 280              		.thumb
 281              		.thumb_func
 283              	HAL_UART_MspDeInit:
 284              	.LVL12:
 285              	.LFB67:
 112:Core/Src/usart.c **** 
 113:Core/Src/usart.c **** void HAL_UART_MspDeInit(UART_HandleTypeDef* uartHandle)
 114:Core/Src/usart.c **** {
 286              		.loc 1 114 1 view -0
 287              		.cfi_startproc
 288              		@ args = 0, pretend = 0, frame = 0
 289              		@ frame_needed = 0, uses_anonymous_args = 0
 115:Core/Src/usart.c **** 
 116:Core/Src/usart.c ****   if(uartHandle->Instance==USART1)
 290              		.loc 1 116 3 view .LVU87
 291              		.loc 1 116 16 is_stmt 0 view .LVU88
ARM GAS  C:\Users\Xuleo\AppData\Local\Temp\ccWFnvn7.s 			page 9


 292 0000 0268     		ldr	r2, [r0]
 293              		.loc 1 116 5 view .LVU89
 294 0002 0B4B     		ldr	r3, .L22
 295 0004 9A42     		cmp	r2, r3
 296 0006 00D0     		beq	.L21
 297 0008 7047     		bx	lr
 298              	.L21:
 114:Core/Src/usart.c **** 
 299              		.loc 1 114 1 view .LVU90
 300 000a 10B5     		push	{r4, lr}
 301              	.LCFI5:
 302              		.cfi_def_cfa_offset 8
 303              		.cfi_offset 4, -8
 304              		.cfi_offset 14, -4
 305 000c 0446     		mov	r4, r0
 117:Core/Src/usart.c ****   {
 118:Core/Src/usart.c ****   /* USER CODE BEGIN USART1_MspDeInit 0 */
 119:Core/Src/usart.c **** 
 120:Core/Src/usart.c ****   /* USER CODE END USART1_MspDeInit 0 */
 121:Core/Src/usart.c ****     /* Peripheral clock disable */
 122:Core/Src/usart.c ****     __HAL_RCC_USART1_CLK_DISABLE();
 306              		.loc 1 122 5 is_stmt 1 view .LVU91
 307 000e 094A     		ldr	r2, .L22+4
 308 0010 9369     		ldr	r3, [r2, #24]
 309 0012 23F48043 		bic	r3, r3, #16384
 310 0016 9361     		str	r3, [r2, #24]
 123:Core/Src/usart.c **** 
 124:Core/Src/usart.c ****     /**USART1 GPIO Configuration
 125:Core/Src/usart.c ****     PA9     ------> USART1_TX
 126:Core/Src/usart.c ****     PA10     ------> USART1_RX
 127:Core/Src/usart.c ****     */
 128:Core/Src/usart.c ****     HAL_GPIO_DeInit(GPIOA, GPIO_PIN_9|GPIO_PIN_10);
 311              		.loc 1 128 5 view .LVU92
 312 0018 4FF4C061 		mov	r1, #1536
 313 001c 0648     		ldr	r0, .L22+8
 314              	.LVL13:
 315              		.loc 1 128 5 is_stmt 0 view .LVU93
 316 001e FFF7FEFF 		bl	HAL_GPIO_DeInit
 317              	.LVL14:
 129:Core/Src/usart.c **** 
 130:Core/Src/usart.c ****     /* USART1 DMA DeInit */
 131:Core/Src/usart.c ****     HAL_DMA_DeInit(uartHandle->hdmatx);
 318              		.loc 1 131 5 is_stmt 1 view .LVU94
 319 0022 A06B     		ldr	r0, [r4, #56]
 320 0024 FFF7FEFF 		bl	HAL_DMA_DeInit
 321              	.LVL15:
 132:Core/Src/usart.c **** 
 133:Core/Src/usart.c ****     /* USART1 interrupt Deinit */
 134:Core/Src/usart.c ****     HAL_NVIC_DisableIRQ(USART1_IRQn);
 322              		.loc 1 134 5 view .LVU95
 323 0028 2520     		movs	r0, #37
 324 002a FFF7FEFF 		bl	HAL_NVIC_DisableIRQ
 325              	.LVL16:
 135:Core/Src/usart.c ****   /* USER CODE BEGIN USART1_MspDeInit 1 */
 136:Core/Src/usart.c **** 
 137:Core/Src/usart.c ****   /* USER CODE END USART1_MspDeInit 1 */
 138:Core/Src/usart.c ****   }
ARM GAS  C:\Users\Xuleo\AppData\Local\Temp\ccWFnvn7.s 			page 10


 139:Core/Src/usart.c **** }
 326              		.loc 1 139 1 is_stmt 0 view .LVU96
 327 002e 10BD     		pop	{r4, pc}
 328              	.LVL17:
 329              	.L23:
 330              		.loc 1 139 1 view .LVU97
 331              		.align	2
 332              	.L22:
 333 0030 00380140 		.word	1073821696
 334 0034 00100240 		.word	1073876992
 335 0038 00080140 		.word	1073809408
 336              		.cfi_endproc
 337              	.LFE67:
 339              		.global	hdma_usart1_tx
 340              		.section	.bss.hdma_usart1_tx,"aw",%nobits
 341              		.align	2
 344              	hdma_usart1_tx:
 345 0000 00000000 		.space	68
 345      00000000 
 345      00000000 
 345      00000000 
 345      00000000 
 346              		.global	huart1
 347              		.section	.bss.huart1,"aw",%nobits
 348              		.align	2
 351              	huart1:
 352 0000 00000000 		.space	72
 352      00000000 
 352      00000000 
 352      00000000 
 352      00000000 
 353              		.text
 354              	.Letext0:
 355              		.file 2 "Drivers/CMSIS/Device/ST/STM32F1xx/Include/stm32f103xb.h"
 356              		.file 3 "C:/thirdpartyLibs/arm-gnu-toolchain-15.2/arm-none-eabi/include/machine/_default_types.h"
 357              		.file 4 "C:/thirdpartyLibs/arm-gnu-toolchain-15.2/arm-none-eabi/include/sys/_stdint.h"
 358              		.file 5 "Drivers/STM32F1xx_HAL_Driver/Inc/stm32f1xx_hal_def.h"
 359              		.file 6 "Drivers/STM32F1xx_HAL_Driver/Inc/stm32f1xx_hal_gpio.h"
 360              		.file 7 "Drivers/STM32F1xx_HAL_Driver/Inc/stm32f1xx_hal_dma.h"
 361              		.file 8 "Drivers/STM32F1xx_HAL_Driver/Inc/stm32f1xx_hal_uart.h"
 362              		.file 9 "Core/Inc/usart.h"
 363              		.file 10 "Drivers/STM32F1xx_HAL_Driver/Inc/stm32f1xx_hal_cortex.h"
 364              		.file 11 "Core/Inc/main.h"
ARM GAS  C:\Users\Xuleo\AppData\Local\Temp\ccWFnvn7.s 			page 11


DEFINED SYMBOLS
                            *ABS*:00000000 usart.c
C:\Users\Xuleo\AppData\Local\Temp\ccWFnvn7.s:19     .text.MX_USART1_UART_Init:00000000 $t
C:\Users\Xuleo\AppData\Local\Temp\ccWFnvn7.s:25     .text.MX_USART1_UART_Init:00000000 MX_USART1_UART_Init
C:\Users\Xuleo\AppData\Local\Temp\ccWFnvn7.s:83     .text.MX_USART1_UART_Init:0000002c $d
C:\Users\Xuleo\AppData\Local\Temp\ccWFnvn7.s:351    .bss.huart1:00000000 huart1
C:\Users\Xuleo\AppData\Local\Temp\ccWFnvn7.s:89     .text.HAL_UART_MspInit:00000000 $t
C:\Users\Xuleo\AppData\Local\Temp\ccWFnvn7.s:95     .text.HAL_UART_MspInit:00000000 HAL_UART_MspInit
C:\Users\Xuleo\AppData\Local\Temp\ccWFnvn7.s:269    .text.HAL_UART_MspInit:000000ac $d
C:\Users\Xuleo\AppData\Local\Temp\ccWFnvn7.s:344    .bss.hdma_usart1_tx:00000000 hdma_usart1_tx
C:\Users\Xuleo\AppData\Local\Temp\ccWFnvn7.s:277    .text.HAL_UART_MspDeInit:00000000 $t
C:\Users\Xuleo\AppData\Local\Temp\ccWFnvn7.s:283    .text.HAL_UART_MspDeInit:00000000 HAL_UART_MspDeInit
C:\Users\Xuleo\AppData\Local\Temp\ccWFnvn7.s:333    .text.HAL_UART_MspDeInit:00000030 $d
C:\Users\Xuleo\AppData\Local\Temp\ccWFnvn7.s:341    .bss.hdma_usart1_tx:00000000 $d
C:\Users\Xuleo\AppData\Local\Temp\ccWFnvn7.s:348    .bss.huart1:00000000 $d

UNDEFINED SYMBOLS
HAL_UART_Init
Error_Handler
HAL_GPIO_Init
HAL_DMA_Init
HAL_NVIC_SetPriority
HAL_NVIC_EnableIRQ
HAL_GPIO_DeInit
HAL_DMA_DeInit
HAL_NVIC_DisableIRQ
